Archive member included to satisfy reference by file (symbol)

C:/ST/STM32CubeIDE_1.14.0/STM32CubeIDE/plugins/com.st.stm32cube.ide.mcu.externaltools.gnu-tools-for-stm32.11.3.rel1.win32_1.1.100.202309141235/tools/bin/../lib/gcc/arm-none-eabi/11.3.1/../../../../arm-none-eabi/lib/thumb/v6-m/nofp\libc_nano.a(libc_a-exit.o)
                              C:/ST/STM32CubeIDE_1.14.0/STM32CubeIDE/plugins/com.st.stm32cube.ide.mcu.externaltools.gnu-tools-for-stm32.11.3.rel1.win32_1.1.100.202309141235/tools/bin/../lib/gcc/arm-none-eabi/11.3.1/../../../../arm-none-eabi/lib/thumb/v6-m/nofp/crt0.o (exit)
C:/ST/STM32CubeIDE_1.14.0/STM32CubeIDE/plugins/com.st.stm32cube.ide.mcu.externaltools.gnu-tools-for-stm32.11.3.rel1.win32_1.1.100.202309141235/tools/bin/../lib/gcc/arm-none-eabi/11.3.1/../../../../arm-none-eabi/lib/thumb/v6-m/nofp\libc_nano.a(libc_a-findfp.o)
                              C:/ST/STM32CubeIDE_1.14.0/STM32CubeIDE/plugins/com.st.stm32cube.ide.mcu.externaltools.gnu-tools-for-stm32.11.3.rel1.win32_1.1.100.202309141235/tools/bin/../lib/gcc/arm-none-eabi/11.3.1/../../../../arm-none-eabi/lib/thumb/v6-m/nofp\libc_nano.a(libc_a-exit.o) (__stdio_exit_handler)
C:/ST/STM32CubeIDE_1.14.0/STM32CubeIDE/plugins/com.st.stm32cube.ide.mcu.externaltools.gnu-tools-for-stm32.11.3.rel1.win32_1.1.100.202309141235/tools/bin/../lib/gcc/arm-none-eabi/11.3.1/../../../../arm-none-eabi/lib/thumb/v6-m/nofp\libc_nano.a(libc_a-fwalk.o)
                              C:/ST/STM32CubeIDE_1.14.0/STM32CubeIDE/plugins/com.st.stm32cube.ide.mcu.externaltools.gnu-tools-for-stm32.11.3.rel1.win32_1.1.100.202309141235/tools/bin/../lib/gcc/arm-none-eabi/11.3.1/../../../../arm-none-eabi/lib/thumb/v6-m/nofp\libc_nano.a(libc_a-findfp.o) (_fwalk_sglue)
C:/ST/STM32CubeIDE_1.14.0/STM32CubeIDE/plugins/com.st.stm32cube.ide.mcu.externaltools.gnu-tools-for-stm32.11.3.rel1.win32_1.1.100.202309141235/tools/bin/../lib/gcc/arm-none-eabi/11.3.1/../../../../arm-none-eabi/lib/thumb/v6-m/nofp\libc_nano.a(libc_a-stdio.o)
                              C:/ST/STM32CubeIDE_1.14.0/STM32CubeIDE/plugins/com.st.stm32cube.ide.mcu.externaltools.gnu-tools-for-stm32.11.3.rel1.win32_1.1.100.202309141235/tools/bin/../lib/gcc/arm-none-eabi/11.3.1/../../../../arm-none-eabi/lib/thumb/v6-m/nofp\libc_nano.a(libc_a-findfp.o) (__sread)
C:/ST/STM32CubeIDE_1.14.0/STM32CubeIDE/plugins/com.st.stm32cube.ide.mcu.externaltools.gnu-tools-for-stm32.11.3.rel1.win32_1.1.100.202309141235/tools/bin/../lib/gcc/arm-none-eabi/11.3.1/../../../../arm-none-eabi/lib/thumb/v6-m/nofp\libc_nano.a(libc_a-memset.o)
                              C:/ST/STM32CubeIDE_1.14.0/STM32CubeIDE/plugins/com.st.stm32cube.ide.mcu.externaltools.gnu-tools-for-stm32.11.3.rel1.win32_1.1.100.202309141235/tools/bin/../lib/gcc/arm-none-eabi/11.3.1/../../../../arm-none-eabi/lib/thumb/v6-m/nofp/crt0.o (memset)
C:/ST/STM32CubeIDE_1.14.0/STM32CubeIDE/plugins/com.st.stm32cube.ide.mcu.externaltools.gnu-tools-for-stm32.11.3.rel1.win32_1.1.100.202309141235/tools/bin/../lib/gcc/arm-none-eabi/11.3.1/../../../../arm-none-eabi/lib/thumb/v6-m/nofp\libc_nano.a(libc_a-closer.o)
                              C:/ST/STM32CubeIDE_1.14.0/STM32CubeIDE/plugins/com.st.stm32cube.ide.mcu.externaltools.gnu-tools-for-stm32.11.3.rel1.win32_1.1.100.202309141235/tools/bin/../lib/gcc/arm-none-eabi/11.3.1/../../../../arm-none-eabi/lib/thumb/v6-m/nofp\libc_nano.a(libc_a-stdio.o) (_close_r)
C:/ST/STM32CubeIDE_1.14.0/STM32CubeIDE/plugins/com.st.stm32cube.ide.mcu.externaltools.gnu-tools-for-stm32.11.3.rel1.win32_1.1.100.202309141235/tools/bin/../lib/gcc/arm-none-eabi/11.3.1/../../../../arm-none-eabi/lib/thumb/v6-m/nofp\libc_nano.a(libc_a-reent.o)
                              C:/ST/STM32CubeIDE_1.14.0/STM32CubeIDE/plugins/com.st.stm32cube.ide.mcu.externaltools.gnu-tools-for-stm32.11.3.rel1.win32_1.1.100.202309141235/tools/bin/../lib/gcc/arm-none-eabi/11.3.1/../../../../arm-none-eabi/lib/thumb/v6-m/nofp\libc_nano.a(libc_a-closer.o) (errno)
C:/ST/STM32CubeIDE_1.14.0/STM32CubeIDE/plugins/com.st.stm32cube.ide.mcu.externaltools.gnu-tools-for-stm32.11.3.rel1.win32_1.1.100.202309141235/tools/bin/../lib/gcc/arm-none-eabi/11.3.1/../../../../arm-none-eabi/lib/thumb/v6-m/nofp\libc_nano.a(libc_a-impure.o)
                              C:/ST/STM32CubeIDE_1.14.0/STM32CubeIDE/plugins/com.st.stm32cube.ide.mcu.externaltools.gnu-tools-for-stm32.11.3.rel1.win32_1.1.100.202309141235/tools/bin/../lib/gcc/arm-none-eabi/11.3.1/../../../../arm-none-eabi/lib/thumb/v6-m/nofp\libc_nano.a(libc_a-reent.o) (_impure_ptr)
C:/ST/STM32CubeIDE_1.14.0/STM32CubeIDE/plugins/com.st.stm32cube.ide.mcu.externaltools.gnu-tools-for-stm32.11.3.rel1.win32_1.1.100.202309141235/tools/bin/../lib/gcc/arm-none-eabi/11.3.1/../../../../arm-none-eabi/lib/thumb/v6-m/nofp\libc_nano.a(libc_a-lseekr.o)
[...]
Memory Configuration

Name             Origin             Length             Attributes
RAM              0x0000000020000000 0x0000000000002000 xrw
FLASH            0x0000000008000000 0x0000000000010000 xr
*default*        0x0000000000000000 0xffffffffffffffff

Linker script and memory map

LOAD C:/ST/STM32CubeIDE_1.14.0/STM32CubeIDE/plugins/com.st.stm32cube.ide.mcu.externaltools.gnu-tools-for-stm32.11.3.rel1.win32_1.1.100.202309141235/tools/bin/../lib/gcc/arm-none-eabi/11.3.1/thumb/v6-m/nofp/crti.o
LOAD C:/ST/STM32CubeIDE_1.14.0/STM32CubeIDE/plugins/com.st.stm32cube.ide.mcu.externaltools.gnu-tools-for-stm32.11.3.rel1.win32_1.1.100.202309141235/tools/bin/../lib/gcc/arm-none-eabi/11.3.1/thumb/v6-m/nofp/crtbegin.o
LOAD C:/ST/STM32CubeIDE_1.14.0/STM32CubeIDE/plugins/com.st.stm32cube.ide.mcu.externaltools.gnu-tools-for-stm32.11.3.rel1.win32_1.1.100.202309141235/tools/bin/../lib/gcc/arm-none-eabi/11.3.1/../../../../arm-none-eabi/lib/thumb/v6-m/nofp/crt0.o
LOAD ./Core/Src/main.o
LOAD ./Core/Src/stm32l0xx_hal_msp.o
LOAD ./Core/Src/stm32l0xx_it.o
LOAD ./Core/Src/syscalls.o
LOAD ./Core/Src/sysmem.o
LOAD ./Core/Src/system_stm32l0xx.o
LOAD ./Core/Startup/startup_stm32l052k8ux.o
LOAD ./Drivers/STM32L0xx_HAL_Driver/Src/stm32l0xx_hal.o
LOAD ./Drivers/STM32L0xx_HAL_Driver/Src/stm32l0xx_hal_cortex.o
LOAD ./Drivers/STM32L0xx_HAL_Driver/Src/stm32l0xx_hal_dma.o
LOAD ./Drivers/STM32L0xx_HAL_Driver/Src/stm32l0xx_hal_exti.o
LOAD ./Drivers/STM32L0xx_HAL_Driver/Src/stm32l0xx_hal_flash.o
LOAD ./Drivers/STM32L0xx_HAL_Driver/Src/stm32l0xx_hal_flash_ex.o
LOAD ./Drivers/STM32L0xx_HAL_Driver/Src/stm32l0xx_hal_flash_ramfunc.o
LOAD ./Drivers/STM32L0xx_HAL_Driver/Src/stm32l0xx_hal_gpio.o
LOAD ./Drivers/STM32L0xx_HAL_Driver/Src/stm32l0xx_hal_i2c.o
LOAD ./Drivers/STM32L0xx_HAL_Driver/Src/stm32l0xx_hal_i2c_ex.o
LOAD ./Drivers/STM32L0xx_HAL_Driver/Src/stm32l0xx_hal_pcd.o
LOAD ./Drivers/STM32L0xx_HAL_Driver/Src/stm32l0xx_hal_pcd_ex.o
LOAD ./Drivers/STM32L0xx_HAL_Driver/Src/stm32l0xx_hal_pwr.o
LOAD ./Drivers/STM32L0xx_HAL_Driver/Src/stm32l0xx_hal_pwr_ex.o
LOAD ./Drivers/STM32L0xx_HAL_Driver/Src/stm32l0xx_hal_rcc.o
LOAD ./Drivers/STM32L0xx_HAL_Driver/Src/stm32l0xx_hal_rcc_ex.o
LOAD ./Drivers/STM32L0xx_HAL_Driver/Src/stm32l0xx_hal_tim.o
LOAD ./Drivers/STM32L0xx_HAL_Driver/Src/stm32l0xx_hal_tim_ex.o
LOAD ./Drivers/STM32L0xx_HAL_Driver/Src/stm32l0xx_ll_usb.o
LOAD ./Middlewares/ST/STM32_USB_Device_Library/Class/HID/Src/usbd_hid.o
LOAD ./Middlewares/ST/STM32_USB_Device_Library/Core/Src/usbd_core.o
LOAD ./Middlewares/ST/STM32_USB_Device_Library/Core/Src/usbd_ctlreq.o
LOAD ./Middlewares/ST/STM32_USB_Device_Library/Core/Src/usbd_ioreq.o
LOAD ./USB_DEVICE/App/usb_device.o
LOAD ./USB_DEVICE/App/usbd_desc.o
LOAD ./USB_DEVICE/Target/usbd_conf.o
START GROUP
LOAD C:/ST/STM32CubeIDE_1.14.0/STM32CubeIDE/plugins/com.st.stm32cube.ide.mcu.externaltools.gnu-tools-for-stm32.11.3.rel1.win32_1.1.100.202309141235/tools/bin/../lib/gcc/arm-none-eabi/11.3.1/../../../../arm-none-eabi/lib/thumb/v6-m/nofp\libc_nano.a
LOAD C:/ST/STM32CubeIDE_1.14.0/STM32CubeIDE/plugins/com.st.stm32cube.ide.mcu.externaltools.gnu-tools-for-stm32.11.3.rel1.win32_1.1.100.202309141235/tools/bin/../lib/gcc/arm-none-eabi/11.3.1/../../../../arm-none-eabi/lib/thumb/v6-m/nofp\libm.a
END GROUP
START GROUP
LOAD C:/ST/STM32CubeIDE_1.14.0/STM32CubeIDE/plugins/com.st.stm32cube.ide.mcu.externaltools.gnu-tools-for-stm32.11.3.rel1.win32_1.1.100.202309141235/tools/bin/../lib/gcc/arm-none-eabi/11.3.1/thumb/v6-m/nofp\libgcc.a
LOAD C:/ST/STM32CubeIDE_1.14.0/STM32CubeIDE/plugins/com.st.stm32cube.ide.mcu.externaltools.gnu-tools-for-stm32.11.3.rel1.win32_1.1.100.202309141235/tools/bin/../lib/gcc/arm-none-eabi/11.3.1/../../../../arm-none-eabi/lib/thumb/v6-m/nofp\libc_nano.a
END GROUP
START GROUP
LOAD C:/ST/STM32CubeIDE_1.14.0/STM32CubeIDE/plugins/com.st.stm32cube.ide.mcu.externaltools.gnu-tools-for-stm32.11.3.rel1.win32_1.1.100.202309141235/tools/bin/../lib/gcc/arm-none-eabi/11.3.1/thumb/v6-m/nofp\libgcc.a
LOAD C:/ST/STM32CubeIDE_1.14.0/STM32CubeIDE/plugins/com.st.stm32cube.ide.mcu.externaltools.gnu-tools-for-stm32.11.3.rel1.win32_1.1.100.202309141235/tools/bin/../lib/gcc/arm-none-eabi/11.3.1/../../../../arm-none-eabi/lib/thumb/v6-m/nofp\libc_nano.a
LOAD C:/ST/STM32CubeIDE_1.14.0/STM32CubeIDE/plugins/com.st.stm32cube.ide.mcu.externaltools.gnu-tools-for-stm32.11.3.rel1.win32_1.1.100.202309141235/tools/bin/../lib/gcc/arm-none-eabi/11.3.1/../../../../arm-none-eabi/lib/thumb/v6-m/nofp\libnosys.a
END GROUP
START GROUP
LOAD C:/ST/STM32CubeIDE_1.14.0/STM32CubeIDE/plugins/com.st.stm32cube.ide.mcu.externaltools.gnu-tools-for-stm32.11.3.rel1.win32_1.1.100.202309141235/tools/bin/../lib/gcc/arm-none-eabi/11.3.1/thumb/v6-m/nofp\libgcc.a
LOAD C:/ST/STM32CubeIDE_1.14.0/STM32CubeIDE/plugins/com.st.stm32cube.ide.mcu.externaltools.gnu-tools-for-stm32.11.3.rel1.win32_1.1.100.202309141235/tools/bin/../lib/gcc/arm-none-eabi/11.3.1/../../../../arm-none-eabi/lib/thumb/v6-m/nofp\libc_nano.a
LOAD C:/ST/STM32CubeIDE_1.14.0/STM32CubeIDE/plugins/com.st.stm32cube.ide.mcu.externaltools.gnu-tools-for-stm32.11.3.rel1.win32_1.1.100.202309141235/tools/bin/../lib/gcc/arm-none-eabi/11.3.1/../../../../arm-none-eabi/lib/thumb/v6-m/nofp\libnosys.a
END GROUP
LOAD C:/ST/STM32CubeIDE_1.14.0/STM32CubeIDE/plugins/com.st.stm32cube.ide.mcu.externaltools.gnu-tools-for-stm32.11.3.rel1.win32_1.1.100.202309141235/tools/bin/../lib/gcc/arm-none-eabi/11.3.1/thumb/v6-m/nofp/crtend.o
LOAD C:/ST/STM32CubeIDE_1.14.0/STM32CubeIDE/plugins/com.st.stm32cube.ide.mcu.externaltools.gnu-tools-for-stm32.11.3.rel1.win32_1.1.100.202309141235/tools/bin/../lib/gcc/arm-none-eabi/11.3.1/thumb/v6-m/nofp/crtn.o
                0x0000000020002000                _estack = (ORIGIN (RAM) + LENGTH (RAM))
                0x0000000000000200                _Min_Heap_Size = 0x200
                0x0000000000000400                _Min_Stack_Size = 0x400

.isr_vector     0x0000000008000000       0xc0
                0x0000000008000000                . = ALIGN (0x4)
 *(.isr_vector)
 .isr_vector    0x0000000008000000       0xc0 ./Core/Startup/startup_stm32l052k8ux.o
                0x0000000008000000                g_pfnVectors
                0x00000000080000c0                . = ALIGN (0x4)

.text           0x00000000080000c0     0x7b9c
                0x00000000080000c0                . = ALIGN (0x4)
 *(.text)
 .text          0x00000000080000c0       0x48 C:/ST/STM32CubeIDE_1.14.0/STM32CubeIDE/plugins/com.st.stm32cube.ide.mcu.externaltools.gnu-tools-for-stm32.11.3.rel1.win32_1.1.100.202309141235/tools/bin/../lib/gcc/arm-none-eabi/11.3.1/thumb/v6-m/nofp/crtbegin.o
 .text          0x0000000008000108      0x114 C:/ST/STM32CubeIDE_1.14.0/STM32CubeIDE/plugins/com.st.stm32cube.ide.mcu.externaltools.gnu-tools-for-stm32.11.3.rel1.win32_1.1.100.202309141235/tools/bin/../lib/gcc/arm-none-eabi/11.3.1/thumb/v6-m/nofp\libgcc.a(_udivsi3.o)
                0x0000000008000108                __aeabi_uidiv
                0x0000000008000108                __udivsi3
                0x0000000008000214                __aeabi_uidivmod
 .text          0x000000000800021c        0x4 C:/ST/STM32CubeIDE_1.14.0/STM32CubeIDE/plugins/com.st.stm32cube.ide.mcu.externaltools.gnu-tools-for-stm32.11.3.rel1.win32_1.1.100.202309141235/tools/bin/../lib/gcc/arm-none-eabi/11.3.1/thumb/v6-m/nofp\libgcc.a(_dvmd_tls.o)
                0x000000000800021c                __aeabi_idiv0
                0x000000000800021c                __aeabi_ldiv0
 .text          0x0000000008000220       0x40 C:/ST/STM32CubeIDE_1.14.0/STM32CubeIDE/plugins/com.st.stm32cube.ide.mcu.externaltools.gnu-tools-for-stm32.11.3.rel1.win32_1.1.100.202309141235/tools/bin/../lib/gcc/arm-none-eabi/11.3.1/thumb/v6-m/nofp\libgcc.a(_aeabi_uldivmod.o)
                0x0000000008000220                __aeabi_uldivmod
 .text          0x0000000008000260       0x5c C:/ST/STM32CubeIDE_1.14.0/STM32CubeIDE/plugins/com.st.stm32cube.ide.mcu.externaltools.gnu-tools-for-stm32.11.3.rel1.win32_1.1.100.202309141235/tools/bin/../lib/gcc/arm-none-eabi/11.3.1/thumb/v6-m/nofp\libgcc.a(_muldi3.o)
                0x0000000008000260                __muldi3
                0x0000000008000260                __aeabi_lmul
 .text          0x00000000080002bc      0x198 C:/ST/STM32CubeIDE_1.14.0/STM32CubeIDE/plugins/com.st.stm32cube.ide.mcu.externaltools.gnu-tools-for-stm32.11.3.rel1.win32_1.1.100.202309141235/tools/bin/../lib/gcc/arm-none-eabi/11.3.1/thumb/v6-m/nofp\libgcc.a(_udivmoddi4.o)
                0x00000000080002bc                __udivmoddi4
 .text          0x0000000008000454       0x18 C:/ST/STM32CubeIDE_1.14.0/STM32CubeIDE/plugins/com.st.stm32cube.ide.mcu.externaltools.gnu-tools-for-stm32.11.3.rel1.win32_1.1.100.202309141235/tools/bin/../lib/gcc/arm-none-eabi/11.3.1/thumb/v6-m/nofp\libgcc.a(_clzdi2.o)
                0x0000000008000454                __clzdi2
 .text          0x000000000800046c       0x3c C:/ST/STM32CubeIDE_1.14.0/STM32CubeIDE/plugins/com.st.stm32cube.ide.mcu.externaltools.gnu-tools-for-stm32.11.3.rel1.win32_1.1.100.202309141235/tools/bin/../lib/gcc/arm-none-eabi/11.3.1/thumb/v6-m/nofp\libgcc.a(_clzsi2.o)
                0x000000000800046c                __clzsi2
 *(.text*)
 .text.readLine
                0x00000000080004a8       0xd8 ./Core/Src/main.o
                0x00000000080004a8                readLine
 .text.send_keys
                0x0000000008000580       0x64 ./Core/Src/main.o
                0x0000000008000580                send_keys
 .text.main     0x00000000080005e4       0x8c ./Core/Src/main.o
                0x00000000080005e4                main
 .text.SystemClock_Config
                0x0000000008000670       0xec ./Core/Src/main.o
                0x0000000008000670                SystemClock_Config
 .text.MX_GPIO_Init
                0x000000000800075c      0x104 ./Core/Src/main.o
 .text.Error_Handler
                0x0000000008000860        0xa ./Core/Src/main.o
                0x0000000008000860                Error_Handler
 *fill*         0x000000000800086a        0x2 
 .text.HAL_MspInit
                0x000000000800086c       0x28 ./Core/Src/stm32l0xx_hal_msp.o
                0x000000000800086c                HAL_MspInit
 .text.NMI_Handler
                0x0000000008000894        0x6 ./Core/Src/stm32l0xx_it.o
                0x0000000008000894                NMI_Handler
 .text.HardFault_Handler
                0x000000000800089a        0x6 ./Core/Src/stm32l0xx_it.o
                0x000000000800089a                HardFault_Handler
 .text.SVC_Handler
                0x00000000080008a0        0xa ./Core/Src/stm32l0xx_it.o
                0x00000000080008a0                SVC_Handler
 .text.PendSV_Handler
                0x00000000080008aa        0xa ./Core/Src/stm32l0xx_it.o
                0x00000000080008aa                PendSV_Handler
 .text.SysTick_Handler
                0x00000000080008b4        0xe ./Core/Src/stm32l0xx_it.o
                0x00000000080008b4                SysTick_Handler
 *fill*         0x00000000080008c2        0x2 
 .text.USB_IRQHandler
                0x00000000080008c4       0x18 ./Core/Src/stm32l0xx_it.o
                0x00000000080008c4                USB_IRQHandler
 .text.SystemInit
                0x00000000080008dc        0xa ./Core/Src/system_stm32l0xx.o
                0x00000000080008dc                SystemInit
 *fill*         0x00000000080008e6        0x2 
 .text.Reset_Handler
                0x00000000080008e8       0x50 ./Core/Startup/startup_stm32l052k8ux.o
                0x00000000080008e8                Reset_Handler
 .text.Default_Handler
                0x0000000008000938        0x2 ./Core/Startup/startup_stm32l052k8ux.o
                0x0000000008000938                TSC_IRQHandler
                0x0000000008000938                ADC1_COMP_IRQHandler
                0x0000000008000938                PVD_IRQHandler
                0x0000000008000938                I2C1_IRQHandler
                0x0000000008000938                RCC_CRS_IRQHandler
                0x0000000008000938                SPI1_IRQHandler
                0x0000000008000938                TIM6_DAC_IRQHandler
                0x0000000008000938                EXTI2_3_IRQHandler
                0x0000000008000938                I2C2_IRQHandler
                0x0000000008000938                RTC_IRQHandler
                0x0000000008000938                DMA1_Channel4_5_6_7_IRQHandler
                0x0000000008000938                EXTI4_15_IRQHandler
                0x0000000008000938                DMA1_Channel1_IRQHandler
                0x0000000008000938                Default_Handler
                0x0000000008000938                TIM22_IRQHandler
                0x0000000008000938                EXTI0_1_IRQHandler
                0x0000000008000938                SPI2_IRQHandler
                0x0000000008000938                TIM21_IRQHandler
                0x0000000008000938                WWDG_IRQHandler
                0x0000000008000938                TIM2_IRQHandler
                0x0000000008000938                DMA1_Channel2_3_IRQHandler
                0x0000000008000938                USART2_IRQHandler
                0x0000000008000938                FLASH_IRQHandler
                0x0000000008000938                USART1_IRQHandler
                0x0000000008000938                RNG_LPUART1_IRQHandler
                0x0000000008000938                LPTIM1_IRQHandler
 *fill*         0x000000000800093a        0x2 
 .text.HAL_Init
                0x000000000800093c       0x40 ./Drivers/STM32L0xx_HAL_Driver/Src/stm32l0xx_hal.o
                0x000000000800093c                HAL_Init
 .text.HAL_InitTick
                0x000000000800097c       0x68 ./Drivers/STM32L0xx_HAL_Driver/Src/stm32l0xx_hal.o
                0x000000000800097c                HAL_InitTick
 .text.HAL_IncTick
                0x00000000080009e4       0x24 ./Drivers/STM32L0xx_HAL_Driver/Src/stm32l0xx_hal.o
                0x00000000080009e4                HAL_IncTick
 .text.HAL_GetTick
                0x0000000008000a08       0x14 ./Drivers/STM32L0xx_HAL_Driver/Src/stm32l0xx_hal.o
                0x0000000008000a08                HAL_GetTick
 .text.HAL_Delay
                0x0000000008000a1c       0x48 ./Drivers/STM32L0xx_HAL_Driver/Src/stm32l0xx_hal.o
                0x0000000008000a1c                HAL_Delay
 .text.__NVIC_EnableIRQ
                0x0000000008000a64       0x34 ./Drivers/STM32L0xx_HAL_Driver/Src/stm32l0xx_hal_cortex.o
 .text.__NVIC_SetPriority
                0x0000000008000a98       0xdc ./Drivers/STM32L0xx_HAL_Driver/Src/stm32l0xx_hal_cortex.o
 .text.SysTick_Config
                0x0000000008000b74       0x48 ./Drivers/STM32L0xx_HAL_Driver/Src/stm32l0xx_hal_cortex.o
 .text.HAL_NVIC_SetPriority
                0x0000000008000bbc       0x2a ./Drivers/STM32L0xx_HAL_Driver/Src/stm32l0xx_hal_cortex.o
                0x0000000008000bbc                HAL_NVIC_SetPriority
 .text.HAL_NVIC_EnableIRQ
                0x0000000008000be6       0x20 ./Drivers/STM32L0xx_HAL_Driver/Src/stm32l0xx_hal_cortex.o
                0x0000000008000be6                HAL_NVIC_EnableIRQ
 .text.HAL_SYSTICK_Config
                0x0000000008000c06       0x1a ./Drivers/STM32L0xx_HAL_Driver/Src/stm32l0xx_hal_cortex.o
                0x0000000008000c06                HAL_SYSTICK_Config
 .text.HAL_GPIO_Init
                0x0000000008000c20      0x2ec ./Drivers/STM32L0xx_HAL_Driver/Src/stm32l0xx_hal_gpio.o
                0x0000000008000c20                HAL_GPIO_Init
 .text.HAL_GPIO_ReadPin
                0x0000000008000f0c       0x3a ./Drivers/STM32L0xx_HAL_Driver/Src/stm32l0xx_hal_gpio.o
                0x0000000008000f0c                HAL_GPIO_ReadPin
 .text.HAL_GPIO_WritePin
                0x0000000008000f46       0x3a ./Drivers/STM32L0xx_HAL_Driver/Src/stm32l0xx_hal_gpio.o
                0x0000000008000f46                HAL_GPIO_WritePin
 .text.HAL_PCD_Init
                0x0000000008000f80      0x200 ./Drivers/STM32L0xx_HAL_Driver/Src/stm32l0xx_hal_pcd.o
                0x0000000008000f80                HAL_PCD_Init
 .text.HAL_PCD_Start
                0x0000000008001180       0x4a ./Drivers/STM32L0xx_HAL_Driver/Src/stm32l0xx_hal_pcd.o
                0x0000000008001180                HAL_PCD_Start
 *fill*         0x00000000080011ca        0x2 
 .text.HAL_PCD_IRQHandler
                0x00000000080011cc      0x288 ./Drivers/STM32L0xx_HAL_Driver/Src/stm32l0xx_hal_pcd.o
                0x00000000080011cc                HAL_PCD_IRQHandler
 .text.HAL_PCD_SetAddress
                0x0000000008001454       0x56 ./Drivers/STM32L0xx_HAL_Driver/Src/stm32l0xx_hal_pcd.o
                0x0000000008001454                HAL_PCD_SetAddress
 .text.HAL_PCD_EP_Open
                0x00000000080014aa       0xde ./Drivers/STM32L0xx_HAL_Driver/Src/stm32l0xx_hal_pcd.o
                0x00000000080014aa                HAL_PCD_EP_Open
 .text.HAL_PCD_EP_Close
                0x0000000008001588       0xa2 ./Drivers/STM32L0xx_HAL_Driver/Src/stm32l0xx_hal_pcd.o
                0x0000000008001588                HAL_PCD_EP_Close
 .text.HAL_PCD_EP_Receive
                0x000000000800162a       0x6e ./Drivers/STM32L0xx_HAL_Driver/Src/stm32l0xx_hal_pcd.o
                0x000000000800162a                HAL_PCD_EP_Receive
 .text.HAL_PCD_EP_Transmit
                0x0000000008001698       0x78 ./Drivers/STM32L0xx_HAL_Driver/Src/stm32l0xx_hal_pcd.o
                0x0000000008001698                HAL_PCD_EP_Transmit
 .text.HAL_PCD_EP_SetStall
                0x0000000008001710       0xb8 ./Drivers/STM32L0xx_HAL_Driver/Src/stm32l0xx_hal_pcd.o
                0x0000000008001710                HAL_PCD_EP_SetStall
 .text.HAL_PCD_EP_ClrStall
                0x00000000080017c8       0xbc ./Drivers/STM32L0xx_HAL_Driver/Src/stm32l0xx_hal_pcd.o
                0x00000000080017c8                HAL_PCD_EP_ClrStall
 .text.PCD_EP_ISR_Handler
                0x0000000008001884      0x80c ./Drivers/STM32L0xx_HAL_Driver/Src/stm32l0xx_hal_pcd.o
 .text.HAL_PCD_EP_DB_Receive
                0x0000000008002090      0x238 ./Drivers/STM32L0xx_HAL_Driver/Src/stm32l0xx_hal_pcd.o
 .text.HAL_PCD_EP_DB_Transmit
                0x00000000080022c8      0x820 ./Drivers/STM32L0xx_HAL_Driver/Src/stm32l0xx_hal_pcd.o
 .text.HAL_PCDEx_PMAConfig
                0x0000000008002ae8       0x9c ./Drivers/STM32L0xx_HAL_Driver/Src/stm32l0xx_hal_pcd_ex.o
                0x0000000008002ae8                HAL_PCDEx_PMAConfig
 .text.HAL_PCDEx_ActivateLPM
                0x0000000008002b84       0x54 ./Drivers/STM32L0xx_HAL_Driver/Src/stm32l0xx_hal_pcd_ex.o
                0x0000000008002b84                HAL_PCDEx_ActivateLPM
 .text.HAL_PCDEx_LPM_Callback
                0x0000000008002bd8       0x16 ./Drivers/STM32L0xx_HAL_Driver/Src/stm32l0xx_hal_pcd_ex.o
                0x0000000008002bd8                HAL_PCDEx_LPM_Callback
 *fill*         0x0000000008002bee        0x2 
 .text.HAL_RCC_OscConfig
                0x0000000008002bf0      0x788 ./Drivers/STM32L0xx_HAL_Driver/Src/stm32l0xx_hal_rcc.o
                0x0000000008002bf0                HAL_RCC_OscConfig
 .text.HAL_RCC_ClockConfig
                0x0000000008003378      0x290 ./Drivers/STM32L0xx_HAL_Driver/Src/stm32l0xx_hal_rcc.o
                0x0000000008003378                HAL_RCC_ClockConfig
 .text.HAL_RCC_GetSysClockFreq
                0x0000000008003608      0x14c ./Drivers/STM32L0xx_HAL_Driver/Src/stm32l0xx_hal_rcc.o
                0x0000000008003608                HAL_RCC_GetSysClockFreq
 .text.HAL_RCCEx_PeriphCLKConfig
                0x0000000008003754      0x298 ./Drivers/STM32L0xx_HAL_Driver/Src/stm32l0xx_hal_rcc_ex.o
                0x0000000008003754                HAL_RCCEx_PeriphCLKConfig
 .text.USB_EnableGlobalInt
                0x00000000080039ec       0x2c ./Drivers/STM32L0xx_HAL_Driver/Src/stm32l0xx_ll_usb.o
                0x00000000080039ec                USB_EnableGlobalInt
 .text.USB_DisableGlobalInt
                0x0000000008003a18       0x34 ./Drivers/STM32L0xx_HAL_Driver/Src/stm32l0xx_ll_usb.o
                0x0000000008003a18                USB_DisableGlobalInt
 .text.USB_DevInit
                0x0000000008003a4c       0x4e ./Drivers/STM32L0xx_HAL_Driver/Src/stm32l0xx_ll_usb.o
                0x0000000008003a4c                USB_DevInit
 *fill*         0x0000000008003a9a        0x2 
 .text.USB_ActivateEndpoint
                0x0000000008003a9c      0x744 ./Drivers/STM32L0xx_HAL_Driver/Src/stm32l0xx_ll_usb.o
                0x0000000008003a9c                USB_ActivateEndpoint
 .text.USB_DeactivateEndpoint
                0x00000000080041e0      0x380 ./Drivers/STM32L0xx_HAL_Driver/Src/stm32l0xx_ll_usb.o
                0x00000000080041e0                USB_DeactivateEndpoint
 .text.USB_EPStartXfer
                0x0000000008004560     0x1270 ./Drivers/STM32L0xx_HAL_Driver/Src/stm32l0xx_ll_usb.o
                0x0000000008004560                USB_EPStartXfer
 .text.USB_EPSetStall
                0x00000000080057d0       0xa0 ./Drivers/STM32L0xx_HAL_Driver/Src/stm32l0xx_ll_usb.o
                0x00000000080057d0                USB_EPSetStall
 .text.USB_EPClearStall
                0x0000000008005870      0x164 ./Drivers/STM32L0xx_HAL_Driver/Src/stm32l0xx_ll_usb.o
                0x0000000008005870                USB_EPClearStall
 .text.USB_SetDevAddress
                0x00000000080059d4       0x28 ./Drivers/STM32L0xx_HAL_Driver/Src/stm32l0xx_ll_usb.o
                0x00000000080059d4                USB_SetDevAddress
 .text.USB_DevConnect
                0x00000000080059fc       0x2c ./Drivers/STM32L0xx_HAL_Driver/Src/stm32l0xx_ll_usb.o
                0x00000000080059fc                USB_DevConnect
 .text.USB_ReadInterrupts
                0x0000000008005a28       0x1c ./Drivers/STM32L0xx_HAL_Driver/Src/stm32l0xx_ll_usb.o
                0x0000000008005a28                USB_ReadInterrupts
 .text.USB_WritePMA
                0x0000000008005a44       0x92 ./Drivers/STM32L0xx_HAL_Driver/Src/stm32l0xx_ll_usb.o
                0x0000000008005a44                USB_WritePMA
 .text.USB_ReadPMA
                0x0000000008005ad6       0x9e ./Drivers/STM32L0xx_HAL_Driver/Src/stm32l0xx_ll_usb.o
                0x0000000008005ad6                USB_ReadPMA
 .text.USBD_HID_Init
                0x0000000008005b74       0x56 ./Middlewares/ST/STM32_USB_Device_Library/Class/HID/Src/usbd_hid.o
 .text.USBD_HID_DeInit
                0x0000000008005bca       0x4c ./Middlewares/ST/STM32_USB_Device_Library/Class/HID/Src/usbd_hid.o
 *fill*         0x0000000008005c16        0x2 
 .text.USBD_HID_Setup
                0x0000000008005c18      0x21c ./Middlewares/ST/STM32_USB_Device_Library/Class/HID/Src/usbd_hid.o
 .text.USBD_HID_SendReport
                0x0000000008005e34       0x4a ./Middlewares/ST/STM32_USB_Device_Library/Class/HID/Src/usbd_hid.o
                0x0000000008005e34                USBD_HID_SendReport
 *fill*         0x0000000008005e7e        0x2 
 .text.USBD_HID_GetFSCfgDesc
                0x0000000008005e80       0x1c ./Middlewares/ST/STM32_USB_Device_Library/Class/HID/Src/usbd_hid.o
 .text.USBD_HID_GetHSCfgDesc
                0x0000000008005e9c       0x1c ./Middlewares/ST/STM32_USB_Device_Library/Class/HID/Src/usbd_hid.o
 .text.USBD_HID_GetOtherSpeedCfgDesc
                0x0000000008005eb8       0x1c ./Middlewares/ST/STM32_USB_Device_Library/Class/HID/Src/usbd_hid.o
 .text.USBD_HID_DataIn
                0x0000000008005ed4       0x24 ./Middlewares/ST/STM32_USB_Device_Library/Class/HID/Src/usbd_hid.o
 .text.USBD_HID_GetDeviceQualifierDesc
                0x0000000008005ef8       0x1c ./Middlewares/ST/STM32_USB_Device_Library/Class/HID/Src/usbd_hid.o
 .text.USBD_Init
                0x0000000008005f14       0x62 ./Middlewares/ST/STM32_USB_Device_Library/Core/Src/usbd_core.o
                0x0000000008005f14                USBD_Init
 .text.USBD_RegisterClass
                0x0000000008005f76       0x40 ./Middlewares/ST/STM32_USB_Device_Library/Core/Src/usbd_core.o
                0x0000000008005f76                USBD_RegisterClass
 .text.USBD_Start
                0x0000000008005fb6       0x1a ./Middlewares/ST/STM32_USB_Device_Library/Core/Src/usbd_core.o
                0x0000000008005fb6                USBD_Start
 .text.USBD_RunTestMode
                0x0000000008005fd0       0x12 ./Middlewares/ST/STM32_USB_Device_Library/Core/Src/usbd_core.o
                0x0000000008005fd0                USBD_RunTestMode
 .text.USBD_SetClassConfig
                0x0000000008005fe2       0x4e ./Middlewares/ST/STM32_USB_Device_Library/Core/Src/usbd_core.o
                0x0000000008005fe2                USBD_SetClassConfig
 .text.USBD_ClrClassConfig
                0x0000000008006030       0x2c ./Middlewares/ST/STM32_USB_Device_Library/Core/Src/usbd_core.o
                0x0000000008006030                USBD_ClrClassConfig
 .text.USBD_LL_SetupStage
                0x000000000800605c       0xbc ./Middlewares/ST/STM32_USB_Device_Library/Core/Src/usbd_core.o
                0x000000000800605c                USBD_LL_SetupStage
 .text.USBD_LL_DataOutStage
                0x0000000008006118      0x104 ./Middlewares/ST/STM32_USB_Device_Library/Core/Src/usbd_core.o
                0x0000000008006118                USBD_LL_DataOutStage
 .text.USBD_LL_DataInStage
                0x000000000800621c      0x17a ./Middlewares/ST/STM32_USB_Device_Library/Core/Src/usbd_core.o
                0x000000000800621c                USBD_LL_DataInStage
 .text.USBD_LL_Reset
                0x0000000008006396       0x90 ./Middlewares/ST/STM32_USB_Device_Library/Core/Src/usbd_core.o
                0x0000000008006396                USBD_LL_Reset
 .text.USBD_LL_SetSpeed
                0x0000000008006426       0x20 ./Middlewares/ST/STM32_USB_Device_Library/Core/Src/usbd_core.o
                0x0000000008006426                USBD_LL_SetSpeed
 *fill*         0x0000000008006446        0x2 
 .text.USBD_LL_Suspend
                0x0000000008006448       0x30 ./Middlewares/ST/STM32_USB_Device_Library/Core/Src/usbd_core.o
                0x0000000008006448                USBD_LL_Suspend
 .text.USBD_LL_Resume
                0x0000000008006478       0x30 ./Middlewares/ST/STM32_USB_Device_Library/Core/Src/usbd_core.o
                0x0000000008006478                USBD_LL_Resume
 .text.USBD_LL_SOF
                0x00000000080064a8       0x3c ./Middlewares/ST/STM32_USB_Device_Library/Core/Src/usbd_core.o
                0x00000000080064a8                USBD_LL_SOF
 .text.USBD_StdDevReq
                0x00000000080064e4       0xe4 ./Middlewares/ST/STM32_USB_Device_Library/Core/Src/usbd_ctlreq.o
                0x00000000080064e4                USBD_StdDevReq
 .text.USBD_StdItfReq
                0x00000000080065c8       0xae ./Middlewares/ST/STM32_USB_Device_Library/Core/Src/usbd_ctlreq.o
                0x00000000080065c8                USBD_StdItfReq
 .text.USBD_StdEPReq
                0x0000000008006676      0x36c ./Middlewares/ST/STM32_USB_Device_Library/Core/Src/usbd_ctlreq.o
                0x0000000008006676                USBD_StdEPReq
 *fill*         0x00000000080069e2        0x2 
 .text.USBD_GetDescriptor
                0x00000000080069e4      0x364 ./Middlewares/ST/STM32_USB_Device_Library/Core/Src/usbd_ctlreq.o
 .text.USBD_SetAddress
                0x0000000008006d48       0xa8 ./Middlewares/ST/STM32_USB_Device_Library/Core/Src/usbd_ctlreq.o
 .text.USBD_SetConfig
                0x0000000008006df0      0x148 ./Middlewares/ST/STM32_USB_Device_Library/Core/Src/usbd_ctlreq.o
 .text.USBD_GetConfig
                0x0000000008006f38       0x76 ./Middlewares/ST/STM32_USB_Device_Library/Core/Src/usbd_ctlreq.o
 .text.USBD_GetStatus
                0x0000000008006fae       0x74 ./Middlewares/ST/STM32_USB_Device_Library/Core/Src/usbd_ctlreq.o
 .text.USBD_SetFeature
                0x0000000008007022       0x2c ./Middlewares/ST/STM32_USB_Device_Library/Core/Src/usbd_ctlreq.o
 .text.USBD_ClrFeature
                0x000000000800704e       0x4c ./Middlewares/ST/STM32_USB_Device_Library/Core/Src/usbd_ctlreq.o
 .text.USBD_ParseSetupRequest
                0x000000000800709a       0x76 ./Middlewares/ST/STM32_USB_Device_Library/Core/Src/usbd_ctlreq.o
                0x000000000800709a                USBD_ParseSetupRequest
 .text.USBD_CtlError
                0x0000000008007110       0x26 ./Middlewares/ST/STM32_USB_Device_Library/Core/Src/usbd_ctlreq.o
                0x0000000008007110                USBD_CtlError
 .text.USBD_GetString
                0x0000000008007136       0x9c ./Middlewares/ST/STM32_USB_Device_Library/Core/Src/usbd_ctlreq.o
                0x0000000008007136                USBD_GetString
 .text.USBD_GetLen
                0x00000000080071d2       0x3a ./Middlewares/ST/STM32_USB_Device_Library/Core/Src/usbd_ctlreq.o
 .text.USBD_CtlSendData
                0x000000000800720c       0x40 ./Middlewares/ST/STM32_USB_Device_Library/Core/Src/usbd_ioreq.o
                0x000000000800720c                USBD_CtlSendData
 .text.USBD_CtlContinueSendData
                0x000000000800724c       0x26 ./Middlewares/ST/STM32_USB_Device_Library/Core/Src/usbd_ioreq.o
                0x000000000800724c                USBD_CtlContinueSendData
 .text.USBD_CtlContinueRx
                0x0000000008007272       0x26 ./Middlewares/ST/STM32_USB_Device_Library/Core/Src/usbd_ioreq.o
                0x0000000008007272                USBD_CtlContinueRx
 .text.USBD_CtlSendStatus
                0x0000000008007298       0x28 ./Middlewares/ST/STM32_USB_Device_Library/Core/Src/usbd_ioreq.o
                0x0000000008007298                USBD_CtlSendStatus
 .text.USBD_CtlReceiveStatus
                0x00000000080072c0       0x28 ./Middlewares/ST/STM32_USB_Device_Library/Core/Src/usbd_ioreq.o
                0x00000000080072c0                USBD_CtlReceiveStatus
 .text.MX_USB_DEVICE_Init
                0x00000000080072e8       0x50 ./USB_DEVICE/App/usb_device.o
                0x00000000080072e8                MX_USB_DEVICE_Init
 .text.USBD_FS_DeviceDescriptor
                0x0000000008007338       0x24 ./USB_DEVICE/App/usbd_desc.o
                0x0000000008007338                USBD_FS_DeviceDescriptor
 .text.USBD_FS_LangIDStrDescriptor
                0x000000000800735c       0x24 ./USB_DEVICE/App/usbd_desc.o
                0x000000000800735c                USBD_FS_LangIDStrDescriptor
 .text.USBD_FS_ProductStrDescriptor
                0x0000000008007380       0x44 ./USB_DEVICE/App/usbd_desc.o
                0x0000000008007380                USBD_FS_ProductStrDescriptor
 .text.USBD_FS_ManufacturerStrDescriptor
                0x00000000080073c4       0x2c ./USB_DEVICE/App/usbd_desc.o
                0x00000000080073c4                USBD_FS_ManufacturerStrDescriptor
 .text.USBD_FS_SerialStrDescriptor
                0x00000000080073f0       0x28 ./USB_DEVICE/App/usbd_desc.o
                0x00000000080073f0                USBD_FS_SerialStrDescriptor
 .text.USBD_FS_ConfigStrDescriptor
                0x0000000008007418       0x44 ./USB_DEVICE/App/usbd_desc.o
                0x0000000008007418                USBD_FS_ConfigStrDescriptor
 .text.USBD_FS_InterfaceStrDescriptor
                0x000000000800745c       0x44 ./USB_DEVICE/App/usbd_desc.o
                0x000000000800745c                USBD_FS_InterfaceStrDescriptor
 .text.Get_SerialNum
                0x00000000080074a0       0x5c ./USB_DEVICE/App/usbd_desc.o
 .text.IntToUnicode
                0x00000000080074fc       0x96 ./USB_DEVICE/App/usbd_desc.o
 *fill*         0x0000000008007592        0x2 
 .text.HAL_PCD_MspInit
                0x0000000008007594       0x40 ./USB_DEVICE/Target/usbd_conf.o
                0x0000000008007594                HAL_PCD_MspInit
 .text.HAL_PCD_SetupStageCallback
                0x00000000080075d4       0x2a ./USB_DEVICE/Target/usbd_conf.o
                0x00000000080075d4                HAL_PCD_SetupStageCallback
 .text.HAL_PCD_DataOutStageCallback
                0x00000000080075fe       0x42 ./USB_DEVICE/Target/usbd_conf.o
                0x00000000080075fe                HAL_PCD_DataOutStageCallback
 .text.HAL_PCD_DataInStageCallback
                0x0000000008007640       0x3c ./USB_DEVICE/Target/usbd_conf.o
                0x0000000008007640                HAL_PCD_DataInStageCallback
 .text.HAL_PCD_SOFCallback
                0x000000000800767c       0x1e ./USB_DEVICE/Target/usbd_conf.o
                0x000000000800767c                HAL_PCD_SOFCallback
 .text.HAL_PCD_ResetCallback
                0x000000000800769a       0x48 ./USB_DEVICE/Target/usbd_conf.o
                0x000000000800769a                HAL_PCD_ResetCallback
 *fill*         0x00000000080076e2        0x2 
 .text.HAL_PCD_SuspendCallback
                0x00000000080076e4       0x38 ./USB_DEVICE/Target/usbd_conf.o
                0x00000000080076e4                HAL_PCD_SuspendCallback
 .text.HAL_PCD_ResumeCallback
                0x000000000800771c       0x3c ./USB_DEVICE/Target/usbd_conf.o
                0x000000000800771c                HAL_PCD_ResumeCallback
 .text.USBD_LL_Init
                0x0000000008007758       0xa0 ./USB_DEVICE/Target/usbd_conf.o
                0x0000000008007758                USBD_LL_Init
 .text.USBD_LL_Start
                0x00000000080077f8       0x4a ./USB_DEVICE/Target/usbd_conf.o
                0x00000000080077f8                USBD_LL_Start
 .text.USBD_LL_OpenEP
                0x0000000008007842       0x6e ./USB_DEVICE/Target/usbd_conf.o
                0x0000000008007842                USBD_LL_OpenEP
 .text.USBD_LL_CloseEP
                0x00000000080078b0       0x56 ./USB_DEVICE/Target/usbd_conf.o
                0x00000000080078b0                USBD_LL_CloseEP
 .text.USBD_LL_StallEP
                0x0000000008007906       0x56 ./USB_DEVICE/Target/usbd_conf.o
                0x0000000008007906                USBD_LL_StallEP
 .text.USBD_LL_ClearStallEP
                0x000000000800795c       0x56 ./USB_DEVICE/Target/usbd_conf.o
                0x000000000800795c                USBD_LL_ClearStallEP
 .text.USBD_LL_IsStallEP
                0x00000000080079b2       0x62 ./USB_DEVICE/Target/usbd_conf.o
                0x00000000080079b2                USBD_LL_IsStallEP
 .text.USBD_LL_SetUSBAddress
                0x0000000008007a14       0x56 ./USB_DEVICE/Target/usbd_conf.o
                0x0000000008007a14                USBD_LL_SetUSBAddress
 .text.USBD_LL_Transmit
                0x0000000008007a6a       0x6e ./USB_DEVICE/Target/usbd_conf.o
                0x0000000008007a6a                USBD_LL_Transmit
 .text.USBD_LL_PrepareReceive
                0x0000000008007ad8       0x6e ./USB_DEVICE/Target/usbd_conf.o
                0x0000000008007ad8                USBD_LL_PrepareReceive
 *fill*         0x0000000008007b46        0x2 
 .text.USBD_static_malloc
                0x0000000008007b48       0x18 ./USB_DEVICE/Target/usbd_conf.o
                0x0000000008007b48                USBD_static_malloc
 .text.USBD_static_free
                0x0000000008007b60       0x10 ./USB_DEVICE/Target/usbd_conf.o
                0x0000000008007b60                USBD_static_free
 .text.SystemClockConfig_Resume
                0x0000000008007b70        0xe ./USB_DEVICE/Target/usbd_conf.o
 .text.USBD_Get_USB_Status
                0x0000000008007b7e       0x6e ./USB_DEVICE/Target/usbd_conf.o
 .text.memset   0x0000000008007bec       0x10 C:/ST/STM32CubeIDE_1.14.0/STM32CubeIDE/plugins/com.st.stm32cube.ide.mcu.externaltools.gnu-tools-for-stm32.11.3.rel1.win32_1.1.100.202309141235/tools/bin/../lib/gcc/arm-none-eabi/11.3.1/../../../../arm-none-eabi/lib/thumb/v6-m/nofp\libc_nano.a(libc_a-memset.o)
                0x0000000008007bec                memset
 .text.__libc_init_array
                0x0000000008007bfc       0x48 C:/ST/STM32CubeIDE_1.14.0/STM32CubeIDE/plugins/com.st.stm32cube.ide.mcu.externaltools.gnu-tools-for-stm32.11.3.rel1.win32_1.1.100.202309141235/tools/bin/../lib/gcc/arm-none-eabi/11.3.1/../../../../arm-none-eabi/lib/thumb/v6-m/nofp\libc_nano.a(libc_a-init.o)
                0x0000000008007bfc                __libc_init_array
 *(.glue_7)
 .glue_7        0x0000000008007c44        0x0 linker stubs
 *(.glue_7t)
 .glue_7t       0x0000000008007c44        0x0 linker stubs
 *(.eh_frame)
 .eh_frame      0x0000000008007c44        0x0 C:/ST/STM32CubeIDE_1.14.0/STM32CubeIDE/plugins/com.st.stm32cube.ide.mcu.externaltools.gnu-tools-for-stm32.11.3.rel1.win32_1.1.100.202309141235/tools/bin/../lib/gcc/arm-none-eabi/11.3.1/thumb/v6-m/nofp/crtbegin.o
 *(.init)
 .init          0x0000000008007c44        0x4 C:/ST/STM32CubeIDE_1.14.0/STM32CubeIDE/plugins/com.st.stm32cube.ide.mcu.externaltools.gnu-tools-for-stm32.11.3.rel1.win32_1.1.100.202309141235/tools/bin/../lib/gcc/arm-none-eabi/11.3.1/thumb/v6-m/nofp/crti.o
                0x0000000008007c44                _init
 .init          0x0000000008007c48        0x8 C:/ST/STM32CubeIDE_1.14.0/STM32CubeIDE/plugins/com.st.stm32cube.ide.mcu.externaltools.gnu-tools-for-stm32.11.3.rel1.win32_1.1.100.202309141235/tools/bin/../lib/gcc/arm-none-eabi/11.3.1/thumb/v6-m/nofp/crtn.o
 *(.fini)
 .fini          0x0000000008007c50        0x4 C:/ST/STM32CubeIDE_1.14.0/STM32CubeIDE/plugins/com.st.stm32cube.ide.mcu.externaltools.gnu-tools-for-stm32.11.3.rel1.win32_1.1.100.202309141235/tools/bin/../lib/gcc/arm-none-eabi/11.3.1/thumb/v6-m/nofp/crti.o
                0x0000000008007c50                _fini
 .fini          0x0000000008007c54        0x8 C:/ST/STM32CubeIDE_1.14.0/STM32CubeIDE/plugins/com.st.stm32cube.ide.mcu.externaltools.gnu-tools-for-stm32.11.3.rel1.win32_1.1.100.202309141235/tools/bin/../lib/gcc/arm-none-eabi/11.3.1/thumb/v6-m/nofp/crtn.o
                0x0000000008007c5c                . = ALIGN (0x4)
                0x0000000008007c5c                _etext = .

.vfp11_veneer   0x0000000008007c5c        0x0
 .vfp11_veneer  0x0000000008007c5c        0x0 linker stubs

.v4_bx          0x0000000008007c5c        0x0
 .v4_bx         0x0000000008007c5c        0x0 linker stubs

.iplt           0x0000000008007c5c        0x0
 .iplt          0x0000000008007c5c        0x0 C:/ST/STM32CubeIDE_1.14.0/STM32CubeIDE/plugins/com.st.stm32cube.ide.mcu.externaltools.gnu-tools-for-stm32.11.3.rel1.win32_1.1.100.202309141235/tools/bin/../lib/gcc/arm-none-eabi/11.3.1/thumb/v6-m/nofp/crtbegin.o

.rodata         0x0000000008007c5c       0xb0
                0x0000000008007c5c                . = ALIGN (0x4)
 *(.rodata)
 .rodata        0x0000000008007c5c       0x32 ./USB_DEVICE/App/usbd_desc.o
 *(.rodata*)
 *fill*         0x0000000008007c8e        0x2 
 .rodata.AHBPrescTable
                0x0000000008007c90       0x10 ./Core/Src/system_stm32l0xx.o
                0x0000000008007c90                AHBPrescTable
 .rodata.PLLMulTable
                0x0000000008007ca0        0x9 ./Core/Src/system_stm32l0xx.o
                0x0000000008007ca0                PLLMulTable
 *fill*         0x0000000008007ca9        0x3 
 .rodata.USBD_StdDevReq
                0x0000000008007cac       0x28 ./Middlewares/ST/STM32_USB_Device_Library/Core/Src/usbd_ctlreq.o
 .rodata.USBD_GetDescriptor
                0x0000000008007cd4       0x38 ./Middlewares/ST/STM32_USB_Device_Library/Core/Src/usbd_ctlreq.o
                0x0000000008007d0c                . = ALIGN (0x4)

.ARM.extab      0x0000000008007d0c        0x0
                0x0000000008007d0c                . = ALIGN (0x4)
 *(.ARM.extab* .gnu.linkonce.armextab.*)
                0x0000000008007d0c                . = ALIGN (0x4)

.ARM            0x0000000008007d0c        0x8
                0x0000000008007d0c                . = ALIGN (0x4)
                0x0000000008007d0c                __exidx_start = .
 *(.ARM.exidx*)
 .ARM.exidx     0x0000000008007d0c        0x8 C:/ST/STM32CubeIDE_1.14.0/STM32CubeIDE/plugins/com.st.stm32cube.ide.mcu.externaltools.gnu-tools-for-stm32.11.3.rel1.win32_1.1.100.202309141235/tools/bin/../lib/gcc/arm-none-eabi/11.3.1/thumb/v6-m/nofp\libgcc.a(_udivmoddi4.o)
                0x0000000008007d14                __exidx_end = .
                0x0000000008007d14                . = ALIGN (0x4)

.rel.dyn        0x0000000008007d14        0x0
 .rel.iplt      0x0000000008007d14        0x0 C:/ST/STM32CubeIDE_1.14.0/STM32CubeIDE/plugins/com.st.stm32cube.ide.mcu.externaltools.gnu-tools-for-stm32.11.3.rel1.win32_1.1.100.202309141235/tools/bin/../lib/gcc/arm-none-eabi/11.3.1/thumb/v6-m/nofp/crtbegin.o

.preinit_array  0x0000000008007d14        0x0
                0x0000000008007d14                . = ALIGN (0x4)
                0x0000000008007d14                PROVIDE (__preinit_array_start = .)
 *(.preinit_array*)
                0x0000000008007d14                PROVIDE (__preinit_array_end = .)
                0x0000000008007d14                . = ALIGN (0x4)

.init_array     0x0000000008007d14        0x4
                0x0000000008007d14                . = ALIGN (0x4)
                0x0000000008007d14                PROVIDE (__init_array_start = .)
 *(SORT_BY_NAME(.init_array.*))
 *(.init_array*)
 .init_array    0x0000000008007d14        0x4 C:/ST/STM32CubeIDE_1.14.0/STM32CubeIDE/plugins/com.st.stm32cube.ide.mcu.externaltools.gnu-tools-for-stm32.11.3.rel1.win32_1.1.100.202309141235/tools/bin/../lib/gcc/arm-none-eabi/11.3.1/thumb/v6-m/nofp/crtbegin.o
                0x0000000008007d18                PROVIDE (__init_array_end = .)
                0x0000000008007d18                . = ALIGN (0x4)

.fini_array     0x0000000008007d18        0x4
                0x0000000008007d18                . = ALIGN (0x4)
                [!provide]                        PROVIDE (__fini_array_start = .)
 *(SORT_BY_NAME(.fini_array.*))
 *(.fini_array*)
 .fini_array    0x0000000008007d18        0x4 C:/ST/STM32CubeIDE_1.14.0/STM32CubeIDE/plugins/com.st.stm32cube.ide.mcu.externaltools.gnu-tools-for-stm32.11.3.rel1.win32_1.1.100.202309141235/tools/bin/../lib/gcc/arm-none-eabi/11.3.1/thumb/v6-m/nofp/crtbegin.o
                [!provide]                        PROVIDE (__fini_array_end = .)
                0x0000000008007d1c                . = ALIGN (0x4)
                0x0000000008007d1c                _sidata = LOADADDR (.data)

.data           0x0000000020000000      0x1fc load address 0x0000000008007d1c
                0x0000000020000000                . = ALIGN (0x4)
                0x0000000020000000                _sdata = .
 *(.data)
 *(.data*)
 .data.INPUTKEYS
                0x0000000020000000       0x2c ./Core/Src/main.o
                0x0000000020000000                INPUTKEYS
 .data.GPIOPORTS_C
                0x000000002000002c       0x2c ./Core/Src/main.o
                0x000000002000002c                GPIOPORTS_C
 .data.PINS_C   0x0000000020000058       0x2c ./Core/Src/main.o
                0x0000000020000058                PINS_C
 .data.GPIOPORTS_L
                0x0000000020000084       0x10 ./Core/Src/main.o
                0x0000000020000084                GPIOPORTS_L
 .data.PINS_L   0x0000000020000094       0x10 ./Core/Src/main.o
                0x0000000020000094                PINS_L
 .data.SystemCoreClock
                0x00000000200000a4        0x4 ./Core/Src/system_stm32l0xx.o
                0x00000000200000a4                SystemCoreClock
 .data.uwTickPrio
                0x00000000200000a8        0x4 ./Drivers/STM32L0xx_HAL_Driver/Src/stm32l0xx_hal.o
                0x00000000200000a8                uwTickPrio
 .data.uwTickFreq
                0x00000000200000ac        0x1 ./Drivers/STM32L0xx_HAL_Driver/Src/stm32l0xx_hal.o
                0x00000000200000ac                uwTickFreq
 *fill*         0x00000000200000ad        0x3 
 .data.USBD_HID
                0x00000000200000b0       0x38 ./Middlewares/ST/STM32_USB_Device_Library/Class/HID/Src/usbd_hid.o
                0x00000000200000b0                USBD_HID
 .data.USBD_HID_CfgFSDesc
                0x00000000200000e8       0x22 ./Middlewares/ST/STM32_USB_Device_Library/Class/HID/Src/usbd_hid.o
 *fill*         0x000000002000010a        0x2 
 .data.USBD_HID_CfgHSDesc
                0x000000002000010c       0x22 ./Middlewares/ST/STM32_USB_Device_Library/Class/HID/Src/usbd_hid.o
 *fill*         0x000000002000012e        0x2 
 .data.USBD_HID_OtherSpeedCfgDesc
                0x0000000020000130       0x22 ./Middlewares/ST/STM32_USB_Device_Library/Class/HID/Src/usbd_hid.o
 *fill*         0x0000000020000152        0x2 
 .data.USBD_HID_Desc
                0x0000000020000154        0x9 ./Middlewares/ST/STM32_USB_Device_Library/Class/HID/Src/usbd_hid.o
 *fill*         0x000000002000015d        0x3 
 .data.USBD_HID_DeviceQualifierDesc
                0x0000000020000160        0xa ./Middlewares/ST/STM32_USB_Device_Library/Class/HID/Src/usbd_hid.o
 *fill*         0x000000002000016a        0x2 
 .data.HID_MOUSE_ReportDesc
                0x000000002000016c       0x3f ./Middlewares/ST/STM32_USB_Device_Library/Class/HID/Src/usbd_hid.o
 *fill*         0x00000000200001ab        0x1 
 .data.FS_Desc  0x00000000200001ac       0x1c ./USB_DEVICE/App/usbd_desc.o
                0x00000000200001ac                FS_Desc
 .data.USBD_FS_DeviceDesc
                0x00000000200001c8       0x12 ./USB_DEVICE/App/usbd_desc.o
                0x00000000200001c8                USBD_FS_DeviceDesc
 *fill*         0x00000000200001da        0x2 
 .data.USBD_LangIDDesc
                0x00000000200001dc        0x4 ./USB_DEVICE/App/usbd_desc.o
                0x00000000200001dc                USBD_LangIDDesc
 .data.USBD_StringSerial
                0x00000000200001e0       0x1a ./USB_DEVICE/App/usbd_desc.o
                0x00000000200001e0                USBD_StringSerial
 *(.RamFunc)
 *(.RamFunc*)
                0x00000000200001fc                . = ALIGN (0x4)
 *fill*         0x00000000200001fa        0x2 
                0x00000000200001fc                _edata = .

.igot.plt       0x00000000200001fc        0x0 load address 0x0000000008007f18
 .igot.plt      0x00000000200001fc        0x0 C:/ST/STM32CubeIDE_1.14.0/STM32CubeIDE/plugins/com.st.stm32cube.ide.mcu.externaltools.gnu-tools-for-stm32.11.3.rel1.win32_1.1.100.202309141235/tools/bin/../lib/gcc/arm-none-eabi/11.3.1/thumb/v6-m/nofp/crtbegin.o
                0x00000000200001fc                . = ALIGN (0x4)

.bss            0x00000000200001fc      0x7f8 load address 0x0000000008007f18
                0x00000000200001fc                _sbss = .
                0x00000000200001fc                __bss_start__ = _sbss
 *(.bss)
 .bss           0x00000000200001fc       0x1c C:/ST/STM32CubeIDE_1.14.0/STM32CubeIDE/plugins/com.st.stm32cube.ide.mcu.externaltools.gnu-tools-for-stm32.11.3.rel1.win32_1.1.100.202309141235/tools/bin/../lib/gcc/arm-none-eabi/11.3.1/thumb/v6-m/nofp/crtbegin.o
 *(.bss*)
 .bss.keyBoardHIDsub
                0x0000000020000218        0x8 ./Core/Src/main.o
                0x0000000020000218                keyBoardHIDsub
 .bss.uwTick    0x0000000020000220        0x4 ./Drivers/STM32L0xx_HAL_Driver/Src/stm32l0xx_hal.o
                0x0000000020000220                uwTick
 .bss.cfgidx.0  0x0000000020000224        0x1 ./Middlewares/ST/STM32_USB_Device_Library/Core/Src/usbd_ctlreq.o
 *fill*         0x0000000020000225        0x3 
 .bss.hUsbDeviceFS
                0x0000000020000228      0x2c4 ./USB_DEVICE/App/usb_device.o
                0x0000000020000228                hUsbDeviceFS
 .bss.USBD_StrDesc
                0x00000000200004ec      0x200 ./USB_DEVICE/App/usbd_desc.o
                0x00000000200004ec                USBD_StrDesc
 .bss.hpcd_USB_FS
                0x00000000200006ec      0x2f4 ./USB_DEVICE/Target/usbd_conf.o
                0x00000000200006ec                hpcd_USB_FS
 .bss.mem.0     0x00000000200009e0       0x14 ./USB_DEVICE/Target/usbd_conf.o
 *(COMMON)
                0x00000000200009f4                . = ALIGN (0x4)
                0x00000000200009f4                _ebss = .
                0x00000000200009f4                __bss_end__ = _ebss

._user_heap_stack
                0x00000000200009f4      0x604 load address 0x0000000008007f18
                0x00000000200009f8                . = ALIGN (0x8)
 *fill*         0x00000000200009f4        0x4 
                [!provide]                        PROVIDE (end = .)
                0x00000000200009f8                PROVIDE (_end = .)
                0x0000000020000bf8                . = (. + _Min_Heap_Size)
 *fill*         0x00000000200009f8      0x200 
                0x0000000020000ff8                . = (. + _Min_Stack_Size)
 *fill*         0x0000000020000bf8      0x400 
                0x0000000020000ff8                . = ALIGN (0x8)

/DISCARD/
 libc.a(*)
 libm.a(*)
 libgcc.a(*)

.ARM.attributes
                0x0000000000000000       0x28
 *(.ARM.attributes)
 .ARM.attributes
                0x0000000000000000       0x1e C:/ST/STM32CubeIDE_1.14.0/STM32CubeIDE/plugins/com.st.stm32cube.ide.mcu.externaltools.gnu-tools-for-stm32.11.3.rel1.win32_1.1.100.202309141235/tools/bin/../lib/gcc/arm-none-eabi/11.3.1/thumb/v6-m/nofp/crti.o
 .ARM.attributes
                0x000000000000001e       0x2c C:/ST/STM32CubeIDE_1.14.0/STM32CubeIDE/plugins/com.st.stm32cube.ide.mcu.externaltools.gnu-tools-for-stm32.11.3.rel1.win32_1.1.100.202309141235/tools/bin/../lib/gcc/arm-none-eabi/11.3.1/thumb/v6-m/nofp/crtbegin.o
 .ARM.attributes
                0x000000000000004a       0x2c ./Core/Src/main.o
 .ARM.attributes
                0x0000000000000076       0x2c ./Core/Src/stm32l0xx_hal_msp.o
 .ARM.attributes
                0x00000000000000a2       0x2c ./Core/Src/stm32l0xx_it.o
 .ARM.attributes
                0x00000000000000ce       0x2c ./Core/Src/system_stm32l0xx.o
 .ARM.attributes
                0x00000000000000fa       0x22 ./Core/Startup/startup_stm32l052k8ux.o
 .ARM.attributes
                0x000000000000011c       0x2c ./Drivers/STM32L0xx_HAL_Driver/Src/stm32l0xx_hal.o
 .ARM.attributes
                0x0000000000000148       0x2c ./Drivers/STM32L0xx_HAL_Driver/Src/stm32l0xx_hal_cortex.o
 .ARM.attributes
                0x0000000000000174       0x2c ./Drivers/STM32L0xx_HAL_Driver/Src/stm32l0xx_hal_gpio.o
 .ARM.attributes
                0x00000000000001a0       0x2c ./Drivers/STM32L0xx_HAL_Driver/Src/stm32l0xx_hal_pcd.o
 .ARM.attributes
                0x00000000000001cc       0x2c ./Drivers/STM32L0xx_HAL_Driver/Src/stm32l0xx_hal_pcd_ex.o
 .ARM.attributes
                0x00000000000001f8       0x2c ./Drivers/STM32L0xx_HAL_Driver/Src/stm32l0xx_hal_rcc.o
 .ARM.attributes
                0x0000000000000224       0x2c ./Drivers/STM32L0xx_HAL_Driver/Src/stm32l0xx_hal_rcc_ex.o
 .ARM.attributes
                0x0000000000000250       0x2c ./Drivers/STM32L0xx_HAL_Driver/Src/stm32l0xx_ll_usb.o
 .ARM.attributes
                0x000000000000027c       0x2c ./Middlewares/ST/STM32_USB_Device_Library/Class/HID/Src/usbd_hid.o
 .ARM.attributes
                0x00000000000002a8       0x2c ./Middlewares/ST/STM32_USB_Device_Library/Core/Src/usbd_core.o
 .ARM.attributes
                0x00000000000002d4       0x2c ./Middlewares/ST/STM32_USB_Device_Library/Core/Src/usbd_ctlreq.o
 .ARM.attributes
                0x0000000000000300       0x2c ./Middlewares/ST/STM32_USB_Device_Library/Core/Src/usbd_ioreq.o
 .ARM.attributes
                0x000000000000032c       0x2c ./USB_DEVICE/App/usb_device.o
 .ARM.attributes
                0x0000000000000358       0x2c ./USB_DEVICE/App/usbd_desc.o
 .ARM.attributes
                0x0000000000000384       0x2c ./USB_DEVICE/Target/usbd_conf.o
 .ARM.attributes
                0x00000000000003b0       0x2c C:/ST/STM32CubeIDE_1.14.0/STM32CubeIDE/plugins/com.st.stm32cube.ide.mcu.externaltools.gnu-tools-for-stm32.11.3.rel1.win32_1.1.100.202309141235/tools/bin/../lib/gcc/arm-none-eabi/11.3.1/../../../../arm-none-eabi/lib/thumb/v6-m/nofp\libc_nano.a(libc_a-memset.o)
 .ARM.attributes
                0x00000000000003dc       0x2c C:/ST/STM32CubeIDE_1.14.0/STM32CubeIDE/plugins/com.st.stm32cube.ide.mcu.externaltools.gnu-tools-for-stm32.11.3.rel1.win32_1.1.100.202309141235/tools/bin/../lib/gcc/arm-none-eabi/11.3.1/../../../../arm-none-eabi/lib/thumb/v6-m/nofp\libc_nano.a(libc_a-init.o)
 .ARM.attributes
                0x0000000000000408       0x1e C:/ST/STM32CubeIDE_1.14.0/STM32CubeIDE/plugins/com.st.stm32cube.ide.mcu.externaltools.gnu-tools-for-stm32.11.3.rel1.win32_1.1.100.202309141235/tools/bin/../lib/gcc/arm-none-eabi/11.3.1/thumb/v6-m/nofp\libgcc.a(_udivsi3.o)
 .ARM.attributes
                0x0000000000000426       0x1e C:/ST/STM32CubeIDE_1.14.0/STM32CubeIDE/plugins/com.st.stm32cube.ide.mcu.externaltools.gnu-tools-for-stm32.11.3.rel1.win32_1.1.100.202309141235/tools/bin/../lib/gcc/arm-none-eabi/11.3.1/thumb/v6-m/nofp\libgcc.a(_dvmd_tls.o)
 .ARM.attributes
                0x0000000000000444       0x1e C:/ST/STM32CubeIDE_1.14.0/STM32CubeIDE/plugins/com.st.stm32cube.ide.mcu.externaltools.gnu-tools-for-stm32.11.3.rel1.win32_1.1.100.202309141235/tools/bin/../lib/gcc/arm-none-eabi/11.3.1/thumb/v6-m/nofp\libgcc.a(_aeabi_uldivmod.o)
 .ARM.attributes
                0x0000000000000462       0x2c C:/ST/STM32CubeIDE_1.14.0/STM32CubeIDE/plugins/com.st.stm32cube.ide.mcu.externaltools.gnu-tools-for-stm32.11.3.rel1.win32_1.1.100.202309141235/tools/bin/../lib/gcc/arm-none-eabi/11.3.1/thumb/v6-m/nofp\libgcc.a(_muldi3.o)
 .ARM.attributes
                0x000000000000048e       0x2c C:/ST/STM32CubeIDE_1.14.0/STM32CubeIDE/plugins/com.st.stm32cube.ide.mcu.externaltools.gnu-tools-for-stm32.11.3.rel1.win32_1.1.100.202309141235/tools/bin/../lib/gcc/arm-none-eabi/11.3.1/thumb/v6-m/nofp\libgcc.a(_udivmoddi4.o)
 .ARM.attributes
                0x00000000000004ba       0x1e C:/ST/STM32CubeIDE_1.14.0/STM32CubeIDE/plugins/com.st.stm32cube.ide.mcu.externaltools.gnu-tools-for-stm32.11.3.rel1.win32_1.1.100.202309141235/tools/bin/../lib/gcc/arm-none-eabi/11.3.1/thumb/v6-m/nofp\libgcc.a(_clzdi2.o)
 .ARM.attributes
                0x00000000000004d8       0x1e C:/ST/STM32CubeIDE_1.14.0/STM32CubeIDE/plugins/com.st.stm32cube.ide.mcu.externaltools.gnu-tools-for-stm32.11.3.rel1.win32_1.1.100.202309141235/tools/bin/../lib/gcc/arm-none-eabi/11.3.1/thumb/v6-m/nofp\libgcc.a(_clzsi2.o)
 .ARM.attributes
                0x00000000000004f6       0x1e C:/ST/STM32CubeIDE_1.14.0/STM32CubeIDE/plugins/com.st.stm32cube.ide.mcu.externaltools.gnu-tools-for-stm32.11.3.rel1.win32_1.1.100.202309141235/tools/bin/../lib/gcc/arm-none-eabi/11.3.1/thumb/v6-m/nofp/crtn.o
OUTPUT(bla.elf elf32-littlearm)
LOAD linker stubs
LOAD C:/ST/STM32CubeIDE_1.14.0/STM32CubeIDE/plugins/com.st.stm32cube.ide.mcu.externaltools.gnu-tools-for-stm32.11.3.rel1.win32_1.1.100.202309141235/tools/bin/../lib/gcc/arm-none-eabi/11.3.1/../../../../arm-none-eabi/lib/thumb/v6-m/nofp\libc.a
LOAD C:/ST/STM32CubeIDE_1.14.0/STM32CubeIDE/plugins/com.st.stm32cube.ide.mcu.externaltools.gnu-tools-for-stm32.11.3.rel1.win32_1.1.100.202309141235/tools/bin/../lib/gcc/arm-none-eabi/11.3.1/../../../../arm-none-eabi/lib/thumb/v6-m/nofp\libm.a
LOAD C:/ST/STM32CubeIDE_1.14.0/STM32CubeIDE/plugins/com.st.stm32cube.ide.mcu.externaltools.gnu-tools-for-stm32.11.3.rel1.win32_1.1.100.202309141235/tools/bin/../lib/gcc/arm-none-eabi/11.3.1/thumb/v6-m/nofp\libgcc.a

.comment        0x0000000000000000       0x43
 .comment       0x0000000000000000       0x43 C:/ST/STM32CubeIDE_1.14.0/STM32CubeIDE/plugins/com.st.stm32cube.ide.mcu.externaltools.gnu-tools-for-stm32.11.3.rel1.win32_1.1.100.202309141235/tools/bin/../lib/gcc/arm-none-eabi/11.3.1/thumb/v6-m/nofp/crtbegin.o
                                         0x44 (size before relaxing)
 .comment       0x0000000000000043       0x44 ./Core/Src/main.o
 .comment       0x0000000000000043       0x44 ./Core/Src/stm32l0xx_hal_msp.o
 .comment       0x0000000000000043       0x44 ./Core/Src/stm32l0xx_it.o
 .comment       0x0000000000000043       0x44 ./Core/Src/system_stm32l0xx.o
 .comment       0x0000000000000043       0x44 ./Drivers/STM32L0xx_HAL_Driver/Src/stm32l0xx_hal.o
 .comment       0x0000000000000043       0x44 ./Drivers/STM32L0xx_HAL_Driver/Src/stm32l0xx_hal_cortex.o
 .comment       0x0000000000000043       0x44 ./Drivers/STM32L0xx_HAL_Driver/Src/stm32l0xx_hal_gpio.o
 .comment       0x0000000000000043       0x44 ./Drivers/STM32L0xx_HAL_Driver/Src/stm32l0xx_hal_pcd.o
 .comment       0x0000000000000043       0x44 ./Drivers/STM32L0xx_HAL_Driver/Src/stm32l0xx_hal_pcd_ex.o
 .comment       0x0000000000000043       0x44 ./Drivers/STM32L0xx_HAL_Driver/Src/stm32l0xx_hal_rcc.o
 .comment       0x0000000000000043       0x44 ./Drivers/STM32L0xx_HAL_Driver/Src/stm32l0xx_hal_rcc_ex.o
 .comment       0x0000000000000043       0x44 ./Drivers/STM32L0xx_HAL_Driver/Src/stm32l0xx_ll_usb.o
 .comment       0x0000000000000043       0x44 ./Middlewares/ST/STM32_USB_Device_Library/Class/HID/Src/usbd_hid.o
 .comment       0x0000000000000043       0x44 ./Middlewares/ST/STM32_USB_Device_Library/Core/Src/usbd_core.o
 .comment       0x0000000000000043       0x44 ./Middlewares/ST/STM32_USB_Device_Library/Core/Src/usbd_ctlreq.o
 .comment       0x0000000000000043       0x44 ./Middlewares/ST/STM32_USB_Device_Library/Core/Src/usbd_ioreq.o
 .comment       0x0000000000000043       0x44 ./USB_DEVICE/App/usb_device.o
 .comment       0x0000000000000043       0x44 ./USB_DEVICE/App/usbd_desc.o
 .comment       0x0000000000000043       0x44 ./USB_DEVICE/Target/usbd_conf.o

.debug_info     0x0000000000000000     0xb8c1
 .debug_info    0x0000000000000000      0xd82 ./Core/Src/main.o
 .debug_info    0x0000000000000d82      0x1ba ./Core/Src/stm32l0xx_hal_msp.o
 .debug_info    0x0000000000000f3c      0x5f2 ./Core/Src/stm32l0xx_it.o
 .debug_info    0x000000000000152e      0x2d0 ./Core/Src/system_stm32l0xx.o
 .debug_info    0x00000000000017fe       0x23 ./Core/Startup/startup_stm32l052k8ux.o
 .debug_info    0x0000000000001821      0x85d ./Drivers/STM32L0xx_HAL_Driver/Src/stm32l0xx_hal.o
 .debug_info    0x000000000000207e      0x849 ./Drivers/STM32L0xx_HAL_Driver/Src/stm32l0xx_hal_cortex.o
 .debug_info    0x00000000000028c7      0x624 ./Drivers/STM32L0xx_HAL_Driver/Src/stm32l0xx_hal_gpio.o
 .debug_info    0x0000000000002eeb     0x15db ./Drivers/STM32L0xx_HAL_Driver/Src/stm32l0xx_hal_pcd.o
 .debug_info    0x00000000000044c6      0x80a ./Drivers/STM32L0xx_HAL_Driver/Src/stm32l0xx_hal_pcd_ex.o
 .debug_info    0x0000000000004cd0      0x9e0 ./Drivers/STM32L0xx_HAL_Driver/Src/stm32l0xx_hal_rcc.o
 .debug_info    0x00000000000056b0      0x7d8 ./Drivers/STM32L0xx_HAL_Driver/Src/stm32l0xx_hal_rcc_ex.o
 .debug_info    0x0000000000005e88     0x15fa ./Drivers/STM32L0xx_HAL_Driver/Src/stm32l0xx_ll_usb.o
 .debug_info    0x0000000000007482      0x927 ./Middlewares/ST/STM32_USB_Device_Library/Class/HID/Src/usbd_hid.o
 .debug_info    0x0000000000007da9      0xa52 ./Middlewares/ST/STM32_USB_Device_Library/Core/Src/usbd_core.o
 .debug_info    0x00000000000087fb      0x91c ./Middlewares/ST/STM32_USB_Device_Library/Core/Src/usbd_ctlreq.o
 .debug_info    0x0000000000009117      0x6a0 ./Middlewares/ST/STM32_USB_Device_Library/Core/Src/usbd_ioreq.o
 .debug_info    0x00000000000097b7      0x53a ./USB_DEVICE/App/usb_device.o
 .debug_info    0x0000000000009cf1      0x44a ./USB_DEVICE/App/usbd_desc.o
 .debug_info    0x000000000000a13b     0x1786 ./USB_DEVICE/Target/usbd_conf.o

.debug_abbrev   0x0000000000000000     0x285a
 .debug_abbrev  0x0000000000000000      0x2be ./Core/Src/main.o
 .debug_abbrev  0x00000000000002be       0x9f ./Core/Src/stm32l0xx_hal_msp.o
 .debug_abbrev  0x000000000000035d      0x192 ./Core/Src/stm32l0xx_it.o
 .debug_abbrev  0x00000000000004ef      0x11c ./Core/Src/system_stm32l0xx.o
 .debug_abbrev  0x000000000000060b       0x12 ./Core/Startup/startup_stm32l052k8ux.o
 .debug_abbrev  0x000000000000061d      0x2a0 ./Drivers/STM32L0xx_HAL_Driver/Src/stm32l0xx_hal.o
 .debug_abbrev  0x00000000000008bd      0x29b ./Drivers/STM32L0xx_HAL_Driver/Src/stm32l0xx_hal_cortex.o
 .debug_abbrev  0x0000000000000b58      0x1ca ./Drivers/STM32L0xx_HAL_Driver/Src/stm32l0xx_hal_gpio.o
 .debug_abbrev  0x0000000000000d22      0x2b2 ./Drivers/STM32L0xx_HAL_Driver/Src/stm32l0xx_hal_pcd.o
 .debug_abbrev  0x0000000000000fd4      0x228 ./Drivers/STM32L0xx_HAL_Driver/Src/stm32l0xx_hal_pcd_ex.o
 .debug_abbrev  0x00000000000011fc      0x296 ./Drivers/STM32L0xx_HAL_Driver/Src/stm32l0xx_hal_rcc.o
 .debug_abbrev  0x0000000000001492      0x219 ./Drivers/STM32L0xx_HAL_Driver/Src/stm32l0xx_hal_rcc_ex.o
 .debug_abbrev  0x00000000000016ab      0x23f ./Drivers/STM32L0xx_HAL_Driver/Src/stm32l0xx_ll_usb.o
 .debug_abbrev  0x00000000000018ea      0x26b ./Middlewares/ST/STM32_USB_Device_Library/Class/HID/Src/usbd_hid.o
 .debug_abbrev  0x0000000000001b55      0x24a ./Middlewares/ST/STM32_USB_Device_Library/Core/Src/usbd_core.o
 .debug_abbrev  0x0000000000001d9f      0x26b ./Middlewares/ST/STM32_USB_Device_Library/Core/Src/usbd_ctlreq.o
 .debug_abbrev  0x000000000000200a      0x192 ./Middlewares/ST/STM32_USB_Device_Library/Core/Src/usbd_ioreq.o
 .debug_abbrev  0x000000000000219c      0x188 ./USB_DEVICE/App/usb_device.o
 .debug_abbrev  0x0000000000002324      0x1ff ./USB_DEVICE/App/usbd_desc.o
 .debug_abbrev  0x0000000000002523      0x337 ./USB_DEVICE/Target/usbd_conf.o

.debug_aranges  0x0000000000000000      0xa48
 .debug_aranges
                0x0000000000000000       0x48 ./Core/Src/main.o
 .debug_aranges
                0x0000000000000048       0x20 ./Core/Src/stm32l0xx_hal_msp.o
 .debug_aranges
                0x0000000000000068       0x48 ./Core/Src/stm32l0xx_it.o
 .debug_aranges
                0x00000000000000b0       0x28 ./Core/Src/system_stm32l0xx.o
 .debug_aranges
                0x00000000000000d8       0x28 ./Core/Startup/startup_stm32l052k8ux.o
 .debug_aranges
                0x0000000000000100      0x110 ./Drivers/STM32L0xx_HAL_Driver/Src/stm32l0xx_hal.o
 .debug_aranges
                0x0000000000000210       0xd8 ./Drivers/STM32L0xx_HAL_Driver/Src/stm32l0xx_hal_cortex.o
 .debug_aranges
                0x00000000000002e8       0x58 ./Drivers/STM32L0xx_HAL_Driver/Src/stm32l0xx_hal_gpio.o
 .debug_aranges
                0x0000000000000340      0x138 ./Drivers/STM32L0xx_HAL_Driver/Src/stm32l0xx_hal_pcd.o
 .debug_aranges
                0x0000000000000478       0x58 ./Drivers/STM32L0xx_HAL_Driver/Src/stm32l0xx_hal_pcd_ex.o
 .debug_aranges
                0x00000000000004d0       0x80 ./Drivers/STM32L0xx_HAL_Driver/Src/stm32l0xx_hal_rcc.o
 .debug_aranges
                0x0000000000000550       0xb0 ./Drivers/STM32L0xx_HAL_Driver/Src/stm32l0xx_hal_rcc_ex.o
 .debug_aranges
                0x0000000000000600       0xb8 ./Drivers/STM32L0xx_HAL_Driver/Src/stm32l0xx_ll_usb.o
 .debug_aranges
                0x00000000000006b8       0x68 ./Middlewares/ST/STM32_USB_Device_Library/Class/HID/Src/usbd_hid.o
 .debug_aranges
                0x0000000000000720       0xb8 ./Middlewares/ST/STM32_USB_Device_Library/Core/Src/usbd_core.o
 .debug_aranges
                0x00000000000007d8       0x88 ./Middlewares/ST/STM32_USB_Device_Library/Core/Src/usbd_ctlreq.o
 .debug_aranges
                0x0000000000000860       0x50 ./Middlewares/ST/STM32_USB_Device_Library/Core/Src/usbd_ioreq.o
 .debug_aranges
                0x00000000000008b0       0x20 ./USB_DEVICE/App/usb_device.o
 .debug_aranges
                0x00000000000008d0       0x60 ./USB_DEVICE/App/usbd_desc.o
 .debug_aranges
                0x0000000000000930      0x118 ./USB_DEVICE/Target/usbd_conf.o

.debug_rnglists
                0x0000000000000000      0x788
 .debug_rnglists
                0x0000000000000000       0x35 ./Core/Src/main.o
 .debug_rnglists
                0x0000000000000035       0x13 ./Core/Src/stm32l0xx_hal_msp.o
 .debug_rnglists
                0x0000000000000048       0x31 ./Core/Src/stm32l0xx_it.o
 .debug_rnglists
                0x0000000000000079       0x1a ./Core/Src/system_stm32l0xx.o
 .debug_rnglists
                0x0000000000000093       0x19 ./Core/Startup/startup_stm32l052k8ux.o
 .debug_rnglists
                0x00000000000000ac       0xc7 ./Drivers/STM32L0xx_HAL_Driver/Src/stm32l0xx_hal.o
 .debug_rnglists
                0x0000000000000173       0x9f ./Drivers/STM32L0xx_HAL_Driver/Src/stm32l0xx_hal_cortex.o
 .debug_rnglists
                0x0000000000000212       0x3f ./Drivers/STM32L0xx_HAL_Driver/Src/stm32l0xx_hal_gpio.o
 .debug_rnglists
                0x0000000000000251       0xee ./Drivers/STM32L0xx_HAL_Driver/Src/stm32l0xx_hal_pcd.o
 .debug_rnglists
                0x000000000000033f       0x3f ./Drivers/STM32L0xx_HAL_Driver/Src/stm32l0xx_hal_pcd_ex.o
 .debug_rnglists
                0x000000000000037e       0x61 ./Drivers/STM32L0xx_HAL_Driver/Src/stm32l0xx_hal_rcc.o
 .debug_rnglists
                0x00000000000003df       0x85 ./Drivers/STM32L0xx_HAL_Driver/Src/stm32l0xx_hal_rcc_ex.o
 .debug_rnglists
                0x0000000000000464       0x8d ./Drivers/STM32L0xx_HAL_Driver/Src/stm32l0xx_ll_usb.o
 .debug_rnglists
                0x00000000000004f1       0x4a ./Middlewares/ST/STM32_USB_Device_Library/Class/HID/Src/usbd_hid.o
 .debug_rnglists
                0x000000000000053b       0x89 ./Middlewares/ST/STM32_USB_Device_Library/Core/Src/usbd_core.o
 .debug_rnglists
                0x00000000000005c4       0x68 ./Middlewares/ST/STM32_USB_Device_Library/Core/Src/usbd_ctlreq.o
 .debug_rnglists
                0x000000000000062c       0x37 ./Middlewares/ST/STM32_USB_Device_Library/Core/Src/usbd_ioreq.o
 .debug_rnglists
                0x0000000000000663       0x13 ./USB_DEVICE/App/usb_device.o
 .debug_rnglists
                0x0000000000000676       0x44 ./USB_DEVICE/App/usbd_desc.o
 .debug_rnglists
                0x00000000000006ba       0xce ./USB_DEVICE/Target/usbd_conf.o

.debug_macro    0x0000000000000000    0x154f6
 .debug_macro   0x0000000000000000      0x7f6 ./Core/Src/main.o
 .debug_macro   0x00000000000007f6      0xa7e ./Core/Src/main.o
 .debug_macro   0x0000000000001274      0x11f ./Core/Src/main.o
 .debug_macro   0x0000000000001393       0x2e ./Core/Src/main.o
 .debug_macro   0x00000000000013c1       0x28 ./Core/Src/main.o
 .debug_macro   0x00000000000013e9       0x22 ./Core/Src/main.o
 .debug_macro   0x000000000000140b       0x8e ./Core/Src/main.o
 .debug_macro   0x0000000000001499       0x51 ./Core/Src/main.o
 .debug_macro   0x00000000000014ea      0x103 ./Core/Src/main.o
 .debug_macro   0x00000000000015ed       0x6a ./Core/Src/main.o
 .debug_macro   0x0000000000001657      0x1df ./Core/Src/main.o
 .debug_macro   0x0000000000001836       0x1c ./Core/Src/main.o
 .debug_macro   0x0000000000001852       0x22 ./Core/Src/main.o
 .debug_macro   0x0000000000001874       0xaf ./Core/Src/main.o
 .debug_macro   0x0000000000001923      0x4da ./Core/Src/main.o
 .debug_macro   0x0000000000001dfd      0x11f ./Core/Src/main.o
 .debug_macro   0x0000000000001f1c     0x99da ./Core/Src/main.o
 .debug_macro   0x000000000000b8f6       0x66 ./Core/Src/main.o
 .debug_macro   0x000000000000b95c     0x3590 ./Core/Src/main.o
 .debug_macro   0x000000000000eeec      0x174 ./Core/Src/main.o
 .debug_macro   0x000000000000f060       0x5c ./Core/Src/main.o
 .debug_macro   0x000000000000f0bc      0x8d6 ./Core/Src/main.o
 .debug_macro   0x000000000000f992      0x970 ./Core/Src/main.o
 .debug_macro   0x0000000000010302      0x190 ./Core/Src/main.o
 .debug_macro   0x0000000000010492      0x13f ./Core/Src/main.o
 .debug_macro   0x00000000000105d1      0x176 ./Core/Src/main.o
 .debug_macro   0x0000000000010747       0x82 ./Core/Src/main.o
 .debug_macro   0x00000000000107c9      0x28e ./Core/Src/main.o
 .debug_macro   0x0000000000010a57      0x1e9 ./Core/Src/main.o
 .debug_macro   0x0000000000010c40      0x128 ./Core/Src/main.o
 .debug_macro   0x0000000000010d68      0x2ab ./Core/Src/main.o
 .debug_macro   0x0000000000011013      0x22c ./Core/Src/main.o
 .debug_macro   0x000000000001123f       0x5b ./Core/Src/main.o
 .debug_macro   0x000000000001129a       0xa5 ./Core/Src/main.o
 .debug_macro   0x000000000001133f      0x180 ./Core/Src/main.o
 .debug_macro   0x00000000000114bf       0x16 ./Core/Src/main.o
 .debug_macro   0x00000000000114d5       0x73 ./Core/Src/main.o
 .debug_macro   0x0000000000011548      0x22d ./Core/Src/main.o
 .debug_macro   0x0000000000011775      0x146 ./Core/Src/main.o
 .debug_macro   0x00000000000118bb       0x61 ./Core/Src/main.o
 .debug_macro   0x000000000001191c       0x24 ./Core/Src/main.o
 .debug_macro   0x0000000000011940       0x43 ./Core/Src/main.o
 .debug_macro   0x0000000000011983       0x34 ./Core/Src/main.o
 .debug_macro   0x00000000000119b7       0x16 ./Core/Src/main.o
 .debug_macro   0x00000000000119cd       0x35 ./Core/Src/main.o
 .debug_macro   0x0000000000011a02      0x369 ./Core/Src/main.o
 .debug_macro   0x0000000000011d6b       0x10 ./Core/Src/main.o
 .debug_macro   0x0000000000011d7b       0x16 ./Core/Src/main.o
 .debug_macro   0x0000000000011d91       0x43 ./Core/Src/main.o
 .debug_macro   0x0000000000011dd4       0x34 ./Core/Src/main.o
 .debug_macro   0x0000000000011e08       0x10 ./Core/Src/main.o
 .debug_macro   0x0000000000011e18       0x58 ./Core/Src/main.o
 .debug_macro   0x0000000000011e70       0x8e ./Core/Src/main.o
 .debug_macro   0x0000000000011efe       0x1c ./Core/Src/main.o
 .debug_macro   0x0000000000011f1a      0x177 ./Core/Src/main.o
 .debug_macro   0x0000000000012091       0x16 ./Core/Src/main.o
 .debug_macro   0x00000000000120a7       0x16 ./Core/Src/main.o
 .debug_macro   0x00000000000120bd      0x147 ./Core/Src/main.o
 .debug_macro   0x0000000000012204       0x16 ./Core/Src/main.o
 .debug_macro   0x000000000001221a       0x16 ./Core/Src/main.o
 .debug_macro   0x0000000000012230       0x29 ./Core/Src/main.o
 .debug_macro   0x0000000000012259       0x16 ./Core/Src/main.o
 .debug_macro   0x000000000001226f       0x20 ./Core/Src/main.o
 .debug_macro   0x000000000001228f       0x5f ./Core/Src/main.o
 .debug_macro   0x00000000000122ee      0x1c8 ./Core/Src/main.o
 .debug_macro   0x00000000000124b6       0x5e ./Core/Src/main.o
 .debug_macro   0x0000000000012514      0x1d4 ./Core/Src/stm32l0xx_hal_msp.o
 .debug_macro   0x00000000000126e8      0x1de ./Core/Src/stm32l0xx_it.o
 .debug_macro   0x00000000000128c6      0x1ca ./Core/Src/system_stm32l0xx.o
 .debug_macro   0x0000000000012a90      0x1ee ./Drivers/STM32L0xx_HAL_Driver/Src/stm32l0xx_hal.o
 .debug_macro   0x0000000000012c7e      0x1ca ./Drivers/STM32L0xx_HAL_Driver/Src/stm32l0xx_hal_cortex.o
 .debug_macro   0x0000000000012e48      0x1d1 ./Drivers/STM32L0xx_HAL_Driver/Src/stm32l0xx_hal_gpio.o
 .debug_macro   0x0000000000013019      0x1d6 ./Drivers/STM32L0xx_HAL_Driver/Src/stm32l0xx_hal_pcd.o
 .debug_macro   0x00000000000131ef      0x1ca ./Drivers/STM32L0xx_HAL_Driver/Src/stm32l0xx_hal_pcd_ex.o
 .debug_macro   0x00000000000133b9      0x1ee ./Drivers/STM32L0xx_HAL_Driver/Src/stm32l0xx_hal_rcc.o
 .debug_macro   0x00000000000135a7      0x1ca ./Drivers/STM32L0xx_HAL_Driver/Src/stm32l0xx_hal_rcc_ex.o
 .debug_macro   0x0000000000013771      0x1ca ./Drivers/STM32L0xx_HAL_Driver/Src/stm32l0xx_ll_usb.o
 .debug_macro   0x000000000001393b      0x363 ./Middlewares/ST/STM32_USB_Device_Library/Class/HID/Src/usbd_hid.o
 .debug_macro   0x0000000000013c9e       0x97 ./Middlewares/ST/STM32_USB_Device_Library/Class/HID/Src/usbd_hid.o
 .debug_macro   0x0000000000013d35       0xfd ./Middlewares/ST/STM32_USB_Device_Library/Class/HID/Src/usbd_hid.o
 .debug_macro   0x0000000000013e32       0x56 ./Middlewares/ST/STM32_USB_Device_Library/Class/HID/Src/usbd_hid.o
 .debug_macro   0x0000000000013e88      0x34a ./Middlewares/ST/STM32_USB_Device_Library/Core/Src/usbd_core.o
 .debug_macro   0x00000000000141d2      0x1ce ./Middlewares/ST/STM32_USB_Device_Library/Core/Src/usbd_core.o
 .debug_macro   0x00000000000143a0      0x354 ./Middlewares/ST/STM32_USB_Device_Library/Core/Src/usbd_ctlreq.o
 .debug_macro   0x00000000000146f4      0x350 ./Middlewares/ST/STM32_USB_Device_Library/Core/Src/usbd_ioreq.o
 .debug_macro   0x0000000000014a44      0x380 ./USB_DEVICE/App/usb_device.o
 .debug_macro   0x0000000000014dc4       0x22 ./USB_DEVICE/App/usb_device.o
 .debug_macro   0x0000000000014de6      0x387 ./USB_DEVICE/App/usbd_desc.o
 .debug_macro   0x000000000001516d       0x1c ./USB_DEVICE/App/usbd_desc.o
 .debug_macro   0x0000000000015189      0x36d ./USB_DEVICE/Target/usbd_conf.o

.debug_line     0x0000000000000000     0xe676
 .debug_line    0x0000000000000000      0xbd8 ./Core/Src/main.o
 .debug_line    0x0000000000000bd8      0x768 ./Core/Src/stm32l0xx_hal_msp.o
 .debug_line    0x0000000000001340      0x7e4 ./Core/Src/stm32l0xx_it.o
 .debug_line    0x0000000000001b24      0x818 ./Core/Src/system_stm32l0xx.o
 .debug_line    0x000000000000233c       0x7b ./Core/Startup/startup_stm32l052k8ux.o
 .debug_line    0x00000000000023b7      0xabb ./Drivers/STM32L0xx_HAL_Driver/Src/stm32l0xx_hal.o
 .debug_line    0x0000000000002e72      0xb99 ./Drivers/STM32L0xx_HAL_Driver/Src/stm32l0xx_hal_cortex.o
 .debug_line    0x0000000000003a0b      0xb49 ./Drivers/STM32L0xx_HAL_Driver/Src/stm32l0xx_hal_gpio.o
 .debug_line    0x0000000000004554     0x1382 ./Drivers/STM32L0xx_HAL_Driver/Src/stm32l0xx_hal_pcd.o
 .debug_line    0x00000000000058d6      0x8d0 ./Drivers/STM32L0xx_HAL_Driver/Src/stm32l0xx_hal_pcd_ex.o
 .debug_line    0x00000000000061a6      0xf35 ./Drivers/STM32L0xx_HAL_Driver/Src/stm32l0xx_hal_rcc.o
 .debug_line    0x00000000000070db      0xdbf ./Drivers/STM32L0xx_HAL_Driver/Src/stm32l0xx_hal_rcc_ex.o
 .debug_line    0x0000000000007e9a      0xfe4 ./Drivers/STM32L0xx_HAL_Driver/Src/stm32l0xx_ll_usb.o
 .debug_line    0x0000000000008e7e      0xc22 ./Middlewares/ST/STM32_USB_Device_Library/Class/HID/Src/usbd_hid.o
 .debug_line    0x0000000000009aa0      0xde7 ./Middlewares/ST/STM32_USB_Device_Library/Core/Src/usbd_core.o
 .debug_line    0x000000000000a887     0x1021 ./Middlewares/ST/STM32_USB_Device_Library/Core/Src/usbd_ctlreq.o
 .debug_line    0x000000000000b8a8      0xa7d ./Middlewares/ST/STM32_USB_Device_Library/Core/Src/usbd_ioreq.o
 .debug_line    0x000000000000c325      0xa22 ./USB_DEVICE/App/usb_device.o
 .debug_line    0x000000000000cd47      0xb06 ./USB_DEVICE/App/usbd_desc.o
 .debug_line    0x000000000000d84d      0xe29 ./USB_DEVICE/Target/usbd_conf.o

.debug_str      0x0000000000000000    0x76418
 .debug_str     0x0000000000000000    0x73e12 ./Core/Src/main.o
                                      0x741db (size before relaxing)
 .debug_str     0x0000000000073e12       0x2c ./Core/Src/stm32l0xx_hal_msp.o
                                      0x6eb08 (size before relaxing)
 .debug_str     0x0000000000073e3e      0x401 ./Core/Src/stm32l0xx_it.o
                                      0x6ee9c (size before relaxing)
 .debug_str     0x000000000007423f       0x99 ./Core/Src/system_stm32l0xx.o
                                      0x6eb7d (size before relaxing)
 .debug_str     0x00000000000742d8       0x34 ./Core/Startup/startup_stm32l052k8ux.o
                                         0x72 (size before relaxing)
 .debug_str     0x000000000007430c      0x5ce ./Drivers/STM32L0xx_HAL_Driver/Src/stm32l0xx_hal.o
                                      0x6f26c (size before relaxing)
 .debug_str     0x00000000000748da      0x296 ./Drivers/STM32L0xx_HAL_Driver/Src/stm32l0xx_hal_cortex.o
                                      0x6efd0 (size before relaxing)
 .debug_str     0x0000000000074b70       0xfd ./Drivers/STM32L0xx_HAL_Driver/Src/stm32l0xx_hal_gpio.o
                                      0x6ed1d (size before relaxing)
 .debug_str     0x0000000000074c6d      0x557 ./Drivers/STM32L0xx_HAL_Driver/Src/stm32l0xx_hal_pcd.o
                                      0x6f3d5 (size before relaxing)
 .debug_str     0x00000000000751c4      0x186 ./Drivers/STM32L0xx_HAL_Driver/Src/stm32l0xx_hal_pcd_ex.o
                                      0x6f031 (size before relaxing)
 .debug_str     0x000000000007534a      0x25e ./Drivers/STM32L0xx_HAL_Driver/Src/stm32l0xx_hal_rcc.o
                                      0x6f061 (size before relaxing)
 .debug_str     0x00000000000755a8      0x359 ./Drivers/STM32L0xx_HAL_Driver/Src/stm32l0xx_hal_rcc_ex.o
                                      0x6f05b (size before relaxing)
 .debug_str     0x0000000000075901       0xd3 ./Drivers/STM32L0xx_HAL_Driver/Src/stm32l0xx_ll_usb.o
                                      0x6ef12 (size before relaxing)
 .debug_str     0x00000000000759d4      0x298 ./Middlewares/ST/STM32_USB_Device_Library/Class/HID/Src/usbd_hid.o
                                      0x734a4 (size before relaxing)
 .debug_str     0x0000000000075c6c      0x29f ./Middlewares/ST/STM32_USB_Device_Library/Core/Src/usbd_core.o
                                      0x7333f (size before relaxing)
 .debug_str     0x0000000000075f0b      0x11b ./Middlewares/ST/STM32_USB_Device_Library/Core/Src/usbd_ctlreq.o
                                      0x73259 (size before relaxing)
 .debug_str     0x0000000000076026       0x79 ./Middlewares/ST/STM32_USB_Device_Library/Core/Src/usbd_ioreq.o
                                      0x73186 (size before relaxing)
 .debug_str     0x000000000007609f       0xa2 ./USB_DEVICE/App/usb_device.o
                                      0x732fb (size before relaxing)
 .debug_str     0x0000000000076141      0x246 ./USB_DEVICE/App/usbd_desc.o
                                      0x730b0 (size before relaxing)
 .debug_str     0x0000000000076387       0x91 ./USB_DEVICE/Target/usbd_conf.o
                                      0x73d4d (size before relaxing)

.debug_frame    0x0000000000000000     0x22e4
 .debug_frame   0x0000000000000000       0xcc ./Core/Src/main.o
 .debug_frame   0x00000000000000cc       0x2c ./Core/Src/stm32l0xx_hal_msp.o
 .debug_frame   0x00000000000000f8       0xb8 ./Core/Src/stm32l0xx_it.o
 .debug_frame   0x00000000000001b0       0x4c ./Core/Src/system_stm32l0xx.o
 .debug_frame   0x00000000000001fc      0x394 ./Drivers/STM32L0xx_HAL_Driver/Src/stm32l0xx_hal.o
 .debug_frame   0x0000000000000590      0x2fc ./Drivers/STM32L0xx_HAL_Driver/Src/stm32l0xx_hal_cortex.o
 .debug_frame   0x000000000000088c      0x110 ./Drivers/STM32L0xx_HAL_Driver/Src/stm32l0xx_hal_gpio.o
 .debug_frame   0x000000000000099c      0x49c ./Drivers/STM32L0xx_HAL_Driver/Src/stm32l0xx_hal_pcd.o
 .debug_frame   0x0000000000000e38      0x110 ./Drivers/STM32L0xx_HAL_Driver/Src/stm32l0xx_hal_pcd_ex.o
 .debug_frame   0x0000000000000f48      0x1a8 ./Drivers/STM32L0xx_HAL_Driver/Src/stm32l0xx_hal_rcc.o
 .debug_frame   0x00000000000010f0      0x244 ./Drivers/STM32L0xx_HAL_Driver/Src/stm32l0xx_hal_rcc_ex.o
 .debug_frame   0x0000000000001334      0x298 ./Drivers/STM32L0xx_HAL_Driver/Src/stm32l0xx_ll_usb.o
 .debug_frame   0x00000000000015cc      0x150 ./Middlewares/ST/STM32_USB_Device_Library/Class/HID/Src/usbd_hid.o
 .debug_frame   0x000000000000171c      0x290 ./Middlewares/ST/STM32_USB_Device_Library/Core/Src/usbd_core.o
 .debug_frame   0x00000000000019ac      0x1d8 ./Middlewares/ST/STM32_USB_Device_Library/Core/Src/usbd_ctlreq.o
 .debug_frame   0x0000000000001b84       0xf0 ./Middlewares/ST/STM32_USB_Device_Library/Core/Src/usbd_ioreq.o
 .debug_frame   0x0000000000001c74       0x2c ./USB_DEVICE/App/usb_device.o
 .debug_frame   0x0000000000001ca0      0x130 ./USB_DEVICE/App/usbd_desc.o
 .debug_frame   0x0000000000001dd0      0x438 ./USB_DEVICE/Target/usbd_conf.o
 .debug_frame   0x0000000000002208       0x20 C:/ST/STM32CubeIDE_1.14.0/STM32CubeIDE/plugins/com.st.stm32cube.ide.mcu.externaltools.gnu-tools-for-stm32.11.3.rel1.win32_1.1.100.202309141235/tools/bin/../lib/gcc/arm-none-eabi/11.3.1/../../../../arm-none-eabi/lib/thumb/v6-m/nofp\libc_nano.a(libc_a-memset.o)
 .debug_frame   0x0000000000002228       0x2c C:/ST/STM32CubeIDE_1.14.0/STM32CubeIDE/plugins/com.st.stm32cube.ide.mcu.externaltools.gnu-tools-for-stm32.11.3.rel1.win32_1.1.100.202309141235/tools/bin/../lib/gcc/arm-none-eabi/11.3.1/../../../../arm-none-eabi/lib/thumb/v6-m/nofp\libc_nano.a(libc_a-init.o)
 .debug_frame   0x0000000000002254       0x20 C:/ST/STM32CubeIDE_1.14.0/STM32CubeIDE/plugins/com.st.stm32cube.ide.mcu.externaltools.gnu-tools-for-stm32.11.3.rel1.win32_1.1.100.202309141235/tools/bin/../lib/gcc/arm-none-eabi/11.3.1/thumb/v6-m/nofp\libgcc.a(_udivsi3.o)
 .debug_frame   0x0000000000002274       0x34 C:/ST/STM32CubeIDE_1.14.0/STM32CubeIDE/plugins/com.st.stm32cube.ide.mcu.externaltools.gnu-tools-for-stm32.11.3.rel1.win32_1.1.100.202309141235/tools/bin/../lib/gcc/arm-none-eabi/11.3.1/thumb/v6-m/nofp\libgcc.a(_muldi3.o)
 .debug_frame   0x00000000000022a8       0x3c C:/ST/STM32CubeIDE_1.14.0/STM32CubeIDE/plugins/com.st.stm32cube.ide.mcu.externaltools.gnu-tools-for-stm32.11.3.rel1.win32_1.1.100.202309141235/tools/bin/../lib/gcc/arm-none-eabi/11.3.1/thumb/v6-m/nofp\libgcc.a(_udivmoddi4.o)

.debug_line_str
                0x0000000000000000       0x66
 .debug_line_str
                0x0000000000000000       0x66 ./Core/Startup/startup_stm32l052k8ux.o
                                         0x7e (size before relaxing)
