Archive member included to satisfy reference by file (symbol)

C:/ST/STM32CubeIDE_1.14.0/STM32CubeIDE/plugins/com.st.stm32cube.ide.mcu.externaltools.gnu-tools-for-stm32.11.3.rel1.win32_1.1.100.202309141235/tools/bin/../lib/gcc/arm-none-eabi/11.3.1/../../../../arm-none-eabi/lib/thumb/v6-m/nofp\libc_nano.a(libc_a-exit.o)
                              C:/ST/STM32CubeIDE_1.14.0/STM32CubeIDE/plugins/com.st.stm32cube.ide.mcu.externaltools.gnu-tools-for-stm32.11.3.rel1.win32_1.1.100.202309141235/tools/bin/../lib/gcc/arm-none-eabi/11.3.1/../../../../arm-none-eabi/lib/thumb/v6-m/nofp/crt0.o (exit)
C:/ST/STM32CubeIDE_1.14.0/STM32CubeIDE/plugins/com.st.stm32cube.ide.mcu.externaltools.gnu-tools-for-stm32.11.3.rel1.win32_1.1.100.202309141235/tools/bin/../lib/gcc/arm-none-eabi/11.3.1/../../../../arm-none-eabi/lib/thumb/v6-m/nofp\libc_nano.a(libc_a-findfp.o)
                              C:/ST/STM32CubeIDE_1.14.0/STM32CubeIDE/plugins/com.st.stm32cube.ide.mcu.externaltools.gnu-tools-for-stm32.11.3.rel1.win32_1.1.100.202309141235/tools/bin/../lib/gcc/arm-none-eabi/11.3.1/../../../../arm-none-eabi/lib/thumb/v6-m/nofp\libc_nano.a(libc_a-exit.o) (__stdio_exit_handler)
C:/ST/STM32CubeIDE_1.14.0/STM32CubeIDE/plugins/com.st.stm32cube.ide.mcu.externaltools.gnu-tools-for-stm32.11.3.rel1.win32_1.1.100.202309141235/tools/bin/../lib/gcc/arm-none-eabi/11.3.1/../../../../arm-none-eabi/lib/thumb/v6-m/nofp\libc_nano.a(libc_a-fwalk.o)
                              C:/ST/STM32CubeIDE_1.14.0/STM32CubeIDE/plugins/com.st.stm32cube.ide.mcu.externaltools.gnu-tools-for-stm32.11.3.rel1.win32_1.1.100.202309141235/tools/bin/../lib/gcc/arm-none-eabi/11.3.1/../../../../arm-none-eabi/lib/thumb/v6-m/nofp\libc_nano.a(libc_a-findfp.o) (_fwalk_sglue)
C:/ST/STM32CubeIDE_1.14.0/STM32CubeIDE/plugins/com.st.stm32cube.ide.mcu.externaltools.gnu-tools-for-stm32.11.3.rel1.win32_1.1.100.202309141235/tools/bin/../lib/gcc/arm-none-eabi/11.3.1/../../../../arm-none-eabi/lib/thumb/v6-m/nofp\libc_nano.a(libc_a-stdio.o)
                              C:/ST/STM32CubeIDE_1.14.0/STM32CubeIDE/plugins/com.st.stm32cube.ide.mcu.externaltools.gnu-tools-for-stm32.11.3.rel1.win32_1.1.100.202309141235/tools/bin/../lib/gcc/arm-none-eabi/11.3.1/../../../../arm-none-eabi/lib/thumb/v6-m/nofp\libc_nano.a(libc_a-findfp.o) (__sread)
C:/ST/STM32CubeIDE_1.14.0/STM32CubeIDE/plugins/com.st.stm32cube.ide.mcu.externaltools.gnu-tools-for-stm32.11.3.rel1.win32_1.1.100.202309141235/tools/bin/../lib/gcc/arm-none-eabi/11.3.1/../../../../arm-none-eabi/lib/thumb/v6-m/nofp\libc_nano.a(libc_a-memset.o)
                              C:/ST/STM32CubeIDE_1.14.0/STM32CubeIDE/plugins/com.st.stm32cube.ide.mcu.externaltools.gnu-tools-for-stm32.11.3.rel1.win32_1.1.100.202309141235/tools/bin/../lib/gcc/arm-none-eabi/11.3.1/../../../../arm-none-eabi/lib/thumb/v6-m/nofp/crt0.o (memset)
C:/ST/STM32CubeIDE_1.14.0/STM32CubeIDE/plugins/com.st.stm32cube.ide.mcu.externaltools.gnu-tools-for-stm32.11.3.rel1.win32_1.1.100.202309141235/tools/bin/../lib/gcc/arm-none-eabi/11.3.1/../../../../arm-none-eabi/lib/thumb/v6-m/nofp\libc_nano.a(libc_a-closer.o)
                              C:/ST/STM32CubeIDE_1.14.0/STM32CubeIDE/plugins/com.st.stm32cube.ide.mcu.externaltools.gnu-tools-for-stm32.11.3.rel1.win32_1.1.100.202309141235/tools/bin/../lib/gcc/arm-none-eabi/11.3.1/../../../../arm-none-eabi/lib/thumb/v6-m/nofp\libc_nano.a(libc_a-stdio.o) (_close_r)
C:/ST/STM32CubeIDE_1.14.0/STM32CubeIDE/plugins/com.st.stm32cube.ide.mcu.externaltools.gnu-tools-for-stm32.11.3.rel1.win32_1.1.100.202309141235/tools/bin/../lib/gcc/arm-none-eabi/11.3.1/../../../../arm-none-eabi/lib/thumb/v6-m/nofp\libc_nano.a(libc_a-reent.o)
                              C:/ST/STM32CubeIDE_1.14.0/STM32CubeIDE/plugins/com.st.stm32cube.ide.mcu.externaltools.gnu-tools-for-stm32.11.3.rel1.win32_1.1.100.202309141235/tools/bin/../lib/gcc/arm-none-eabi/11.3.1/../../../../arm-none-eabi/lib/thumb/v6-m/nofp\libc_nano.a(libc_a-closer.o) (errno)
C:/ST/STM32CubeIDE_1.14.0/STM32CubeIDE/plugins/com.st.stm32cube.ide.mcu.externaltools.gnu-tools-for-stm32.11.3.rel1.win32_1.1.100.202309141235/tools/bin/../lib/gcc/arm-none-eabi/11.3.1/../../../../arm-none-eabi/lib/thumb/v6-m/nofp\libc_nano.a(libc_a-impure.o)
                              C:/ST/STM32CubeIDE_1.14.0/STM32CubeIDE/plugins/com.st.stm32cube.ide.mcu.externaltools.gnu-tools-for-stm32.11.3.rel1.win32_1.1.100.202309141235/tools/bin/../lib/gcc/arm-none-eabi/11.3.1/../../../../arm-none-eabi/lib/thumb/v6-m/nofp\libc_nano.a(libc_a-reent.o) (_impure_ptr)
C:/ST/STM32CubeIDE_1.14.0/STM32CubeIDE/plugins/com.st.stm32cube.ide.mcu.externaltools.gnu-tools-for-stm32.11.3.rel1.win32_1.1.100.202309141235/tools/bin/../lib/gcc/arm-none-eabi/11.3.1/../../../../arm-none-eabi/lib/thumb/v6-m/nofp\libc_nano.a(libc_a-lseekr.o)
[...]
Memory Configuration

Name             Origin             Length             Attributes
RAM              0x0000000020000000 0x0000000000002000 xrw
FLASH            0x0000000008000000 0x0000000000010000 xr
*default*        0x0000000000000000 0xffffffffffffffff

Linker script and memory map

LOAD C:/ST/STM32CubeIDE_1.14.0/STM32CubeIDE/plugins/com.st.stm32cube.ide.mcu.externaltools.gnu-tools-for-stm32.11.3.rel1.win32_1.1.100.202309141235/tools/bin/../lib/gcc/arm-none-eabi/11.3.1/thumb/v6-m/nofp/crti.o
LOAD C:/ST/STM32CubeIDE_1.14.0/STM32CubeIDE/plugins/com.st.stm32cube.ide.mcu.externaltools.gnu-tools-for-stm32.11.3.rel1.win32_1.1.100.202309141235/tools/bin/../lib/gcc/arm-none-eabi/11.3.1/thumb/v6-m/nofp/crtbegin.o
LOAD C:/ST/STM32CubeIDE_1.14.0/STM32CubeIDE/plugins/com.st.stm32cube.ide.mcu.externaltools.gnu-tools-for-stm32.11.3.rel1.win32_1.1.100.202309141235/tools/bin/../lib/gcc/arm-none-eabi/11.3.1/../../../../arm-none-eabi/lib/thumb/v6-m/nofp/crt0.o
LOAD ./Core/Src/main.o
LOAD ./Core/Src/stm32l0xx_hal_msp.o
LOAD ./Core/Src/stm32l0xx_it.o
LOAD ./Core/Src/syscalls.o
LOAD ./Core/Src/sysmem.o
LOAD ./Core/Src/system_stm32l0xx.o
LOAD ./Core/Startup/startup_stm32l052k8ux.o
LOAD ./Drivers/STM32L0xx_HAL_Driver/Src/stm32l0xx_hal.o
LOAD ./Drivers/STM32L0xx_HAL_Driver/Src/stm32l0xx_hal_cortex.o
LOAD ./Drivers/STM32L0xx_HAL_Driver/Src/stm32l0xx_hal_dma.o
LOAD ./Drivers/STM32L0xx_HAL_Driver/Src/stm32l0xx_hal_exti.o
LOAD ./Drivers/STM32L0xx_HAL_Driver/Src/stm32l0xx_hal_flash.o
LOAD ./Drivers/STM32L0xx_HAL_Driver/Src/stm32l0xx_hal_flash_ex.o
LOAD ./Drivers/STM32L0xx_HAL_Driver/Src/stm32l0xx_hal_flash_ramfunc.o
LOAD ./Drivers/STM32L0xx_HAL_Driver/Src/stm32l0xx_hal_gpio.o
LOAD ./Drivers/STM32L0xx_HAL_Driver/Src/stm32l0xx_hal_i2c.o
LOAD ./Drivers/STM32L0xx_HAL_Driver/Src/stm32l0xx_hal_i2c_ex.o
LOAD ./Drivers/STM32L0xx_HAL_Driver/Src/stm32l0xx_hal_pcd.o
LOAD ./Drivers/STM32L0xx_HAL_Driver/Src/stm32l0xx_hal_pcd_ex.o
LOAD ./Drivers/STM32L0xx_HAL_Driver/Src/stm32l0xx_hal_pwr.o
LOAD ./Drivers/STM32L0xx_HAL_Driver/Src/stm32l0xx_hal_pwr_ex.o
LOAD ./Drivers/STM32L0xx_HAL_Driver/Src/stm32l0xx_hal_rcc.o
LOAD ./Drivers/STM32L0xx_HAL_Driver/Src/stm32l0xx_hal_rcc_ex.o
LOAD ./Drivers/STM32L0xx_HAL_Driver/Src/stm32l0xx_hal_tim.o
LOAD ./Drivers/STM32L0xx_HAL_Driver/Src/stm32l0xx_hal_tim_ex.o
LOAD ./Drivers/STM32L0xx_HAL_Driver/Src/stm32l0xx_ll_usb.o
LOAD ./Middlewares/ST/STM32_USB_Device_Library/Class/HID/Src/usbd_hid.o
LOAD ./Middlewares/ST/STM32_USB_Device_Library/Core/Src/usbd_core.o
LOAD ./Middlewares/ST/STM32_USB_Device_Library/Core/Src/usbd_ctlreq.o
LOAD ./Middlewares/ST/STM32_USB_Device_Library/Core/Src/usbd_ioreq.o
LOAD ./USB_DEVICE/App/usb_device.o
LOAD ./USB_DEVICE/App/usbd_desc.o
LOAD ./USB_DEVICE/Target/usbd_conf.o
START GROUP
LOAD C:/ST/STM32CubeIDE_1.14.0/STM32CubeIDE/plugins/com.st.stm32cube.ide.mcu.externaltools.gnu-tools-for-stm32.11.3.rel1.win32_1.1.100.202309141235/tools/bin/../lib/gcc/arm-none-eabi/11.3.1/../../../../arm-none-eabi/lib/thumb/v6-m/nofp\libc_nano.a
LOAD C:/ST/STM32CubeIDE_1.14.0/STM32CubeIDE/plugins/com.st.stm32cube.ide.mcu.externaltools.gnu-tools-for-stm32.11.3.rel1.win32_1.1.100.202309141235/tools/bin/../lib/gcc/arm-none-eabi/11.3.1/../../../../arm-none-eabi/lib/thumb/v6-m/nofp\libm.a
END GROUP
START GROUP
LOAD C:/ST/STM32CubeIDE_1.14.0/STM32CubeIDE/plugins/com.st.stm32cube.ide.mcu.externaltools.gnu-tools-for-stm32.11.3.rel1.win32_1.1.100.202309141235/tools/bin/../lib/gcc/arm-none-eabi/11.3.1/thumb/v6-m/nofp\libgcc.a
LOAD C:/ST/STM32CubeIDE_1.14.0/STM32CubeIDE/plugins/com.st.stm32cube.ide.mcu.externaltools.gnu-tools-for-stm32.11.3.rel1.win32_1.1.100.202309141235/tools/bin/../lib/gcc/arm-none-eabi/11.3.1/../../../../arm-none-eabi/lib/thumb/v6-m/nofp\libc_nano.a
END GROUP
START GROUP
LOAD C:/ST/STM32CubeIDE_1.14.0/STM32CubeIDE/plugins/com.st.stm32cube.ide.mcu.externaltools.gnu-tools-for-stm32.11.3.rel1.win32_1.1.100.202309141235/tools/bin/../lib/gcc/arm-none-eabi/11.3.1/thumb/v6-m/nofp\libgcc.a
LOAD C:/ST/STM32CubeIDE_1.14.0/STM32CubeIDE/plugins/com.st.stm32cube.ide.mcu.externaltools.gnu-tools-for-stm32.11.3.rel1.win32_1.1.100.202309141235/tools/bin/../lib/gcc/arm-none-eabi/11.3.1/../../../../arm-none-eabi/lib/thumb/v6-m/nofp\libc_nano.a
LOAD C:/ST/STM32CubeIDE_1.14.0/STM32CubeIDE/plugins/com.st.stm32cube.ide.mcu.externaltools.gnu-tools-for-stm32.11.3.rel1.win32_1.1.100.202309141235/tools/bin/../lib/gcc/arm-none-eabi/11.3.1/../../../../arm-none-eabi/lib/thumb/v6-m/nofp\libnosys.a
END GROUP
START GROUP
LOAD C:/ST/STM32CubeIDE_1.14.0/STM32CubeIDE/plugins/com.st.stm32cube.ide.mcu.externaltools.gnu-tools-for-stm32.11.3.rel1.win32_1.1.100.202309141235/tools/bin/../lib/gcc/arm-none-eabi/11.3.1/thumb/v6-m/nofp\libgcc.a
LOAD C:/ST/STM32CubeIDE_1.14.0/STM32CubeIDE/plugins/com.st.stm32cube.ide.mcu.externaltools.gnu-tools-for-stm32.11.3.rel1.win32_1.1.100.202309141235/tools/bin/../lib/gcc/arm-none-eabi/11.3.1/../../../../arm-none-eabi/lib/thumb/v6-m/nofp\libc_nano.a
LOAD C:/ST/STM32CubeIDE_1.14.0/STM32CubeIDE/plugins/com.st.stm32cube.ide.mcu.externaltools.gnu-tools-for-stm32.11.3.rel1.win32_1.1.100.202309141235/tools/bin/../lib/gcc/arm-none-eabi/11.3.1/../../../../arm-none-eabi/lib/thumb/v6-m/nofp\libnosys.a
END GROUP
LOAD C:/ST/STM32CubeIDE_1.14.0/STM32CubeIDE/plugins/com.st.stm32cube.ide.mcu.externaltools.gnu-tools-for-stm32.11.3.rel1.win32_1.1.100.202309141235/tools/bin/../lib/gcc/arm-none-eabi/11.3.1/thumb/v6-m/nofp/crtend.o
LOAD C:/ST/STM32CubeIDE_1.14.0/STM32CubeIDE/plugins/com.st.stm32cube.ide.mcu.externaltools.gnu-tools-for-stm32.11.3.rel1.win32_1.1.100.202309141235/tools/bin/../lib/gcc/arm-none-eabi/11.3.1/thumb/v6-m/nofp/crtn.o
                0x0000000020002000                _estack = (ORIGIN (RAM) + LENGTH (RAM))
                0x0000000000000200                _Min_Heap_Size = 0x200
                0x0000000000000400                _Min_Stack_Size = 0x400

.isr_vector     0x0000000008000000       0xc0
                0x0000000008000000                . = ALIGN (0x4)
 *(.isr_vector)
 .isr_vector    0x0000000008000000       0xc0 ./Core/Startup/startup_stm32l052k8ux.o
                0x0000000008000000                g_pfnVectors
                0x00000000080000c0                . = ALIGN (0x4)

.text           0x00000000080000c0     0x7d54
                0x00000000080000c0                . = ALIGN (0x4)
 *(.text)
 .text          0x00000000080000c0       0x48 C:/ST/STM32CubeIDE_1.14.0/STM32CubeIDE/plugins/com.st.stm32cube.ide.mcu.externaltools.gnu-tools-for-stm32.11.3.rel1.win32_1.1.100.202309141235/tools/bin/../lib/gcc/arm-none-eabi/11.3.1/thumb/v6-m/nofp/crtbegin.o
 .text          0x0000000008000108      0x114 C:/ST/STM32CubeIDE_1.14.0/STM32CubeIDE/plugins/com.st.stm32cube.ide.mcu.externaltools.gnu-tools-for-stm32.11.3.rel1.win32_1.1.100.202309141235/tools/bin/../lib/gcc/arm-none-eabi/11.3.1/thumb/v6-m/nofp\libgcc.a(_udivsi3.o)
                0x0000000008000108                __aeabi_uidiv
                0x0000000008000108                __udivsi3
                0x0000000008000214                __aeabi_uidivmod
 .text          0x000000000800021c        0x4 C:/ST/STM32CubeIDE_1.14.0/STM32CubeIDE/plugins/com.st.stm32cube.ide.mcu.externaltools.gnu-tools-for-stm32.11.3.rel1.win32_1.1.100.202309141235/tools/bin/../lib/gcc/arm-none-eabi/11.3.1/thumb/v6-m/nofp\libgcc.a(_dvmd_tls.o)
                0x000000000800021c                __aeabi_idiv0
                0x000000000800021c                __aeabi_ldiv0
 .text          0x0000000008000220       0x40 C:/ST/STM32CubeIDE_1.14.0/STM32CubeIDE/plugins/com.st.stm32cube.ide.mcu.externaltools.gnu-tools-for-stm32.11.3.rel1.win32_1.1.100.202309141235/tools/bin/../lib/gcc/arm-none-eabi/11.3.1/thumb/v6-m/nofp\libgcc.a(_aeabi_uldivmod.o)
                0x0000000008000220                __aeabi_uldivmod
 .text          0x0000000008000260       0x5c C:/ST/STM32CubeIDE_1.14.0/STM32CubeIDE/plugins/com.st.stm32cube.ide.mcu.externaltools.gnu-tools-for-stm32.11.3.rel1.win32_1.1.100.202309141235/tools/bin/../lib/gcc/arm-none-eabi/11.3.1/thumb/v6-m/nofp\libgcc.a(_muldi3.o)
                0x0000000008000260                __muldi3
                0x0000000008000260                __aeabi_lmul
 .text          0x00000000080002bc      0x198 C:/ST/STM32CubeIDE_1.14.0/STM32CubeIDE/plugins/com.st.stm32cube.ide.mcu.externaltools.gnu-tools-for-stm32.11.3.rel1.win32_1.1.100.202309141235/tools/bin/../lib/gcc/arm-none-eabi/11.3.1/thumb/v6-m/nofp\libgcc.a(_udivmoddi4.o)
                0x00000000080002bc                __udivmoddi4
 .text          0x0000000008000454       0x18 C:/ST/STM32CubeIDE_1.14.0/STM32CubeIDE/plugins/com.st.stm32cube.ide.mcu.externaltools.gnu-tools-for-stm32.11.3.rel1.win32_1.1.100.202309141235/tools/bin/../lib/gcc/arm-none-eabi/11.3.1/thumb/v6-m/nofp\libgcc.a(_clzdi2.o)
                0x0000000008000454                __clzdi2
 .text          0x000000000800046c       0x3c C:/ST/STM32CubeIDE_1.14.0/STM32CubeIDE/plugins/com.st.stm32cube.ide.mcu.externaltools.gnu-tools-for-stm32.11.3.rel1.win32_1.1.100.202309141235/tools/bin/../lib/gcc/arm-none-eabi/11.3.1/thumb/v6-m/nofp\libgcc.a(_clzsi2.o)
                0x000000000800046c                __clzsi2
 *(.text*)
 .text.main     0x00000000080004a8      0x3a4 ./Core/Src/main.o
                0x00000000080004a8                main
 .text.SystemClock_Config
                0x000000000800084c       0xec ./Core/Src/main.o
                0x000000000800084c                SystemClock_Config
 .text.MX_GPIO_Init
                0x0000000008000938       0xe0 ./Core/Src/main.o
 .text.Error_Handler
                0x0000000008000a18        0xa ./Core/Src/main.o
                0x0000000008000a18                Error_Handler
 *fill*         0x0000000008000a22        0x2 
 .text.HAL_MspInit
                0x0000000008000a24       0x28 ./Core/Src/stm32l0xx_hal_msp.o
                0x0000000008000a24                HAL_MspInit
 .text.NMI_Handler
                0x0000000008000a4c        0x6 ./Core/Src/stm32l0xx_it.o
                0x0000000008000a4c                NMI_Handler
 .text.HardFault_Handler
                0x0000000008000a52        0x6 ./Core/Src/stm32l0xx_it.o
                0x0000000008000a52                HardFault_Handler
 .text.SVC_Handler
                0x0000000008000a58        0xa ./Core/Src/stm32l0xx_it.o
                0x0000000008000a58                SVC_Handler
 .text.PendSV_Handler
                0x0000000008000a62        0xa ./Core/Src/stm32l0xx_it.o
                0x0000000008000a62                PendSV_Handler
 .text.SysTick_Handler
                0x0000000008000a6c        0xe ./Core/Src/stm32l0xx_it.o
                0x0000000008000a6c                SysTick_Handler
 *fill*         0x0000000008000a7a        0x2 
 .text.USB_IRQHandler
                0x0000000008000a7c       0x18 ./Core/Src/stm32l0xx_it.o
                0x0000000008000a7c                USB_IRQHandler
 .text.SystemInit
                0x0000000008000a94        0xa ./Core/Src/system_stm32l0xx.o
                0x0000000008000a94                SystemInit
 *fill*         0x0000000008000a9e        0x2 
 .text.Reset_Handler
                0x0000000008000aa0       0x50 ./Core/Startup/startup_stm32l052k8ux.o
                0x0000000008000aa0                Reset_Handler
 .text.Default_Handler
                0x0000000008000af0        0x2 ./Core/Startup/startup_stm32l052k8ux.o
                0x0000000008000af0                TSC_IRQHandler
                0x0000000008000af0                ADC1_COMP_IRQHandler
                0x0000000008000af0                PVD_IRQHandler
                0x0000000008000af0                I2C1_IRQHandler
                0x0000000008000af0                RCC_CRS_IRQHandler
                0x0000000008000af0                SPI1_IRQHandler
                0x0000000008000af0                TIM6_DAC_IRQHandler
                0x0000000008000af0                EXTI2_3_IRQHandler
                0x0000000008000af0                I2C2_IRQHandler
                0x0000000008000af0                RTC_IRQHandler
                0x0000000008000af0                DMA1_Channel4_5_6_7_IRQHandler
                0x0000000008000af0                EXTI4_15_IRQHandler
                0x0000000008000af0                DMA1_Channel1_IRQHandler
                0x0000000008000af0                Default_Handler
                0x0000000008000af0                TIM22_IRQHandler
                0x0000000008000af0                EXTI0_1_IRQHandler
                0x0000000008000af0                SPI2_IRQHandler
                0x0000000008000af0                TIM21_IRQHandler
                0x0000000008000af0                WWDG_IRQHandler
                0x0000000008000af0                TIM2_IRQHandler
                0x0000000008000af0                DMA1_Channel2_3_IRQHandler
                0x0000000008000af0                USART2_IRQHandler
                0x0000000008000af0                FLASH_IRQHandler
                0x0000000008000af0                USART1_IRQHandler
                0x0000000008000af0                RNG_LPUART1_IRQHandler
                0x0000000008000af0                LPTIM1_IRQHandler
 *fill*         0x0000000008000af2        0x2 
 .text.HAL_Init
                0x0000000008000af4       0x40 ./Drivers/STM32L0xx_HAL_Driver/Src/stm32l0xx_hal.o
                0x0000000008000af4                HAL_Init
 .text.HAL_InitTick
                0x0000000008000b34       0x68 ./Drivers/STM32L0xx_HAL_Driver/Src/stm32l0xx_hal.o
                0x0000000008000b34                HAL_InitTick
 .text.HAL_IncTick
                0x0000000008000b9c       0x24 ./Drivers/STM32L0xx_HAL_Driver/Src/stm32l0xx_hal.o
                0x0000000008000b9c                HAL_IncTick
 .text.HAL_GetTick
                0x0000000008000bc0       0x14 ./Drivers/STM32L0xx_HAL_Driver/Src/stm32l0xx_hal.o
                0x0000000008000bc0                HAL_GetTick
 .text.HAL_Delay
                0x0000000008000bd4       0x48 ./Drivers/STM32L0xx_HAL_Driver/Src/stm32l0xx_hal.o
                0x0000000008000bd4                HAL_Delay
 .text.__NVIC_EnableIRQ
                0x0000000008000c1c       0x34 ./Drivers/STM32L0xx_HAL_Driver/Src/stm32l0xx_hal_cortex.o
 .text.__NVIC_SetPriority
                0x0000000008000c50       0xdc ./Drivers/STM32L0xx_HAL_Driver/Src/stm32l0xx_hal_cortex.o
 .text.SysTick_Config
                0x0000000008000d2c       0x48 ./Drivers/STM32L0xx_HAL_Driver/Src/stm32l0xx_hal_cortex.o
 .text.HAL_NVIC_SetPriority
                0x0000000008000d74       0x2a ./Drivers/STM32L0xx_HAL_Driver/Src/stm32l0xx_hal_cortex.o
                0x0000000008000d74                HAL_NVIC_SetPriority
 .text.HAL_NVIC_EnableIRQ
                0x0000000008000d9e       0x20 ./Drivers/STM32L0xx_HAL_Driver/Src/stm32l0xx_hal_cortex.o
                0x0000000008000d9e                HAL_NVIC_EnableIRQ
 .text.HAL_SYSTICK_Config
                0x0000000008000dbe       0x1a ./Drivers/STM32L0xx_HAL_Driver/Src/stm32l0xx_hal_cortex.o
                0x0000000008000dbe                HAL_SYSTICK_Config
 .text.HAL_GPIO_Init
                0x0000000008000dd8      0x2ec ./Drivers/STM32L0xx_HAL_Driver/Src/stm32l0xx_hal_gpio.o
                0x0000000008000dd8                HAL_GPIO_Init
 .text.HAL_GPIO_ReadPin
                0x00000000080010c4       0x3a ./Drivers/STM32L0xx_HAL_Driver/Src/stm32l0xx_hal_gpio.o
                0x00000000080010c4                HAL_GPIO_ReadPin
 .text.HAL_GPIO_WritePin
                0x00000000080010fe       0x3a ./Drivers/STM32L0xx_HAL_Driver/Src/stm32l0xx_hal_gpio.o
                0x00000000080010fe                HAL_GPIO_WritePin
 .text.HAL_PCD_Init
                0x0000000008001138      0x200 ./Drivers/STM32L0xx_HAL_Driver/Src/stm32l0xx_hal_pcd.o
                0x0000000008001138                HAL_PCD_Init
 .text.HAL_PCD_Start
                0x0000000008001338       0x4a ./Drivers/STM32L0xx_HAL_Driver/Src/stm32l0xx_hal_pcd.o
                0x0000000008001338                HAL_PCD_Start
 *fill*         0x0000000008001382        0x2 
 .text.HAL_PCD_IRQHandler
                0x0000000008001384      0x288 ./Drivers/STM32L0xx_HAL_Driver/Src/stm32l0xx_hal_pcd.o
                0x0000000008001384                HAL_PCD_IRQHandler
 .text.HAL_PCD_SetAddress
                0x000000000800160c       0x56 ./Drivers/STM32L0xx_HAL_Driver/Src/stm32l0xx_hal_pcd.o
                0x000000000800160c                HAL_PCD_SetAddress
 .text.HAL_PCD_EP_Open
                0x0000000008001662       0xde ./Drivers/STM32L0xx_HAL_Driver/Src/stm32l0xx_hal_pcd.o
                0x0000000008001662                HAL_PCD_EP_Open
 .text.HAL_PCD_EP_Close
                0x0000000008001740       0xa2 ./Drivers/STM32L0xx_HAL_Driver/Src/stm32l0xx_hal_pcd.o
                0x0000000008001740                HAL_PCD_EP_Close
 .text.HAL_PCD_EP_Receive
                0x00000000080017e2       0x6e ./Drivers/STM32L0xx_HAL_Driver/Src/stm32l0xx_hal_pcd.o
                0x00000000080017e2                HAL_PCD_EP_Receive
 .text.HAL_PCD_EP_Transmit
                0x0000000008001850       0x78 ./Drivers/STM32L0xx_HAL_Driver/Src/stm32l0xx_hal_pcd.o
                0x0000000008001850                HAL_PCD_EP_Transmit
 .text.HAL_PCD_EP_SetStall
                0x00000000080018c8       0xb8 ./Drivers/STM32L0xx_HAL_Driver/Src/stm32l0xx_hal_pcd.o
                0x00000000080018c8                HAL_PCD_EP_SetStall
 .text.HAL_PCD_EP_ClrStall
                0x0000000008001980       0xbc ./Drivers/STM32L0xx_HAL_Driver/Src/stm32l0xx_hal_pcd.o
                0x0000000008001980                HAL_PCD_EP_ClrStall
 .text.PCD_EP_ISR_Handler
                0x0000000008001a3c      0x80c ./Drivers/STM32L0xx_HAL_Driver/Src/stm32l0xx_hal_pcd.o
 .text.HAL_PCD_EP_DB_Receive
                0x0000000008002248      0x238 ./Drivers/STM32L0xx_HAL_Driver/Src/stm32l0xx_hal_pcd.o
 .text.HAL_PCD_EP_DB_Transmit
                0x0000000008002480      0x820 ./Drivers/STM32L0xx_HAL_Driver/Src/stm32l0xx_hal_pcd.o
 .text.HAL_PCDEx_PMAConfig
                0x0000000008002ca0       0x9c ./Drivers/STM32L0xx_HAL_Driver/Src/stm32l0xx_hal_pcd_ex.o
                0x0000000008002ca0                HAL_PCDEx_PMAConfig
 .text.HAL_PCDEx_ActivateLPM
                0x0000000008002d3c       0x54 ./Drivers/STM32L0xx_HAL_Driver/Src/stm32l0xx_hal_pcd_ex.o
                0x0000000008002d3c                HAL_PCDEx_ActivateLPM
 .text.HAL_PCDEx_LPM_Callback
                0x0000000008002d90       0x16 ./Drivers/STM32L0xx_HAL_Driver/Src/stm32l0xx_hal_pcd_ex.o
                0x0000000008002d90                HAL_PCDEx_LPM_Callback
 *fill*         0x0000000008002da6        0x2 
 .text.HAL_RCC_OscConfig
                0x0000000008002da8      0x788 ./Drivers/STM32L0xx_HAL_Driver/Src/stm32l0xx_hal_rcc.o
                0x0000000008002da8                HAL_RCC_OscConfig
 .text.HAL_RCC_ClockConfig
                0x0000000008003530      0x290 ./Drivers/STM32L0xx_HAL_Driver/Src/stm32l0xx_hal_rcc.o
                0x0000000008003530                HAL_RCC_ClockConfig
 .text.HAL_RCC_GetSysClockFreq
                0x00000000080037c0      0x14c ./Drivers/STM32L0xx_HAL_Driver/Src/stm32l0xx_hal_rcc.o
                0x00000000080037c0                HAL_RCC_GetSysClockFreq
 .text.HAL_RCCEx_PeriphCLKConfig
                0x000000000800390c      0x298 ./Drivers/STM32L0xx_HAL_Driver/Src/stm32l0xx_hal_rcc_ex.o
                0x000000000800390c                HAL_RCCEx_PeriphCLKConfig
 .text.USB_EnableGlobalInt
                0x0000000008003ba4       0x2c ./Drivers/STM32L0xx_HAL_Driver/Src/stm32l0xx_ll_usb.o
                0x0000000008003ba4                USB_EnableGlobalInt
 .text.USB_DisableGlobalInt
                0x0000000008003bd0       0x34 ./Drivers/STM32L0xx_HAL_Driver/Src/stm32l0xx_ll_usb.o
                0x0000000008003bd0                USB_DisableGlobalInt
 .text.USB_DevInit
                0x0000000008003c04       0x4e ./Drivers/STM32L0xx_HAL_Driver/Src/stm32l0xx_ll_usb.o
                0x0000000008003c04                USB_DevInit
 *fill*         0x0000000008003c52        0x2 
 .text.USB_ActivateEndpoint
                0x0000000008003c54      0x744 ./Drivers/STM32L0xx_HAL_Driver/Src/stm32l0xx_ll_usb.o
                0x0000000008003c54                USB_ActivateEndpoint
 .text.USB_DeactivateEndpoint
                0x0000000008004398      0x380 ./Drivers/STM32L0xx_HAL_Driver/Src/stm32l0xx_ll_usb.o
                0x0000000008004398                USB_DeactivateEndpoint
 .text.USB_EPStartXfer
                0x0000000008004718     0x1270 ./Drivers/STM32L0xx_HAL_Driver/Src/stm32l0xx_ll_usb.o
                0x0000000008004718                USB_EPStartXfer
 .text.USB_EPSetStall
                0x0000000008005988       0xa0 ./Drivers/STM32L0xx_HAL_Driver/Src/stm32l0xx_ll_usb.o
                0x0000000008005988                USB_EPSetStall
 .text.USB_EPClearStall
                0x0000000008005a28      0x164 ./Drivers/STM32L0xx_HAL_Driver/Src/stm32l0xx_ll_usb.o
                0x0000000008005a28                USB_EPClearStall
 .text.USB_SetDevAddress
                0x0000000008005b8c       0x28 ./Drivers/STM32L0xx_HAL_Driver/Src/stm32l0xx_ll_usb.o
                0x0000000008005b8c                USB_SetDevAddress
 .text.USB_DevConnect
                0x0000000008005bb4       0x2c ./Drivers/STM32L0xx_HAL_Driver/Src/stm32l0xx_ll_usb.o
                0x0000000008005bb4                USB_DevConnect
 .text.USB_ReadInterrupts
                0x0000000008005be0       0x1c ./Drivers/STM32L0xx_HAL_Driver/Src/stm32l0xx_ll_usb.o
                0x0000000008005be0                USB_ReadInterrupts
 .text.USB_WritePMA
                0x0000000008005bfc       0x92 ./Drivers/STM32L0xx_HAL_Driver/Src/stm32l0xx_ll_usb.o
                0x0000000008005bfc                USB_WritePMA
 .text.USB_ReadPMA
                0x0000000008005c8e       0x9e ./Drivers/STM32L0xx_HAL_Driver/Src/stm32l0xx_ll_usb.o
                0x0000000008005c8e                USB_ReadPMA
 .text.USBD_HID_Init
                0x0000000008005d2c       0x56 ./Middlewares/ST/STM32_USB_Device_Library/Class/HID/Src/usbd_hid.o
 .text.USBD_HID_DeInit
                0x0000000008005d82       0x4c ./Middlewares/ST/STM32_USB_Device_Library/Class/HID/Src/usbd_hid.o
 *fill*         0x0000000008005dce        0x2 
 .text.USBD_HID_Setup
                0x0000000008005dd0      0x21c ./Middlewares/ST/STM32_USB_Device_Library/Class/HID/Src/usbd_hid.o
 .text.USBD_HID_SendReport
                0x0000000008005fec       0x4a ./Middlewares/ST/STM32_USB_Device_Library/Class/HID/Src/usbd_hid.o
                0x0000000008005fec                USBD_HID_SendReport
 *fill*         0x0000000008006036        0x2 
 .text.USBD_HID_GetFSCfgDesc
                0x0000000008006038       0x1c ./Middlewares/ST/STM32_USB_Device_Library/Class/HID/Src/usbd_hid.o
 .text.USBD_HID_GetHSCfgDesc
                0x0000000008006054       0x1c ./Middlewares/ST/STM32_USB_Device_Library/Class/HID/Src/usbd_hid.o
 .text.USBD_HID_GetOtherSpeedCfgDesc
                0x0000000008006070       0x1c ./Middlewares/ST/STM32_USB_Device_Library/Class/HID/Src/usbd_hid.o
 .text.USBD_HID_DataIn
                0x000000000800608c       0x24 ./Middlewares/ST/STM32_USB_Device_Library/Class/HID/Src/usbd_hid.o
 .text.USBD_HID_GetDeviceQualifierDesc
                0x00000000080060b0       0x1c ./Middlewares/ST/STM32_USB_Device_Library/Class/HID/Src/usbd_hid.o
 .text.USBD_Init
                0x00000000080060cc       0x62 ./Middlewares/ST/STM32_USB_Device_Library/Core/Src/usbd_core.o
                0x00000000080060cc                USBD_Init
 .text.USBD_RegisterClass
                0x000000000800612e       0x40 ./Middlewares/ST/STM32_USB_Device_Library/Core/Src/usbd_core.o
                0x000000000800612e                USBD_RegisterClass
 .text.USBD_Start
                0x000000000800616e       0x1a ./Middlewares/ST/STM32_USB_Device_Library/Core/Src/usbd_core.o
                0x000000000800616e                USBD_Start
 .text.USBD_RunTestMode
                0x0000000008006188       0x12 ./Middlewares/ST/STM32_USB_Device_Library/Core/Src/usbd_core.o
                0x0000000008006188                USBD_RunTestMode
 .text.USBD_SetClassConfig
                0x000000000800619a       0x4e ./Middlewares/ST/STM32_USB_Device_Library/Core/Src/usbd_core.o
                0x000000000800619a                USBD_SetClassConfig
 .text.USBD_ClrClassConfig
                0x00000000080061e8       0x2c ./Middlewares/ST/STM32_USB_Device_Library/Core/Src/usbd_core.o
                0x00000000080061e8                USBD_ClrClassConfig
 .text.USBD_LL_SetupStage
                0x0000000008006214       0xbc ./Middlewares/ST/STM32_USB_Device_Library/Core/Src/usbd_core.o
                0x0000000008006214                USBD_LL_SetupStage
 .text.USBD_LL_DataOutStage
                0x00000000080062d0      0x104 ./Middlewares/ST/STM32_USB_Device_Library/Core/Src/usbd_core.o
                0x00000000080062d0                USBD_LL_DataOutStage
 .text.USBD_LL_DataInStage
                0x00000000080063d4      0x17a ./Middlewares/ST/STM32_USB_Device_Library/Core/Src/usbd_core.o
                0x00000000080063d4                USBD_LL_DataInStage
 .text.USBD_LL_Reset
                0x000000000800654e       0x90 ./Middlewares/ST/STM32_USB_Device_Library/Core/Src/usbd_core.o
                0x000000000800654e                USBD_LL_Reset
 .text.USBD_LL_SetSpeed
                0x00000000080065de       0x20 ./Middlewares/ST/STM32_USB_Device_Library/Core/Src/usbd_core.o
                0x00000000080065de                USBD_LL_SetSpeed
 *fill*         0x00000000080065fe        0x2 
 .text.USBD_LL_Suspend
                0x0000000008006600       0x30 ./Middlewares/ST/STM32_USB_Device_Library/Core/Src/usbd_core.o
                0x0000000008006600                USBD_LL_Suspend
 .text.USBD_LL_Resume
                0x0000000008006630       0x30 ./Middlewares/ST/STM32_USB_Device_Library/Core/Src/usbd_core.o
                0x0000000008006630                USBD_LL_Resume
 .text.USBD_LL_SOF
                0x0000000008006660       0x3c ./Middlewares/ST/STM32_USB_Device_Library/Core/Src/usbd_core.o
                0x0000000008006660                USBD_LL_SOF
 .text.USBD_StdDevReq
                0x000000000800669c       0xe4 ./Middlewares/ST/STM32_USB_Device_Library/Core/Src/usbd_ctlreq.o
                0x000000000800669c                USBD_StdDevReq
 .text.USBD_StdItfReq
                0x0000000008006780       0xae ./Middlewares/ST/STM32_USB_Device_Library/Core/Src/usbd_ctlreq.o
                0x0000000008006780                USBD_StdItfReq
 .text.USBD_StdEPReq
                0x000000000800682e      0x36c ./Middlewares/ST/STM32_USB_Device_Library/Core/Src/usbd_ctlreq.o
                0x000000000800682e                USBD_StdEPReq
 *fill*         0x0000000008006b9a        0x2 
 .text.USBD_GetDescriptor
                0x0000000008006b9c      0x364 ./Middlewares/ST/STM32_USB_Device_Library/Core/Src/usbd_ctlreq.o
 .text.USBD_SetAddress
                0x0000000008006f00       0xa8 ./Middlewares/ST/STM32_USB_Device_Library/Core/Src/usbd_ctlreq.o
 .text.USBD_SetConfig
                0x0000000008006fa8      0x148 ./Middlewares/ST/STM32_USB_Device_Library/Core/Src/usbd_ctlreq.o
 .text.USBD_GetConfig
                0x00000000080070f0       0x76 ./Middlewares/ST/STM32_USB_Device_Library/Core/Src/usbd_ctlreq.o
 .text.USBD_GetStatus
                0x0000000008007166       0x74 ./Middlewares/ST/STM32_USB_Device_Library/Core/Src/usbd_ctlreq.o
 .text.USBD_SetFeature
                0x00000000080071da       0x2c ./Middlewares/ST/STM32_USB_Device_Library/Core/Src/usbd_ctlreq.o
 .text.USBD_ClrFeature
                0x0000000008007206       0x4c ./Middlewares/ST/STM32_USB_Device_Library/Core/Src/usbd_ctlreq.o
 .text.USBD_ParseSetupRequest
                0x0000000008007252       0x76 ./Middlewares/ST/STM32_USB_Device_Library/Core/Src/usbd_ctlreq.o
                0x0000000008007252                USBD_ParseSetupRequest
 .text.USBD_CtlError
                0x00000000080072c8       0x26 ./Middlewares/ST/STM32_USB_Device_Library/Core/Src/usbd_ctlreq.o
                0x00000000080072c8                USBD_CtlError
 .text.USBD_GetString
                0x00000000080072ee       0x9c ./Middlewares/ST/STM32_USB_Device_Library/Core/Src/usbd_ctlreq.o
                0x00000000080072ee                USBD_GetString
 .text.USBD_GetLen
                0x000000000800738a       0x3a ./Middlewares/ST/STM32_USB_Device_Library/Core/Src/usbd_ctlreq.o
 .text.USBD_CtlSendData
                0x00000000080073c4       0x40 ./Middlewares/ST/STM32_USB_Device_Library/Core/Src/usbd_ioreq.o
                0x00000000080073c4                USBD_CtlSendData
 .text.USBD_CtlContinueSendData
                0x0000000008007404       0x26 ./Middlewares/ST/STM32_USB_Device_Library/Core/Src/usbd_ioreq.o
                0x0000000008007404                USBD_CtlContinueSendData
 .text.USBD_CtlContinueRx
                0x000000000800742a       0x26 ./Middlewares/ST/STM32_USB_Device_Library/Core/Src/usbd_ioreq.o
                0x000000000800742a                USBD_CtlContinueRx
 .text.USBD_CtlSendStatus
                0x0000000008007450       0x28 ./Middlewares/ST/STM32_USB_Device_Library/Core/Src/usbd_ioreq.o
                0x0000000008007450                USBD_CtlSendStatus
 .text.USBD_CtlReceiveStatus
                0x0000000008007478       0x28 ./Middlewares/ST/STM32_USB_Device_Library/Core/Src/usbd_ioreq.o
                0x0000000008007478                USBD_CtlReceiveStatus
 .text.MX_USB_DEVICE_Init
                0x00000000080074a0       0x50 ./USB_DEVICE/App/usb_device.o
                0x00000000080074a0                MX_USB_DEVICE_Init
 .text.USBD_FS_DeviceDescriptor
                0x00000000080074f0       0x24 ./USB_DEVICE/App/usbd_desc.o
                0x00000000080074f0                USBD_FS_DeviceDescriptor
 .text.USBD_FS_LangIDStrDescriptor
                0x0000000008007514       0x24 ./USB_DEVICE/App/usbd_desc.o
                0x0000000008007514                USBD_FS_LangIDStrDescriptor
 .text.USBD_FS_ProductStrDescriptor
                0x0000000008007538       0x44 ./USB_DEVICE/App/usbd_desc.o
                0x0000000008007538                USBD_FS_ProductStrDescriptor
 .text.USBD_FS_ManufacturerStrDescriptor
                0x000000000800757c       0x2c ./USB_DEVICE/App/usbd_desc.o
                0x000000000800757c                USBD_FS_ManufacturerStrDescriptor
 .text.USBD_FS_SerialStrDescriptor
                0x00000000080075a8       0x28 ./USB_DEVICE/App/usbd_desc.o
                0x00000000080075a8                USBD_FS_SerialStrDescriptor
 .text.USBD_FS_ConfigStrDescriptor
                0x00000000080075d0       0x44 ./USB_DEVICE/App/usbd_desc.o
                0x00000000080075d0                USBD_FS_ConfigStrDescriptor
 .text.USBD_FS_InterfaceStrDescriptor
                0x0000000008007614       0x44 ./USB_DEVICE/App/usbd_desc.o
                0x0000000008007614                USBD_FS_InterfaceStrDescriptor
 .text.Get_SerialNum
                0x0000000008007658       0x5c ./USB_DEVICE/App/usbd_desc.o
 .text.IntToUnicode
                0x00000000080076b4       0x96 ./USB_DEVICE/App/usbd_desc.o
 *fill*         0x000000000800774a        0x2 
 .text.HAL_PCD_MspInit
                0x000000000800774c       0x40 ./USB_DEVICE/Target/usbd_conf.o
                0x000000000800774c                HAL_PCD_MspInit
 .text.HAL_PCD_SetupStageCallback
                0x000000000800778c       0x2a ./USB_DEVICE/Target/usbd_conf.o
                0x000000000800778c                HAL_PCD_SetupStageCallback
 .text.HAL_PCD_DataOutStageCallback
                0x00000000080077b6       0x42 ./USB_DEVICE/Target/usbd_conf.o
                0x00000000080077b6                HAL_PCD_DataOutStageCallback
 .text.HAL_PCD_DataInStageCallback
                0x00000000080077f8       0x3c ./USB_DEVICE/Target/usbd_conf.o
                0x00000000080077f8                HAL_PCD_DataInStageCallback
 .text.HAL_PCD_SOFCallback
                0x0000000008007834       0x1e ./USB_DEVICE/Target/usbd_conf.o
                0x0000000008007834                HAL_PCD_SOFCallback
 .text.HAL_PCD_ResetCallback
                0x0000000008007852       0x48 ./USB_DEVICE/Target/usbd_conf.o
                0x0000000008007852                HAL_PCD_ResetCallback
 *fill*         0x000000000800789a        0x2 
 .text.HAL_PCD_SuspendCallback
                0x000000000800789c       0x38 ./USB_DEVICE/Target/usbd_conf.o
                0x000000000800789c                HAL_PCD_SuspendCallback
 .text.HAL_PCD_ResumeCallback
                0x00000000080078d4       0x3c ./USB_DEVICE/Target/usbd_conf.o
                0x00000000080078d4                HAL_PCD_ResumeCallback
 .text.USBD_LL_Init
                0x0000000008007910       0xa0 ./USB_DEVICE/Target/usbd_conf.o
                0x0000000008007910                USBD_LL_Init
 .text.USBD_LL_Start
                0x00000000080079b0       0x4a ./USB_DEVICE/Target/usbd_conf.o
                0x00000000080079b0                USBD_LL_Start
 .text.USBD_LL_OpenEP
                0x00000000080079fa       0x6e ./USB_DEVICE/Target/usbd_conf.o
                0x00000000080079fa                USBD_LL_OpenEP
 .text.USBD_LL_CloseEP
                0x0000000008007a68       0x56 ./USB_DEVICE/Target/usbd_conf.o
                0x0000000008007a68                USBD_LL_CloseEP
 .text.USBD_LL_StallEP
                0x0000000008007abe       0x56 ./USB_DEVICE/Target/usbd_conf.o
                0x0000000008007abe                USBD_LL_StallEP
 .text.USBD_LL_ClearStallEP
                0x0000000008007b14       0x56 ./USB_DEVICE/Target/usbd_conf.o
                0x0000000008007b14                USBD_LL_ClearStallEP
 .text.USBD_LL_IsStallEP
                0x0000000008007b6a       0x62 ./USB_DEVICE/Target/usbd_conf.o
                0x0000000008007b6a                USBD_LL_IsStallEP
 .text.USBD_LL_SetUSBAddress
                0x0000000008007bcc       0x56 ./USB_DEVICE/Target/usbd_conf.o
                0x0000000008007bcc                USBD_LL_SetUSBAddress
 .text.USBD_LL_Transmit
                0x0000000008007c22       0x6e ./USB_DEVICE/Target/usbd_conf.o
                0x0000000008007c22                USBD_LL_Transmit
 .text.USBD_LL_PrepareReceive
                0x0000000008007c90       0x6e ./USB_DEVICE/Target/usbd_conf.o
                0x0000000008007c90                USBD_LL_PrepareReceive
 *fill*         0x0000000008007cfe        0x2 
 .text.USBD_static_malloc
                0x0000000008007d00       0x18 ./USB_DEVICE/Target/usbd_conf.o
                0x0000000008007d00                USBD_static_malloc
 .text.USBD_static_free
                0x0000000008007d18       0x10 ./USB_DEVICE/Target/usbd_conf.o
                0x0000000008007d18                USBD_static_free
 .text.SystemClockConfig_Resume
                0x0000000008007d28        0xe ./USB_DEVICE/Target/usbd_conf.o
 .text.USBD_Get_USB_Status
                0x0000000008007d36       0x6e ./USB_DEVICE/Target/usbd_conf.o
 .text.memset   0x0000000008007da4       0x10 C:/ST/STM32CubeIDE_1.14.0/STM32CubeIDE/plugins/com.st.stm32cube.ide.mcu.externaltools.gnu-tools-for-stm32.11.3.rel1.win32_1.1.100.202309141235/tools/bin/../lib/gcc/arm-none-eabi/11.3.1/../../../../arm-none-eabi/lib/thumb/v6-m/nofp\libc_nano.a(libc_a-memset.o)
                0x0000000008007da4                memset
 .text.__libc_init_array
                0x0000000008007db4       0x48 C:/ST/STM32CubeIDE_1.14.0/STM32CubeIDE/plugins/com.st.stm32cube.ide.mcu.externaltools.gnu-tools-for-stm32.11.3.rel1.win32_1.1.100.202309141235/tools/bin/../lib/gcc/arm-none-eabi/11.3.1/../../../../arm-none-eabi/lib/thumb/v6-m/nofp\libc_nano.a(libc_a-init.o)
                0x0000000008007db4                __libc_init_array
 *(.glue_7)
 .glue_7        0x0000000008007dfc        0x0 linker stubs
 *(.glue_7t)
 .glue_7t       0x0000000008007dfc        0x0 linker stubs
 *(.eh_frame)
 .eh_frame      0x0000000008007dfc        0x0 C:/ST/STM32CubeIDE_1.14.0/STM32CubeIDE/plugins/com.st.stm32cube.ide.mcu.externaltools.gnu-tools-for-stm32.11.3.rel1.win32_1.1.100.202309141235/tools/bin/../lib/gcc/arm-none-eabi/11.3.1/thumb/v6-m/nofp/crtbegin.o
 *(.init)
 .init          0x0000000008007dfc        0x4 C:/ST/STM32CubeIDE_1.14.0/STM32CubeIDE/plugins/com.st.stm32cube.ide.mcu.externaltools.gnu-tools-for-stm32.11.3.rel1.win32_1.1.100.202309141235/tools/bin/../lib/gcc/arm-none-eabi/11.3.1/thumb/v6-m/nofp/crti.o
                0x0000000008007dfc                _init
 .init          0x0000000008007e00        0x8 C:/ST/STM32CubeIDE_1.14.0/STM32CubeIDE/plugins/com.st.stm32cube.ide.mcu.externaltools.gnu-tools-for-stm32.11.3.rel1.win32_1.1.100.202309141235/tools/bin/../lib/gcc/arm-none-eabi/11.3.1/thumb/v6-m/nofp/crtn.o
 *(.fini)
 .fini          0x0000000008007e08        0x4 C:/ST/STM32CubeIDE_1.14.0/STM32CubeIDE/plugins/com.st.stm32cube.ide.mcu.externaltools.gnu-tools-for-stm32.11.3.rel1.win32_1.1.100.202309141235/tools/bin/../lib/gcc/arm-none-eabi/11.3.1/thumb/v6-m/nofp/crti.o
                0x0000000008007e08                _fini
 .fini          0x0000000008007e0c        0x8 C:/ST/STM32CubeIDE_1.14.0/STM32CubeIDE/plugins/com.st.stm32cube.ide.mcu.externaltools.gnu-tools-for-stm32.11.3.rel1.win32_1.1.100.202309141235/tools/bin/../lib/gcc/arm-none-eabi/11.3.1/thumb/v6-m/nofp/crtn.o
                0x0000000008007e14                . = ALIGN (0x4)
                0x0000000008007e14                _etext = .

.vfp11_veneer   0x0000000008007e14        0x0
 .vfp11_veneer  0x0000000008007e14        0x0 linker stubs

.v4_bx          0x0000000008007e14        0x0
 .v4_bx         0x0000000008007e14        0x0 linker stubs

.iplt           0x0000000008007e14        0x0
 .iplt          0x0000000008007e14        0x0 C:/ST/STM32CubeIDE_1.14.0/STM32CubeIDE/plugins/com.st.stm32cube.ide.mcu.externaltools.gnu-tools-for-stm32.11.3.rel1.win32_1.1.100.202309141235/tools/bin/../lib/gcc/arm-none-eabi/11.3.1/thumb/v6-m/nofp/crtbegin.o

.rodata         0x0000000008007e14       0xb0
                0x0000000008007e14                . = ALIGN (0x4)
 *(.rodata)
 .rodata        0x0000000008007e14       0x32 ./USB_DEVICE/App/usbd_desc.o
 *(.rodata*)
 *fill*         0x0000000008007e46        0x2 
 .rodata.AHBPrescTable
                0x0000000008007e48       0x10 ./Core/Src/system_stm32l0xx.o
                0x0000000008007e48                AHBPrescTable
 .rodata.PLLMulTable
                0x0000000008007e58        0x9 ./Core/Src/system_stm32l0xx.o
                0x0000000008007e58                PLLMulTable
 *fill*         0x0000000008007e61        0x3 
 .rodata.USBD_StdDevReq
                0x0000000008007e64       0x28 ./Middlewares/ST/STM32_USB_Device_Library/Core/Src/usbd_ctlreq.o
 .rodata.USBD_GetDescriptor
                0x0000000008007e8c       0x38 ./Middlewares/ST/STM32_USB_Device_Library/Core/Src/usbd_ctlreq.o
                0x0000000008007ec4                . = ALIGN (0x4)

.ARM.extab      0x0000000008007ec4        0x0
                0x0000000008007ec4                . = ALIGN (0x4)
 *(.ARM.extab* .gnu.linkonce.armextab.*)
                0x0000000008007ec4                . = ALIGN (0x4)

.ARM            0x0000000008007ec4        0x8
                0x0000000008007ec4                . = ALIGN (0x4)
                0x0000000008007ec4                __exidx_start = .
 *(.ARM.exidx*)
 .ARM.exidx     0x0000000008007ec4        0x8 C:/ST/STM32CubeIDE_1.14.0/STM32CubeIDE/plugins/com.st.stm32cube.ide.mcu.externaltools.gnu-tools-for-stm32.11.3.rel1.win32_1.1.100.202309141235/tools/bin/../lib/gcc/arm-none-eabi/11.3.1/thumb/v6-m/nofp\libgcc.a(_udivmoddi4.o)
                0x0000000008007ecc                __exidx_end = .
                0x0000000008007ecc                . = ALIGN (0x4)

.rel.dyn        0x0000000008007ecc        0x0
 .rel.iplt      0x0000000008007ecc        0x0 C:/ST/STM32CubeIDE_1.14.0/STM32CubeIDE/plugins/com.st.stm32cube.ide.mcu.externaltools.gnu-tools-for-stm32.11.3.rel1.win32_1.1.100.202309141235/tools/bin/../lib/gcc/arm-none-eabi/11.3.1/thumb/v6-m/nofp/crtbegin.o

.preinit_array  0x0000000008007ecc        0x0
                0x0000000008007ecc                . = ALIGN (0x4)
                0x0000000008007ecc                PROVIDE (__preinit_array_start = .)
 *(.preinit_array*)
                0x0000000008007ecc                PROVIDE (__preinit_array_end = .)
                0x0000000008007ecc                . = ALIGN (0x4)

.init_array     0x0000000008007ecc        0x4
                0x0000000008007ecc                . = ALIGN (0x4)
                0x0000000008007ecc                PROVIDE (__init_array_start = .)
 *(SORT_BY_NAME(.init_array.*))
 *(.init_array*)
 .init_array    0x0000000008007ecc        0x4 C:/ST/STM32CubeIDE_1.14.0/STM32CubeIDE/plugins/com.st.stm32cube.ide.mcu.externaltools.gnu-tools-for-stm32.11.3.rel1.win32_1.1.100.202309141235/tools/bin/../lib/gcc/arm-none-eabi/11.3.1/thumb/v6-m/nofp/crtbegin.o
                0x0000000008007ed0                PROVIDE (__init_array_end = .)
                0x0000000008007ed0                . = ALIGN (0x4)

.fini_array     0x0000000008007ed0        0x4
                0x0000000008007ed0                . = ALIGN (0x4)
                [!provide]                        PROVIDE (__fini_array_start = .)
 *(SORT_BY_NAME(.fini_array.*))
 *(.fini_array*)
 .fini_array    0x0000000008007ed0        0x4 C:/ST/STM32CubeIDE_1.14.0/STM32CubeIDE/plugins/com.st.stm32cube.ide.mcu.externaltools.gnu-tools-for-stm32.11.3.rel1.win32_1.1.100.202309141235/tools/bin/../lib/gcc/arm-none-eabi/11.3.1/thumb/v6-m/nofp/crtbegin.o
                [!provide]                        PROVIDE (__fini_array_end = .)
                0x0000000008007ed4                . = ALIGN (0x4)
                0x0000000008007ed4                _sidata = LOADADDR (.data)

.data           0x0000000020000000      0x2d8 load address 0x0000000008007ed4
                0x0000000020000000                . = ALIGN (0x4)
                0x0000000020000000                _sdata = .
 *(.data)
 *(.data*)
 .data.MODIFIER_MASK
                0x0000000020000000       0x2c ./Core/Src/main.o
                0x0000000020000000                MODIFIER_MASK
 .data.INPUTKEYS
                0x000000002000002c       0x2c ./Core/Src/main.o
                0x000000002000002c                INPUTKEYS
 .data.FN1KEYS  0x0000000020000058       0x2c ./Core/Src/main.o
                0x0000000020000058                FN1KEYS
 .data.FN2KEYS  0x0000000020000084       0x2c ./Core/Src/main.o
                0x0000000020000084                FN2KEYS
 .data.FN3KEYS  0x00000000200000b0       0x2c ./Core/Src/main.o
                0x00000000200000b0                FN3KEYS
 .data.FN4KEYS  0x00000000200000dc       0x2c ./Core/Src/main.o
                0x00000000200000dc                FN4KEYS
 .data.GPIOPORTS_C
                0x0000000020000108       0x2c ./Core/Src/main.o
                0x0000000020000108                GPIOPORTS_C
 .data.PINS_C   0x0000000020000134       0x2c ./Core/Src/main.o
                0x0000000020000134                PINS_C
 .data.GPIOPORTS_L
                0x0000000020000160       0x10 ./Core/Src/main.o
                0x0000000020000160                GPIOPORTS_L
 .data.PINS_L   0x0000000020000170       0x10 ./Core/Src/main.o
                0x0000000020000170                PINS_L
 .data.SystemCoreClock
                0x0000000020000180        0x4 ./Core/Src/system_stm32l0xx.o
                0x0000000020000180                SystemCoreClock
 .data.uwTickPrio
                0x0000000020000184        0x4 ./Drivers/STM32L0xx_HAL_Driver/Src/stm32l0xx_hal.o
                0x0000000020000184                uwTickPrio
 .data.uwTickFreq
                0x0000000020000188        0x1 ./Drivers/STM32L0xx_HAL_Driver/Src/stm32l0xx_hal.o
                0x0000000020000188                uwTickFreq
 *fill*         0x0000000020000189        0x3 
 .data.USBD_HID
                0x000000002000018c       0x38 ./Middlewares/ST/STM32_USB_Device_Library/Class/HID/Src/usbd_hid.o
                0x000000002000018c                USBD_HID
 .data.USBD_HID_CfgFSDesc
                0x00000000200001c4       0x22 ./Middlewares/ST/STM32_USB_Device_Library/Class/HID/Src/usbd_hid.o
 *fill*         0x00000000200001e6        0x2 
 .data.USBD_HID_CfgHSDesc
                0x00000000200001e8       0x22 ./Middlewares/ST/STM32_USB_Device_Library/Class/HID/Src/usbd_hid.o
 *fill*         0x000000002000020a        0x2 
 .data.USBD_HID_OtherSpeedCfgDesc
                0x000000002000020c       0x22 ./Middlewares/ST/STM32_USB_Device_Library/Class/HID/Src/usbd_hid.o
 *fill*         0x000000002000022e        0x2 
 .data.USBD_HID_Desc
                0x0000000020000230        0x9 ./Middlewares/ST/STM32_USB_Device_Library/Class/HID/Src/usbd_hid.o
 *fill*         0x0000000020000239        0x3 
 .data.USBD_HID_DeviceQualifierDesc
                0x000000002000023c        0xa ./Middlewares/ST/STM32_USB_Device_Library/Class/HID/Src/usbd_hid.o
 *fill*         0x0000000020000246        0x2 
 .data.HID_MOUSE_ReportDesc
                0x0000000020000248       0x3f ./Middlewares/ST/STM32_USB_Device_Library/Class/HID/Src/usbd_hid.o
 *fill*         0x0000000020000287        0x1 
 .data.FS_Desc  0x0000000020000288       0x1c ./USB_DEVICE/App/usbd_desc.o
                0x0000000020000288                FS_Desc
 .data.USBD_FS_DeviceDesc
                0x00000000200002a4       0x12 ./USB_DEVICE/App/usbd_desc.o
                0x00000000200002a4                USBD_FS_DeviceDesc
 *fill*         0x00000000200002b6        0x2 
 .data.USBD_LangIDDesc
                0x00000000200002b8        0x4 ./USB_DEVICE/App/usbd_desc.o
                0x00000000200002b8                USBD_LangIDDesc
 .data.USBD_StringSerial
                0x00000000200002bc       0x1a ./USB_DEVICE/App/usbd_desc.o
                0x00000000200002bc                USBD_StringSerial
 *(.RamFunc)
 *(.RamFunc*)
                0x00000000200002d8                . = ALIGN (0x4)
 *fill*         0x00000000200002d6        0x2 
                0x00000000200002d8                _edata = .

.igot.plt       0x00000000200002d8        0x0 load address 0x00000000080081ac
 .igot.plt      0x00000000200002d8        0x0 C:/ST/STM32CubeIDE_1.14.0/STM32CubeIDE/plugins/com.st.stm32cube.ide.mcu.externaltools.gnu-tools-for-stm32.11.3.rel1.win32_1.1.100.202309141235/tools/bin/../lib/gcc/arm-none-eabi/11.3.1/thumb/v6-m/nofp/crtbegin.o
                0x00000000200002d8                . = ALIGN (0x4)

.bss            0x00000000200002d8      0x7f8 load address 0x00000000080081ac
                0x00000000200002d8                _sbss = .
                0x00000000200002d8                __bss_start__ = _sbss
 *(.bss)
 .bss           0x00000000200002d8       0x1c C:/ST/STM32CubeIDE_1.14.0/STM32CubeIDE/plugins/com.st.stm32cube.ide.mcu.externaltools.gnu-tools-for-stm32.11.3.rel1.win32_1.1.100.202309141235/tools/bin/../lib/gcc/arm-none-eabi/11.3.1/thumb/v6-m/nofp/crtbegin.o
 *(.bss*)
 .bss.keyBoardHIDsub
                0x00000000200002f4        0x8 ./Core/Src/main.o
                0x00000000200002f4                keyBoardHIDsub
 .bss.uwTick    0x00000000200002fc        0x4 ./Drivers/STM32L0xx_HAL_Driver/Src/stm32l0xx_hal.o
                0x00000000200002fc                uwTick
 .bss.cfgidx.0  0x0000000020000300        0x1 ./Middlewares/ST/STM32_USB_Device_Library/Core/Src/usbd_ctlreq.o
 *fill*         0x0000000020000301        0x3 
 .bss.hUsbDeviceFS
                0x0000000020000304      0x2c4 ./USB_DEVICE/App/usb_device.o
                0x0000000020000304                hUsbDeviceFS
 .bss.USBD_StrDesc
                0x00000000200005c8      0x200 ./USB_DEVICE/App/usbd_desc.o
                0x00000000200005c8                USBD_StrDesc
 .bss.hpcd_USB_FS
                0x00000000200007c8      0x2f4 ./USB_DEVICE/Target/usbd_conf.o
                0x00000000200007c8                hpcd_USB_FS
 .bss.mem.0     0x0000000020000abc       0x14 ./USB_DEVICE/Target/usbd_conf.o
 *(COMMON)
                0x0000000020000ad0                . = ALIGN (0x4)
                0x0000000020000ad0                _ebss = .
                0x0000000020000ad0                __bss_end__ = _ebss

._user_heap_stack
                0x0000000020000ad0      0x600 load address 0x00000000080081ac
                0x0000000020000ad0                . = ALIGN (0x8)
                [!provide]                        PROVIDE (end = .)
                0x0000000020000ad0                PROVIDE (_end = .)
                0x0000000020000cd0                . = (. + _Min_Heap_Size)
 *fill*         0x0000000020000ad0      0x200 
                0x00000000200010d0                . = (. + _Min_Stack_Size)
 *fill*         0x0000000020000cd0      0x400 
                0x00000000200010d0                . = ALIGN (0x8)

/DISCARD/
 libc.a(*)
 libm.a(*)
 libgcc.a(*)

.ARM.attributes
                0x0000000000000000       0x28
 *(.ARM.attributes)
 .ARM.attributes
                0x0000000000000000       0x1e C:/ST/STM32CubeIDE_1.14.0/STM32CubeIDE/plugins/com.st.stm32cube.ide.mcu.externaltools.gnu-tools-for-stm32.11.3.rel1.win32_1.1.100.202309141235/tools/bin/../lib/gcc/arm-none-eabi/11.3.1/thumb/v6-m/nofp/crti.o
 .ARM.attributes
                0x000000000000001e       0x2c C:/ST/STM32CubeIDE_1.14.0/STM32CubeIDE/plugins/com.st.stm32cube.ide.mcu.externaltools.gnu-tools-for-stm32.11.3.rel1.win32_1.1.100.202309141235/tools/bin/../lib/gcc/arm-none-eabi/11.3.1/thumb/v6-m/nofp/crtbegin.o
 .ARM.attributes
                0x000000000000004a       0x2c ./Core/Src/main.o
 .ARM.attributes
                0x0000000000000076       0x2c ./Core/Src/stm32l0xx_hal_msp.o
 .ARM.attributes
                0x00000000000000a2       0x2c ./Core/Src/stm32l0xx_it.o
 .ARM.attributes
                0x00000000000000ce       0x2c ./Core/Src/system_stm32l0xx.o
 .ARM.attributes
                0x00000000000000fa       0x22 ./Core/Startup/startup_stm32l052k8ux.o
 .ARM.attributes
                0x000000000000011c       0x2c ./Drivers/STM32L0xx_HAL_Driver/Src/stm32l0xx_hal.o
 .ARM.attributes
                0x0000000000000148       0x2c ./Drivers/STM32L0xx_HAL_Driver/Src/stm32l0xx_hal_cortex.o
 .ARM.attributes
                0x0000000000000174       0x2c ./Drivers/STM32L0xx_HAL_Driver/Src/stm32l0xx_hal_gpio.o
 .ARM.attributes
                0x00000000000001a0       0x2c ./Drivers/STM32L0xx_HAL_Driver/Src/stm32l0xx_hal_pcd.o
 .ARM.attributes
                0x00000000000001cc       0x2c ./Drivers/STM32L0xx_HAL_Driver/Src/stm32l0xx_hal_pcd_ex.o
 .ARM.attributes
                0x00000000000001f8       0x2c ./Drivers/STM32L0xx_HAL_Driver/Src/stm32l0xx_hal_rcc.o
 .ARM.attributes
                0x0000000000000224       0x2c ./Drivers/STM32L0xx_HAL_Driver/Src/stm32l0xx_hal_rcc_ex.o
 .ARM.attributes
                0x0000000000000250       0x2c ./Drivers/STM32L0xx_HAL_Driver/Src/stm32l0xx_ll_usb.o
 .ARM.attributes
                0x000000000000027c       0x2c ./Middlewares/ST/STM32_USB_Device_Library/Class/HID/Src/usbd_hid.o
 .ARM.attributes
                0x00000000000002a8       0x2c ./Middlewares/ST/STM32_USB_Device_Library/Core/Src/usbd_core.o
 .ARM.attributes
                0x00000000000002d4       0x2c ./Middlewares/ST/STM32_USB_Device_Library/Core/Src/usbd_ctlreq.o
 .ARM.attributes
                0x0000000000000300       0x2c ./Middlewares/ST/STM32_USB_Device_Library/Core/Src/usbd_ioreq.o
 .ARM.attributes
                0x000000000000032c       0x2c ./USB_DEVICE/App/usb_device.o
 .ARM.attributes
                0x0000000000000358       0x2c ./USB_DEVICE/App/usbd_desc.o
 .ARM.attributes
                0x0000000000000384       0x2c ./USB_DEVICE/Target/usbd_conf.o
 .ARM.attributes
                0x00000000000003b0       0x2c C:/ST/STM32CubeIDE_1.14.0/STM32CubeIDE/plugins/com.st.stm32cube.ide.mcu.externaltools.gnu-tools-for-stm32.11.3.rel1.win32_1.1.100.202309141235/tools/bin/../lib/gcc/arm-none-eabi/11.3.1/../../../../arm-none-eabi/lib/thumb/v6-m/nofp\libc_nano.a(libc_a-memset.o)
 .ARM.attributes
                0x00000000000003dc       0x2c C:/ST/STM32CubeIDE_1.14.0/STM32CubeIDE/plugins/com.st.stm32cube.ide.mcu.externaltools.gnu-tools-for-stm32.11.3.rel1.win32_1.1.100.202309141235/tools/bin/../lib/gcc/arm-none-eabi/11.3.1/../../../../arm-none-eabi/lib/thumb/v6-m/nofp\libc_nano.a(libc_a-init.o)
 .ARM.attributes
                0x0000000000000408       0x1e C:/ST/STM32CubeIDE_1.14.0/STM32CubeIDE/plugins/com.st.stm32cube.ide.mcu.externaltools.gnu-tools-for-stm32.11.3.rel1.win32_1.1.100.202309141235/tools/bin/../lib/gcc/arm-none-eabi/11.3.1/thumb/v6-m/nofp\libgcc.a(_udivsi3.o)
 .ARM.attributes
                0x0000000000000426       0x1e C:/ST/STM32CubeIDE_1.14.0/STM32CubeIDE/plugins/com.st.stm32cube.ide.mcu.externaltools.gnu-tools-for-stm32.11.3.rel1.win32_1.1.100.202309141235/tools/bin/../lib/gcc/arm-none-eabi/11.3.1/thumb/v6-m/nofp\libgcc.a(_dvmd_tls.o)
 .ARM.attributes
                0x0000000000000444       0x1e C:/ST/STM32CubeIDE_1.14.0/STM32CubeIDE/plugins/com.st.stm32cube.ide.mcu.externaltools.gnu-tools-for-stm32.11.3.rel1.win32_1.1.100.202309141235/tools/bin/../lib/gcc/arm-none-eabi/11.3.1/thumb/v6-m/nofp\libgcc.a(_aeabi_uldivmod.o)
 .ARM.attributes
                0x0000000000000462       0x2c C:/ST/STM32CubeIDE_1.14.0/STM32CubeIDE/plugins/com.st.stm32cube.ide.mcu.externaltools.gnu-tools-for-stm32.11.3.rel1.win32_1.1.100.202309141235/tools/bin/../lib/gcc/arm-none-eabi/11.3.1/thumb/v6-m/nofp\libgcc.a(_muldi3.o)
 .ARM.attributes
                0x000000000000048e       0x2c C:/ST/STM32CubeIDE_1.14.0/STM32CubeIDE/plugins/com.st.stm32cube.ide.mcu.externaltools.gnu-tools-for-stm32.11.3.rel1.win32_1.1.100.202309141235/tools/bin/../lib/gcc/arm-none-eabi/11.3.1/thumb/v6-m/nofp\libgcc.a(_udivmoddi4.o)
 .ARM.attributes
                0x00000000000004ba       0x1e C:/ST/STM32CubeIDE_1.14.0/STM32CubeIDE/plugins/com.st.stm32cube.ide.mcu.externaltools.gnu-tools-for-stm32.11.3.rel1.win32_1.1.100.202309141235/tools/bin/../lib/gcc/arm-none-eabi/11.3.1/thumb/v6-m/nofp\libgcc.a(_clzdi2.o)
 .ARM.attributes
                0x00000000000004d8       0x1e C:/ST/STM32CubeIDE_1.14.0/STM32CubeIDE/plugins/com.st.stm32cube.ide.mcu.externaltools.gnu-tools-for-stm32.11.3.rel1.win32_1.1.100.202309141235/tools/bin/../lib/gcc/arm-none-eabi/11.3.1/thumb/v6-m/nofp\libgcc.a(_clzsi2.o)
 .ARM.attributes
                0x00000000000004f6       0x1e C:/ST/STM32CubeIDE_1.14.0/STM32CubeIDE/plugins/com.st.stm32cube.ide.mcu.externaltools.gnu-tools-for-stm32.11.3.rel1.win32_1.1.100.202309141235/tools/bin/../lib/gcc/arm-none-eabi/11.3.1/thumb/v6-m/nofp/crtn.o
OUTPUT(bla.elf elf32-littlearm)
LOAD linker stubs
LOAD C:/ST/STM32CubeIDE_1.14.0/STM32CubeIDE/plugins/com.st.stm32cube.ide.mcu.externaltools.gnu-tools-for-stm32.11.3.rel1.win32_1.1.100.202309141235/tools/bin/../lib/gcc/arm-none-eabi/11.3.1/../../../../arm-none-eabi/lib/thumb/v6-m/nofp\libc.a
LOAD C:/ST/STM32CubeIDE_1.14.0/STM32CubeIDE/plugins/com.st.stm32cube.ide.mcu.externaltools.gnu-tools-for-stm32.11.3.rel1.win32_1.1.100.202309141235/tools/bin/../lib/gcc/arm-none-eabi/11.3.1/../../../../arm-none-eabi/lib/thumb/v6-m/nofp\libm.a
LOAD C:/ST/STM32CubeIDE_1.14.0/STM32CubeIDE/plugins/com.st.stm32cube.ide.mcu.externaltools.gnu-tools-for-stm32.11.3.rel1.win32_1.1.100.202309141235/tools/bin/../lib/gcc/arm-none-eabi/11.3.1/thumb/v6-m/nofp\libgcc.a

.comment        0x0000000000000000       0x43
 .comment       0x0000000000000000       0x43 C:/ST/STM32CubeIDE_1.14.0/STM32CubeIDE/plugins/com.st.stm32cube.ide.mcu.externaltools.gnu-tools-for-stm32.11.3.rel1.win32_1.1.100.202309141235/tools/bin/../lib/gcc/arm-none-eabi/11.3.1/thumb/v6-m/nofp/crtbegin.o
                                         0x44 (size before relaxing)
 .comment       0x0000000000000043       0x44 ./Core/Src/main.o
 .comment       0x0000000000000043       0x44 ./Core/Src/stm32l0xx_hal_msp.o
 .comment       0x0000000000000043       0x44 ./Core/Src/stm32l0xx_it.o
 .comment       0x0000000000000043       0x44 ./Core/Src/system_stm32l0xx.o
 .comment       0x0000000000000043       0x44 ./Drivers/STM32L0xx_HAL_Driver/Src/stm32l0xx_hal.o
 .comment       0x0000000000000043       0x44 ./Drivers/STM32L0xx_HAL_Driver/Src/stm32l0xx_hal_cortex.o
 .comment       0x0000000000000043       0x44 ./Drivers/STM32L0xx_HAL_Driver/Src/stm32l0xx_hal_gpio.o
 .comment       0x0000000000000043       0x44 ./Drivers/STM32L0xx_HAL_Driver/Src/stm32l0xx_hal_pcd.o
 .comment       0x0000000000000043       0x44 ./Drivers/STM32L0xx_HAL_Driver/Src/stm32l0xx_hal_pcd_ex.o
 .comment       0x0000000000000043       0x44 ./Drivers/STM32L0xx_HAL_Driver/Src/stm32l0xx_hal_rcc.o
 .comment       0x0000000000000043       0x44 ./Drivers/STM32L0xx_HAL_Driver/Src/stm32l0xx_hal_rcc_ex.o
 .comment       0x0000000000000043       0x44 ./Drivers/STM32L0xx_HAL_Driver/Src/stm32l0xx_ll_usb.o
 .comment       0x0000000000000043       0x44 ./Middlewares/ST/STM32_USB_Device_Library/Class/HID/Src/usbd_hid.o
 .comment       0x0000000000000043       0x44 ./Middlewares/ST/STM32_USB_Device_Library/Core/Src/usbd_core.o
 .comment       0x0000000000000043       0x44 ./Middlewares/ST/STM32_USB_Device_Library/Core/Src/usbd_ctlreq.o
 .comment       0x0000000000000043       0x44 ./Middlewares/ST/STM32_USB_Device_Library/Core/Src/usbd_ioreq.o
 .comment       0x0000000000000043       0x44 ./USB_DEVICE/App/usb_device.o
 .comment       0x0000000000000043       0x44 ./USB_DEVICE/App/usbd_desc.o
 .comment       0x0000000000000043       0x44 ./USB_DEVICE/Target/usbd_conf.o

.debug_info     0x0000000000000000     0xb964
 .debug_info    0x0000000000000000      0xe25 ./Core/Src/main.o
 .debug_info    0x0000000000000e25      0x1ba ./Core/Src/stm32l0xx_hal_msp.o
 .debug_info    0x0000000000000fdf      0x5f2 ./Core/Src/stm32l0xx_it.o
 .debug_info    0x00000000000015d1      0x2d0 ./Core/Src/system_stm32l0xx.o
 .debug_info    0x00000000000018a1       0x23 ./Core/Startup/startup_stm32l052k8ux.o
 .debug_info    0x00000000000018c4      0x85d ./Drivers/STM32L0xx_HAL_Driver/Src/stm32l0xx_hal.o
 .debug_info    0x0000000000002121      0x849 ./Drivers/STM32L0xx_HAL_Driver/Src/stm32l0xx_hal_cortex.o
 .debug_info    0x000000000000296a      0x624 ./Drivers/STM32L0xx_HAL_Driver/Src/stm32l0xx_hal_gpio.o
 .debug_info    0x0000000000002f8e     0x15db ./Drivers/STM32L0xx_HAL_Driver/Src/stm32l0xx_hal_pcd.o
 .debug_info    0x0000000000004569      0x80a ./Drivers/STM32L0xx_HAL_Driver/Src/stm32l0xx_hal_pcd_ex.o
 .debug_info    0x0000000000004d73      0x9e0 ./Drivers/STM32L0xx_HAL_Driver/Src/stm32l0xx_hal_rcc.o
 .debug_info    0x0000000000005753      0x7d8 ./Drivers/STM32L0xx_HAL_Driver/Src/stm32l0xx_hal_rcc_ex.o
 .debug_info    0x0000000000005f2b     0x15fa ./Drivers/STM32L0xx_HAL_Driver/Src/stm32l0xx_ll_usb.o
 .debug_info    0x0000000000007525      0x927 ./Middlewares/ST/STM32_USB_Device_Library/Class/HID/Src/usbd_hid.o
 .debug_info    0x0000000000007e4c      0xa52 ./Middlewares/ST/STM32_USB_Device_Library/Core/Src/usbd_core.o
 .debug_info    0x000000000000889e      0x91c ./Middlewares/ST/STM32_USB_Device_Library/Core/Src/usbd_ctlreq.o
 .debug_info    0x00000000000091ba      0x6a0 ./Middlewares/ST/STM32_USB_Device_Library/Core/Src/usbd_ioreq.o
 .debug_info    0x000000000000985a      0x53a ./USB_DEVICE/App/usb_device.o
 .debug_info    0x0000000000009d94      0x44a ./USB_DEVICE/App/usbd_desc.o
 .debug_info    0x000000000000a1de     0x1786 ./USB_DEVICE/Target/usbd_conf.o

.debug_abbrev   0x0000000000000000     0x2846
 .debug_abbrev  0x0000000000000000      0x2aa ./Core/Src/main.o
 .debug_abbrev  0x00000000000002aa       0x9f ./Core/Src/stm32l0xx_hal_msp.o
 .debug_abbrev  0x0000000000000349      0x192 ./Core/Src/stm32l0xx_it.o
 .debug_abbrev  0x00000000000004db      0x11c ./Core/Src/system_stm32l0xx.o
 .debug_abbrev  0x00000000000005f7       0x12 ./Core/Startup/startup_stm32l052k8ux.o
 .debug_abbrev  0x0000000000000609      0x2a0 ./Drivers/STM32L0xx_HAL_Driver/Src/stm32l0xx_hal.o
 .debug_abbrev  0x00000000000008a9      0x29b ./Drivers/STM32L0xx_HAL_Driver/Src/stm32l0xx_hal_cortex.o
 .debug_abbrev  0x0000000000000b44      0x1ca ./Drivers/STM32L0xx_HAL_Driver/Src/stm32l0xx_hal_gpio.o
 .debug_abbrev  0x0000000000000d0e      0x2b2 ./Drivers/STM32L0xx_HAL_Driver/Src/stm32l0xx_hal_pcd.o
 .debug_abbrev  0x0000000000000fc0      0x228 ./Drivers/STM32L0xx_HAL_Driver/Src/stm32l0xx_hal_pcd_ex.o
 .debug_abbrev  0x00000000000011e8      0x296 ./Drivers/STM32L0xx_HAL_Driver/Src/stm32l0xx_hal_rcc.o
 .debug_abbrev  0x000000000000147e      0x219 ./Drivers/STM32L0xx_HAL_Driver/Src/stm32l0xx_hal_rcc_ex.o
 .debug_abbrev  0x0000000000001697      0x23f ./Drivers/STM32L0xx_HAL_Driver/Src/stm32l0xx_ll_usb.o
 .debug_abbrev  0x00000000000018d6      0x26b ./Middlewares/ST/STM32_USB_Device_Library/Class/HID/Src/usbd_hid.o
 .debug_abbrev  0x0000000000001b41      0x24a ./Middlewares/ST/STM32_USB_Device_Library/Core/Src/usbd_core.o
 .debug_abbrev  0x0000000000001d8b      0x26b ./Middlewares/ST/STM32_USB_Device_Library/Core/Src/usbd_ctlreq.o
 .debug_abbrev  0x0000000000001ff6      0x192 ./Middlewares/ST/STM32_USB_Device_Library/Core/Src/usbd_ioreq.o
 .debug_abbrev  0x0000000000002188      0x188 ./USB_DEVICE/App/usb_device.o
 .debug_abbrev  0x0000000000002310      0x1ff ./USB_DEVICE/App/usbd_desc.o
 .debug_abbrev  0x000000000000250f      0x337 ./USB_DEVICE/Target/usbd_conf.o

.debug_aranges  0x0000000000000000      0xa38
 .debug_aranges
                0x0000000000000000       0x38 ./Core/Src/main.o
 .debug_aranges
                0x0000000000000038       0x20 ./Core/Src/stm32l0xx_hal_msp.o
 .debug_aranges
                0x0000000000000058       0x48 ./Core/Src/stm32l0xx_it.o
 .debug_aranges
                0x00000000000000a0       0x28 ./Core/Src/system_stm32l0xx.o
 .debug_aranges
                0x00000000000000c8       0x28 ./Core/Startup/startup_stm32l052k8ux.o
 .debug_aranges
                0x00000000000000f0      0x110 ./Drivers/STM32L0xx_HAL_Driver/Src/stm32l0xx_hal.o
 .debug_aranges
                0x0000000000000200       0xd8 ./Drivers/STM32L0xx_HAL_Driver/Src/stm32l0xx_hal_cortex.o
 .debug_aranges
                0x00000000000002d8       0x58 ./Drivers/STM32L0xx_HAL_Driver/Src/stm32l0xx_hal_gpio.o
 .debug_aranges
                0x0000000000000330      0x138 ./Drivers/STM32L0xx_HAL_Driver/Src/stm32l0xx_hal_pcd.o
 .debug_aranges
                0x0000000000000468       0x58 ./Drivers/STM32L0xx_HAL_Driver/Src/stm32l0xx_hal_pcd_ex.o
 .debug_aranges
                0x00000000000004c0       0x80 ./Drivers/STM32L0xx_HAL_Driver/Src/stm32l0xx_hal_rcc.o
 .debug_aranges
                0x0000000000000540       0xb0 ./Drivers/STM32L0xx_HAL_Driver/Src/stm32l0xx_hal_rcc_ex.o
 .debug_aranges
                0x00000000000005f0       0xb8 ./Drivers/STM32L0xx_HAL_Driver/Src/stm32l0xx_ll_usb.o
 .debug_aranges
                0x00000000000006a8       0x68 ./Middlewares/ST/STM32_USB_Device_Library/Class/HID/Src/usbd_hid.o
 .debug_aranges
                0x0000000000000710       0xb8 ./Middlewares/ST/STM32_USB_Device_Library/Core/Src/usbd_core.o
 .debug_aranges
                0x00000000000007c8       0x88 ./Middlewares/ST/STM32_USB_Device_Library/Core/Src/usbd_ctlreq.o
 .debug_aranges
                0x0000000000000850       0x50 ./Middlewares/ST/STM32_USB_Device_Library/Core/Src/usbd_ioreq.o
 .debug_aranges
                0x00000000000008a0       0x20 ./USB_DEVICE/App/usb_device.o
 .debug_aranges
                0x00000000000008c0       0x60 ./USB_DEVICE/App/usbd_desc.o
 .debug_aranges
                0x0000000000000920      0x118 ./USB_DEVICE/Target/usbd_conf.o

.debug_rnglists
                0x0000000000000000      0x77b
 .debug_rnglists
                0x0000000000000000       0x28 ./Core/Src/main.o
 .debug_rnglists
                0x0000000000000028       0x13 ./Core/Src/stm32l0xx_hal_msp.o
 .debug_rnglists
                0x000000000000003b       0x31 ./Core/Src/stm32l0xx_it.o
 .debug_rnglists
                0x000000000000006c       0x1a ./Core/Src/system_stm32l0xx.o
 .debug_rnglists
                0x0000000000000086       0x19 ./Core/Startup/startup_stm32l052k8ux.o
 .debug_rnglists
                0x000000000000009f       0xc7 ./Drivers/STM32L0xx_HAL_Driver/Src/stm32l0xx_hal.o
 .debug_rnglists
                0x0000000000000166       0x9f ./Drivers/STM32L0xx_HAL_Driver/Src/stm32l0xx_hal_cortex.o
 .debug_rnglists
                0x0000000000000205       0x3f ./Drivers/STM32L0xx_HAL_Driver/Src/stm32l0xx_hal_gpio.o
 .debug_rnglists
                0x0000000000000244       0xee ./Drivers/STM32L0xx_HAL_Driver/Src/stm32l0xx_hal_pcd.o
 .debug_rnglists
                0x0000000000000332       0x3f ./Drivers/STM32L0xx_HAL_Driver/Src/stm32l0xx_hal_pcd_ex.o
 .debug_rnglists
                0x0000000000000371       0x61 ./Drivers/STM32L0xx_HAL_Driver/Src/stm32l0xx_hal_rcc.o
 .debug_rnglists
                0x00000000000003d2       0x85 ./Drivers/STM32L0xx_HAL_Driver/Src/stm32l0xx_hal_rcc_ex.o
 .debug_rnglists
                0x0000000000000457       0x8d ./Drivers/STM32L0xx_HAL_Driver/Src/stm32l0xx_ll_usb.o
 .debug_rnglists
                0x00000000000004e4       0x4a ./Middlewares/ST/STM32_USB_Device_Library/Class/HID/Src/usbd_hid.o
 .debug_rnglists
                0x000000000000052e       0x89 ./Middlewares/ST/STM32_USB_Device_Library/Core/Src/usbd_core.o
 .debug_rnglists
                0x00000000000005b7       0x68 ./Middlewares/ST/STM32_USB_Device_Library/Core/Src/usbd_ctlreq.o
 .debug_rnglists
                0x000000000000061f       0x37 ./Middlewares/ST/STM32_USB_Device_Library/Core/Src/usbd_ioreq.o
 .debug_rnglists
                0x0000000000000656       0x13 ./USB_DEVICE/App/usb_device.o
 .debug_rnglists
                0x0000000000000669       0x44 ./USB_DEVICE/App/usbd_desc.o
 .debug_rnglists
                0x00000000000006ad       0xce ./USB_DEVICE/Target/usbd_conf.o

.debug_macro    0x0000000000000000    0x1553f
 .debug_macro   0x0000000000000000      0x81d ./Core/Src/main.o
 .debug_macro   0x000000000000081d      0xa7e ./Core/Src/main.o
 .debug_macro   0x000000000000129b      0x11f ./Core/Src/main.o
 .debug_macro   0x00000000000013ba       0x2e ./Core/Src/main.o
 .debug_macro   0x00000000000013e8       0x28 ./Core/Src/main.o
 .debug_macro   0x0000000000001410       0x22 ./Core/Src/main.o
 .debug_macro   0x0000000000001432       0x8e ./Core/Src/main.o
 .debug_macro   0x00000000000014c0       0x51 ./Core/Src/main.o
 .debug_macro   0x0000000000001511      0x103 ./Core/Src/main.o
 .debug_macro   0x0000000000001614       0x6a ./Core/Src/main.o
 .debug_macro   0x000000000000167e      0x1df ./Core/Src/main.o
 .debug_macro   0x000000000000185d       0x1c ./Core/Src/main.o
 .debug_macro   0x0000000000001879       0x22 ./Core/Src/main.o
 .debug_macro   0x000000000000189b       0xaf ./Core/Src/main.o
 .debug_macro   0x000000000000194a      0x4da ./Core/Src/main.o
 .debug_macro   0x0000000000001e24      0x11f ./Core/Src/main.o
 .debug_macro   0x0000000000001f43     0x99da ./Core/Src/main.o
 .debug_macro   0x000000000000b91d       0x66 ./Core/Src/main.o
 .debug_macro   0x000000000000b983     0x3590 ./Core/Src/main.o
 .debug_macro   0x000000000000ef13      0x174 ./Core/Src/main.o
 .debug_macro   0x000000000000f087       0x5c ./Core/Src/main.o
 .debug_macro   0x000000000000f0e3      0x8d6 ./Core/Src/main.o
 .debug_macro   0x000000000000f9b9      0x970 ./Core/Src/main.o
 .debug_macro   0x0000000000010329      0x190 ./Core/Src/main.o
 .debug_macro   0x00000000000104b9      0x13f ./Core/Src/main.o
 .debug_macro   0x00000000000105f8      0x176 ./Core/Src/main.o
 .debug_macro   0x000000000001076e       0x82 ./Core/Src/main.o
 .debug_macro   0x00000000000107f0      0x28e ./Core/Src/main.o
 .debug_macro   0x0000000000010a7e      0x1e9 ./Core/Src/main.o
 .debug_macro   0x0000000000010c67      0x128 ./Core/Src/main.o
 .debug_macro   0x0000000000010d8f      0x2ab ./Core/Src/main.o
 .debug_macro   0x000000000001103a      0x22c ./Core/Src/main.o
 .debug_macro   0x0000000000011266       0x5b ./Core/Src/main.o
 .debug_macro   0x00000000000112c1       0xa5 ./Core/Src/main.o
 .debug_macro   0x0000000000011366      0x180 ./Core/Src/main.o
 .debug_macro   0x00000000000114e6       0x16 ./Core/Src/main.o
 .debug_macro   0x00000000000114fc       0x73 ./Core/Src/main.o
 .debug_macro   0x000000000001156f      0x22d ./Core/Src/main.o
 .debug_macro   0x000000000001179c      0x146 ./Core/Src/main.o
 .debug_macro   0x00000000000118e2       0x61 ./Core/Src/main.o
 .debug_macro   0x0000000000011943       0x24 ./Core/Src/main.o
 .debug_macro   0x0000000000011967       0x43 ./Core/Src/main.o
 .debug_macro   0x00000000000119aa       0x34 ./Core/Src/main.o
 .debug_macro   0x00000000000119de       0x16 ./Core/Src/main.o
 .debug_macro   0x00000000000119f4       0x35 ./Core/Src/main.o
 .debug_macro   0x0000000000011a29      0x369 ./Core/Src/main.o
 .debug_macro   0x0000000000011d92       0x10 ./Core/Src/main.o
 .debug_macro   0x0000000000011da2       0x16 ./Core/Src/main.o
 .debug_macro   0x0000000000011db8       0x43 ./Core/Src/main.o
 .debug_macro   0x0000000000011dfb       0x34 ./Core/Src/main.o
 .debug_macro   0x0000000000011e2f       0x10 ./Core/Src/main.o
 .debug_macro   0x0000000000011e3f       0x58 ./Core/Src/main.o
 .debug_macro   0x0000000000011e97       0x8e ./Core/Src/main.o
 .debug_macro   0x0000000000011f25       0x1c ./Core/Src/main.o
 .debug_macro   0x0000000000011f41      0x177 ./Core/Src/main.o
 .debug_macro   0x00000000000120b8       0x16 ./Core/Src/main.o
 .debug_macro   0x00000000000120ce       0x16 ./Core/Src/main.o
 .debug_macro   0x00000000000120e4      0x147 ./Core/Src/main.o
 .debug_macro   0x000000000001222b       0x16 ./Core/Src/main.o
 .debug_macro   0x0000000000012241       0x16 ./Core/Src/main.o
 .debug_macro   0x0000000000012257       0x29 ./Core/Src/main.o
 .debug_macro   0x0000000000012280       0x16 ./Core/Src/main.o
 .debug_macro   0x0000000000012296       0x20 ./Core/Src/main.o
 .debug_macro   0x00000000000122b6       0x5f ./Core/Src/main.o
 .debug_macro   0x0000000000012315      0x1c8 ./Core/Src/main.o
 .debug_macro   0x00000000000124dd       0x5e ./Core/Src/main.o
 .debug_macro   0x000000000001253b       0x22 ./Core/Src/main.o
 .debug_macro   0x000000000001255d      0x1d4 ./Core/Src/stm32l0xx_hal_msp.o
 .debug_macro   0x0000000000012731      0x1de ./Core/Src/stm32l0xx_it.o
 .debug_macro   0x000000000001290f      0x1ca ./Core/Src/system_stm32l0xx.o
 .debug_macro   0x0000000000012ad9      0x1ee ./Drivers/STM32L0xx_HAL_Driver/Src/stm32l0xx_hal.o
 .debug_macro   0x0000000000012cc7      0x1ca ./Drivers/STM32L0xx_HAL_Driver/Src/stm32l0xx_hal_cortex.o
 .debug_macro   0x0000000000012e91      0x1d1 ./Drivers/STM32L0xx_HAL_Driver/Src/stm32l0xx_hal_gpio.o
 .debug_macro   0x0000000000013062      0x1d6 ./Drivers/STM32L0xx_HAL_Driver/Src/stm32l0xx_hal_pcd.o
 .debug_macro   0x0000000000013238      0x1ca ./Drivers/STM32L0xx_HAL_Driver/Src/stm32l0xx_hal_pcd_ex.o
 .debug_macro   0x0000000000013402      0x1ee ./Drivers/STM32L0xx_HAL_Driver/Src/stm32l0xx_hal_rcc.o
 .debug_macro   0x00000000000135f0      0x1ca ./Drivers/STM32L0xx_HAL_Driver/Src/stm32l0xx_hal_rcc_ex.o
 .debug_macro   0x00000000000137ba      0x1ca ./Drivers/STM32L0xx_HAL_Driver/Src/stm32l0xx_ll_usb.o
 .debug_macro   0x0000000000013984      0x363 ./Middlewares/ST/STM32_USB_Device_Library/Class/HID/Src/usbd_hid.o
 .debug_macro   0x0000000000013ce7       0x97 ./Middlewares/ST/STM32_USB_Device_Library/Class/HID/Src/usbd_hid.o
 .debug_macro   0x0000000000013d7e       0xfd ./Middlewares/ST/STM32_USB_Device_Library/Class/HID/Src/usbd_hid.o
 .debug_macro   0x0000000000013e7b       0x56 ./Middlewares/ST/STM32_USB_Device_Library/Class/HID/Src/usbd_hid.o
 .debug_macro   0x0000000000013ed1      0x34a ./Middlewares/ST/STM32_USB_Device_Library/Core/Src/usbd_core.o
 .debug_macro   0x000000000001421b      0x1ce ./Middlewares/ST/STM32_USB_Device_Library/Core/Src/usbd_core.o
 .debug_macro   0x00000000000143e9      0x354 ./Middlewares/ST/STM32_USB_Device_Library/Core/Src/usbd_ctlreq.o
 .debug_macro   0x000000000001473d      0x350 ./Middlewares/ST/STM32_USB_Device_Library/Core/Src/usbd_ioreq.o
 .debug_macro   0x0000000000014a8d      0x380 ./USB_DEVICE/App/usb_device.o
 .debug_macro   0x0000000000014e0d       0x22 ./USB_DEVICE/App/usb_device.o
 .debug_macro   0x0000000000014e2f      0x387 ./USB_DEVICE/App/usbd_desc.o
 .debug_macro   0x00000000000151b6       0x1c ./USB_DEVICE/App/usbd_desc.o
 .debug_macro   0x00000000000151d2      0x36d ./USB_DEVICE/Target/usbd_conf.o

.debug_line     0x0000000000000000     0xe706
 .debug_line    0x0000000000000000      0xc68 ./Core/Src/main.o
 .debug_line    0x0000000000000c68      0x768 ./Core/Src/stm32l0xx_hal_msp.o
 .debug_line    0x00000000000013d0      0x7e4 ./Core/Src/stm32l0xx_it.o
 .debug_line    0x0000000000001bb4      0x818 ./Core/Src/system_stm32l0xx.o
 .debug_line    0x00000000000023cc       0x7b ./Core/Startup/startup_stm32l052k8ux.o
 .debug_line    0x0000000000002447      0xabb ./Drivers/STM32L0xx_HAL_Driver/Src/stm32l0xx_hal.o
 .debug_line    0x0000000000002f02      0xb99 ./Drivers/STM32L0xx_HAL_Driver/Src/stm32l0xx_hal_cortex.o
 .debug_line    0x0000000000003a9b      0xb49 ./Drivers/STM32L0xx_HAL_Driver/Src/stm32l0xx_hal_gpio.o
 .debug_line    0x00000000000045e4     0x1382 ./Drivers/STM32L0xx_HAL_Driver/Src/stm32l0xx_hal_pcd.o
 .debug_line    0x0000000000005966      0x8d0 ./Drivers/STM32L0xx_HAL_Driver/Src/stm32l0xx_hal_pcd_ex.o
 .debug_line    0x0000000000006236      0xf35 ./Drivers/STM32L0xx_HAL_Driver/Src/stm32l0xx_hal_rcc.o
 .debug_line    0x000000000000716b      0xdbf ./Drivers/STM32L0xx_HAL_Driver/Src/stm32l0xx_hal_rcc_ex.o
 .debug_line    0x0000000000007f2a      0xfe4 ./Drivers/STM32L0xx_HAL_Driver/Src/stm32l0xx_ll_usb.o
 .debug_line    0x0000000000008f0e      0xc22 ./Middlewares/ST/STM32_USB_Device_Library/Class/HID/Src/usbd_hid.o
 .debug_line    0x0000000000009b30      0xde7 ./Middlewares/ST/STM32_USB_Device_Library/Core/Src/usbd_core.o
 .debug_line    0x000000000000a917     0x1021 ./Middlewares/ST/STM32_USB_Device_Library/Core/Src/usbd_ctlreq.o
 .debug_line    0x000000000000b938      0xa7d ./Middlewares/ST/STM32_USB_Device_Library/Core/Src/usbd_ioreq.o
 .debug_line    0x000000000000c3b5      0xa22 ./USB_DEVICE/App/usb_device.o
 .debug_line    0x000000000000cdd7      0xb06 ./USB_DEVICE/App/usbd_desc.o
 .debug_line    0x000000000000d8dd      0xe29 ./USB_DEVICE/Target/usbd_conf.o

.debug_str      0x0000000000000000    0x764e5
 .debug_str     0x0000000000000000    0x73edf ./Core/Src/main.o
                                      0x742ae (size before relaxing)
 .debug_str     0x0000000000073edf       0x2c ./Core/Src/stm32l0xx_hal_msp.o
                                      0x6eb08 (size before relaxing)
 .debug_str     0x0000000000073f0b      0x401 ./Core/Src/stm32l0xx_it.o
                                      0x6ee9c (size before relaxing)
 .debug_str     0x000000000007430c       0x99 ./Core/Src/system_stm32l0xx.o
                                      0x6eb7d (size before relaxing)
 .debug_str     0x00000000000743a5       0x34 ./Core/Startup/startup_stm32l052k8ux.o
                                         0x72 (size before relaxing)
 .debug_str     0x00000000000743d9      0x5ce ./Drivers/STM32L0xx_HAL_Driver/Src/stm32l0xx_hal.o
                                      0x6f26c (size before relaxing)
 .debug_str     0x00000000000749a7      0x296 ./Drivers/STM32L0xx_HAL_Driver/Src/stm32l0xx_hal_cortex.o
                                      0x6efd0 (size before relaxing)
 .debug_str     0x0000000000074c3d       0xfd ./Drivers/STM32L0xx_HAL_Driver/Src/stm32l0xx_hal_gpio.o
                                      0x6ed1d (size before relaxing)
 .debug_str     0x0000000000074d3a      0x557 ./Drivers/STM32L0xx_HAL_Driver/Src/stm32l0xx_hal_pcd.o
                                      0x6f3d5 (size before relaxing)
 .debug_str     0x0000000000075291      0x186 ./Drivers/STM32L0xx_HAL_Driver/Src/stm32l0xx_hal_pcd_ex.o
                                      0x6f031 (size before relaxing)
 .debug_str     0x0000000000075417      0x25e ./Drivers/STM32L0xx_HAL_Driver/Src/stm32l0xx_hal_rcc.o
                                      0x6f061 (size before relaxing)
 .debug_str     0x0000000000075675      0x359 ./Drivers/STM32L0xx_HAL_Driver/Src/stm32l0xx_hal_rcc_ex.o
                                      0x6f05b (size before relaxing)
 .debug_str     0x00000000000759ce       0xd3 ./Drivers/STM32L0xx_HAL_Driver/Src/stm32l0xx_ll_usb.o
                                      0x6ef12 (size before relaxing)
 .debug_str     0x0000000000075aa1      0x298 ./Middlewares/ST/STM32_USB_Device_Library/Class/HID/Src/usbd_hid.o
                                      0x734a4 (size before relaxing)
 .debug_str     0x0000000000075d39      0x29f ./Middlewares/ST/STM32_USB_Device_Library/Core/Src/usbd_core.o
                                      0x7333f (size before relaxing)
 .debug_str     0x0000000000075fd8      0x11b ./Middlewares/ST/STM32_USB_Device_Library/Core/Src/usbd_ctlreq.o
                                      0x73259 (size before relaxing)
 .debug_str     0x00000000000760f3       0x79 ./Middlewares/ST/STM32_USB_Device_Library/Core/Src/usbd_ioreq.o
                                      0x73186 (size before relaxing)
 .debug_str     0x000000000007616c       0xa2 ./USB_DEVICE/App/usb_device.o
                                      0x732fb (size before relaxing)
 .debug_str     0x000000000007620e      0x246 ./USB_DEVICE/App/usbd_desc.o
                                      0x730b0 (size before relaxing)
 .debug_str     0x0000000000076454       0x91 ./USB_DEVICE/Target/usbd_conf.o
                                      0x73d4d (size before relaxing)

.debug_frame    0x0000000000000000     0x22a4
 .debug_frame   0x0000000000000000       0x8c ./Core/Src/main.o
 .debug_frame   0x000000000000008c       0x2c ./Core/Src/stm32l0xx_hal_msp.o
 .debug_frame   0x00000000000000b8       0xb8 ./Core/Src/stm32l0xx_it.o
 .debug_frame   0x0000000000000170       0x4c ./Core/Src/system_stm32l0xx.o
 .debug_frame   0x00000000000001bc      0x394 ./Drivers/STM32L0xx_HAL_Driver/Src/stm32l0xx_hal.o
 .debug_frame   0x0000000000000550      0x2fc ./Drivers/STM32L0xx_HAL_Driver/Src/stm32l0xx_hal_cortex.o
 .debug_frame   0x000000000000084c      0x110 ./Drivers/STM32L0xx_HAL_Driver/Src/stm32l0xx_hal_gpio.o
 .debug_frame   0x000000000000095c      0x49c ./Drivers/STM32L0xx_HAL_Driver/Src/stm32l0xx_hal_pcd.o
 .debug_frame   0x0000000000000df8      0x110 ./Drivers/STM32L0xx_HAL_Driver/Src/stm32l0xx_hal_pcd_ex.o
 .debug_frame   0x0000000000000f08      0x1a8 ./Drivers/STM32L0xx_HAL_Driver/Src/stm32l0xx_hal_rcc.o
 .debug_frame   0x00000000000010b0      0x244 ./Drivers/STM32L0xx_HAL_Driver/Src/stm32l0xx_hal_rcc_ex.o
 .debug_frame   0x00000000000012f4      0x298 ./Drivers/STM32L0xx_HAL_Driver/Src/stm32l0xx_ll_usb.o
 .debug_frame   0x000000000000158c      0x150 ./Middlewares/ST/STM32_USB_Device_Library/Class/HID/Src/usbd_hid.o
 .debug_frame   0x00000000000016dc      0x290 ./Middlewares/ST/STM32_USB_Device_Library/Core/Src/usbd_core.o
 .debug_frame   0x000000000000196c      0x1d8 ./Middlewares/ST/STM32_USB_Device_Library/Core/Src/usbd_ctlreq.o
 .debug_frame   0x0000000000001b44       0xf0 ./Middlewares/ST/STM32_USB_Device_Library/Core/Src/usbd_ioreq.o
 .debug_frame   0x0000000000001c34       0x2c ./USB_DEVICE/App/usb_device.o
 .debug_frame   0x0000000000001c60      0x130 ./USB_DEVICE/App/usbd_desc.o
 .debug_frame   0x0000000000001d90      0x438 ./USB_DEVICE/Target/usbd_conf.o
 .debug_frame   0x00000000000021c8       0x20 C:/ST/STM32CubeIDE_1.14.0/STM32CubeIDE/plugins/com.st.stm32cube.ide.mcu.externaltools.gnu-tools-for-stm32.11.3.rel1.win32_1.1.100.202309141235/tools/bin/../lib/gcc/arm-none-eabi/11.3.1/../../../../arm-none-eabi/lib/thumb/v6-m/nofp\libc_nano.a(libc_a-memset.o)
 .debug_frame   0x00000000000021e8       0x2c C:/ST/STM32CubeIDE_1.14.0/STM32CubeIDE/plugins/com.st.stm32cube.ide.mcu.externaltools.gnu-tools-for-stm32.11.3.rel1.win32_1.1.100.202309141235/tools/bin/../lib/gcc/arm-none-eabi/11.3.1/../../../../arm-none-eabi/lib/thumb/v6-m/nofp\libc_nano.a(libc_a-init.o)
 .debug_frame   0x0000000000002214       0x20 C:/ST/STM32CubeIDE_1.14.0/STM32CubeIDE/plugins/com.st.stm32cube.ide.mcu.externaltools.gnu-tools-for-stm32.11.3.rel1.win32_1.1.100.202309141235/tools/bin/../lib/gcc/arm-none-eabi/11.3.1/thumb/v6-m/nofp\libgcc.a(_udivsi3.o)
 .debug_frame   0x0000000000002234       0x34 C:/ST/STM32CubeIDE_1.14.0/STM32CubeIDE/plugins/com.st.stm32cube.ide.mcu.externaltools.gnu-tools-for-stm32.11.3.rel1.win32_1.1.100.202309141235/tools/bin/../lib/gcc/arm-none-eabi/11.3.1/thumb/v6-m/nofp\libgcc.a(_muldi3.o)
 .debug_frame   0x0000000000002268       0x3c C:/ST/STM32CubeIDE_1.14.0/STM32CubeIDE/plugins/com.st.stm32cube.ide.mcu.externaltools.gnu-tools-for-stm32.11.3.rel1.win32_1.1.100.202309141235/tools/bin/../lib/gcc/arm-none-eabi/11.3.1/thumb/v6-m/nofp\libgcc.a(_udivmoddi4.o)

.debug_line_str
                0x0000000000000000       0x66
 .debug_line_str
                0x0000000000000000       0x66 ./Core/Startup/startup_stm32l052k8ux.o
                                         0x7e (size before relaxing)
